#
# There is insufficient memory for the Java Runtime Environment to continue.
# Native memory allocation (malloc) failed to allocate 1582416 bytes. Error detail: Chunk::new
# Possible reasons:
#   The system is out of physical RAM or swap space
#   This process is running with CompressedOops enabled, and the Java Heap may be blocking the growth of the native heap
# Possible solutions:
#   Reduce memory load on the system
#   Increase physical memory or swap space
#   Check if swap backing store is full
#   Decrease Java heap size (-Xmx/-Xms)
#   Decrease number of Java threads
#   Decrease Java thread stack sizes (-Xss)
#   Set larger code cache with -XX:ReservedCodeCacheSize=
#   JVM is running with Unscaled Compressed Oops mode in which the Java heap is
#     placed in the first 4GB address space. The Java Heap base address is the
#     maximum limit for the native heap growth. Please use -XX:HeapBaseMinAddress
#     to set the Java Heap base and to place the Java Heap above 4GB virtual address.
# This output file may be truncated or incomplete.
#
#  Out of Memory Error (arena.cpp:149), pid=103448, tid=18156
#
# JRE version: OpenJDK Runtime Environment (23.0.2+7) (build 23.0.2+7-58)
# Java VM: OpenJDK 64-Bit Server VM (23.0.2+7-58, mixed mode, sharing, tiered, compressed oops, compressed class ptrs, parallel gc, windows-amd64)
# No core dump will be written. Minidumps are not enabled by default on client versions of Windows
#

---------------  S U M M A R Y ------------

Command Line: --add-modules=ALL-SYSTEM --add-opens=java.base/java.util=ALL-UNNAMED --add-opens=java.base/java.lang=ALL-UNNAMED --add-opens=java.base/sun.nio.fs=ALL-UNNAMED -Declipse.application=org.eclipse.jdt.ls.core.id1 -Dosgi.bundles.defaultStartLevel=4 -Declipse.product=org.eclipse.jdt.ls.core.product -Djava.import.generatesMetadataFilesAtProjectRoot=false -DDetectVMInstallationsJob.disabled=true -Dfile.encoding=utf8 -XX:+UseParallelGC -XX:GCTimeRatio=4 -XX:AdaptiveSizePolicyWeight=90 -Dsun.zip.disableMemoryMapping=true -Xmx1G -Xms100m -Xlog:disable -javaagent:c:\Users\kball\.vscode\extensions\redhat.java-1.40.0\lombok\lombok-1.18.36.jar -XX:+HeapDumpOnOutOfMemoryError -XX:HeapDumpPath=c:\Users\kball\AppData\Roaming\Code\User\workspaceStorage\d37a82288577f051d7511b518b2a1c83\redhat.java -Daether.dependencyCollector.impl=bf c:\Users\kball\.vscode\extensions\redhat.java-1.40.0\server\plugins\org.eclipse.equinox.launcher_1.6.1000.v20250131-0606.jar -configuration c:\Users\kball\AppData\Roaming\Code\User\globalStorage\redhat.java\1.40.0\config_win -data c:\Users\kball\AppData\Roaming\Code\User\workspaceStorage\d37a82288577f051d7511b518b2a1c83\redhat.java\jdt_ws --pipe=\\.\pipe\lsp-1c1e36e113fac010642c0dbda3218b10-sock

Host: Snapdragon(R) X Plus - X1P42100 - Qualcomm(R) Oryon(TM) CPU, 8 cores, 15G,  Windows 11 , 64 bit Build 26100 (10.0.26100.3037)
Time: Tue Mar 11 09:28:36 2025 GMT Standard Time elapsed time: 264.726416 seconds (0d 0h 4m 24s)

---------------  T H R E A D  ---------------

Current thread (0x0000019ec11f5ea0):  JavaThread "C2 CompilerThread0" daemon [_thread_in_native, id=18156, stack(0x0000009995b00000,0x0000009995c00000) (1024K)]


Current CompileTask:
C2:264728 15726       4       org.eclipse.jdt.internal.compiler.parser.Parser::consumeRule (7755 bytes)

Stack: [0x0000009995b00000,0x0000009995c00000]
Native frames: (J=compiled Java code, j=interpreted, Vv=VM code, C=native code)
V  [jvm.dll+0x6e0b99]  (no source info available)
V  [jvm.dll+0x87e2b3]  (no source info available)
V  [jvm.dll+0x88073e]  (no source info available)
V  [jvm.dll+0x880e13]  (no source info available)
V  [jvm.dll+0x27b006]  (no source info available)
V  [jvm.dll+0xbc06f]  (no source info available)
V  [jvm.dll+0xbc2cb]  (no source info available)
V  [jvm.dll+0x3b3c22]  (no source info available)
V  [jvm.dll+0x38a55b]  (no source info available)
V  [jvm.dll+0x3899ca]  (no source info available)
V  [jvm.dll+0x244ba1]  (no source info available)
V  [jvm.dll+0x243eff]  (no source info available)
V  [jvm.dll+0x1c34b0]  (no source info available)
V  [jvm.dll+0x253df1]  (no source info available)
V  [jvm.dll+0x2520aa]  (no source info available)
V  [jvm.dll+0x3ee226]  (no source info available)
V  [jvm.dll+0x8254cb]  (no source info available)
V  [jvm.dll+0x6df345]  (no source info available)
C  [ucrtbase.dll+0x199bdc]  (no source info available)

Lock stack of current Java thread (top to bottom):


---------------  P R O C E S S  ---------------

Threads class SMR info:
_java_thread_list=0x0000019ed62288f0, length=61, elements={
0x0000019ee20e05b0, 0x0000019ec11ce8b0, 0x0000019ec11cf7d0, 0x0000019ec11d7fa0,
0x0000019ec11d8ec0, 0x0000019ec11e0c40, 0x0000019ec11e7950, 0x0000019ec11f5ea0,
0x0000019ec7108070, 0x0000019ec71a6ee0, 0x0000019ec74e7710, 0x0000019ec7d36270,
0x0000019ec71776e0, 0x0000019ec7216350, 0x0000019ec83f0490, 0x0000019ec7c05ef0,
0x0000019ec7431180, 0x0000019ec7c170e0, 0x0000019eca29f140, 0x0000019eca29d700,
0x0000019eca29f7d0, 0x0000019eca29dd90, 0x0000019eca29fe60, 0x0000019eca29e420,
0x0000019eca29eab0, 0x0000019eca2a04f0, 0x0000019eca29d070, 0x0000019eca2a18a0,
0x0000019eca2a3970, 0x0000019eca2a1f30, 0x0000019eca2a25c0, 0x0000019eca2a1210,
0x0000019eca2a4690, 0x0000019ecb0a04e0, 0x0000019ecb09d060, 0x0000019ecb09dd80,
0x0000019ecb0a0b70, 0x0000019ecb09d6f0, 0x0000019ecb09eaa0, 0x0000019ecb09e410,
0x0000019ecb0a4680, 0x0000019ecb0a32d0, 0x0000019ecb0a3960, 0x0000019ecb0a3ff0,
0x0000019ecb0a25b0, 0x0000019ecc9bb770, 0x0000019ecc9bcb20, 0x0000019ecc9c1350,
0x0000019ecc9bf910, 0x0000019ec8516fd0, 0x0000019ec85162b0, 0x0000019ec8514f00,
0x0000019ec8515c20, 0x0000019ed62b6e00, 0x0000019ed62b6770, 0x0000019ed62b7490,
0x0000019ed62b7b20, 0x0000019ed62b81b0, 0x0000019ed6474e50, 0x0000019ed6473aa0,
0x0000019ed6472060
}

Java Threads: ( => current thread )
  0x0000019ee20e05b0 JavaThread "main"                              [_thread_blocked, id=13776, stack(0x0000009995100000,0x0000009995200000) (1024K)]
  0x0000019ec11ce8b0 JavaThread "Reference Handler"          daemon [_thread_blocked, id=100944, stack(0x0000009995500000,0x0000009995600000) (1024K)]
  0x0000019ec11cf7d0 JavaThread "Finalizer"                  daemon [_thread_blocked, id=99744, stack(0x0000009995600000,0x0000009995700000) (1024K)]
  0x0000019ec11d7fa0 JavaThread "Signal Dispatcher"          daemon [_thread_blocked, id=16572, stack(0x0000009995700000,0x0000009995800000) (1024K)]
  0x0000019ec11d8ec0 JavaThread "Attach Listener"            daemon [_thread_blocked, id=83852, stack(0x0000009995800000,0x0000009995900000) (1024K)]
  0x0000019ec11e0c40 JavaThread "Service Thread"             daemon [_thread_blocked, id=100504, stack(0x0000009995900000,0x0000009995a00000) (1024K)]
  0x0000019ec11e7950 JavaThread "Monitor Deflation Thread"   daemon [_thread_blocked, id=23964, stack(0x0000009995a00000,0x0000009995b00000) (1024K)]
=>0x0000019ec11f5ea0 JavaThread "C2 CompilerThread0"         daemon [_thread_in_native, id=18156, stack(0x0000009995b00000,0x0000009995c00000) (1024K)]
  0x0000019ec7108070 JavaThread "C1 CompilerThread0"         daemon [_thread_blocked, id=41608, stack(0x0000009995c00000,0x0000009995d00000) (1024K)]
  0x0000019ec71a6ee0 JavaThread "Common-Cleaner"             daemon [_thread_blocked, id=68456, stack(0x0000009995d00000,0x0000009995e00000) (1024K)]
  0x0000019ec74e7710 JavaThread "Notification Thread"        daemon [_thread_blocked, id=90672, stack(0x0000009995f00000,0x0000009996000000) (1024K)]
  0x0000019ec7d36270 JavaThread "Active Thread: Equinox Container: 08ab6c96-1ab2-43c0-a1bd-beae713a5505"        [_thread_blocked, id=54520, stack(0x0000009996700000,0x0000009996800000) (1024K)]
  0x0000019ec71776e0 JavaThread "Framework Event Dispatcher: Equinox Container: 08ab6c96-1ab2-43c0-a1bd-beae713a5505" daemon [_thread_blocked, id=95916, stack(0x0000009995e00000,0x0000009995f00000) (1024K)]
  0x0000019ec7216350 JavaThread "Start Level: Equinox Container: 08ab6c96-1ab2-43c0-a1bd-beae713a5505" daemon [_thread_blocked, id=97948, stack(0x0000009996800000,0x0000009996900000) (1024K)]
  0x0000019ec83f0490 JavaThread "Bundle File Closer"         daemon [_thread_blocked, id=42128, stack(0x0000009996900000,0x0000009996a00000) (1024K)]
  0x0000019ec7c05ef0 JavaThread "SCR Component Actor"        daemon [_thread_blocked, id=9204, stack(0x0000009996a00000,0x0000009996b00000) (1024K)]
  0x0000019ec7431180 JavaThread "Worker-JM"                         [_thread_blocked, id=76588, stack(0x0000009996c00000,0x0000009996d00000) (1024K)]
  0x0000019ec7c170e0 JavaThread "JNA Cleaner"                daemon [_thread_blocked, id=42908, stack(0x0000009996d00000,0x0000009996e00000) (1024K)]
  0x0000019eca29f140 JavaThread "Java indexing"              daemon [_thread_blocked, id=21544, stack(0x0000009997300000,0x0000009997400000) (1024K)]
  0x0000019eca29d700 JavaThread "Worker-4"                          [_thread_blocked, id=98208, stack(0x0000009997700000,0x0000009997800000) (1024K)]
  0x0000019eca29f7d0 JavaThread "Worker-5"                          [_thread_blocked, id=1580, stack(0x0000009997800000,0x0000009997900000) (1024K)]
  0x0000019eca29dd90 JavaThread "Thread-2"                   daemon [_thread_in_native, id=89128, stack(0x0000009997900000,0x0000009997a00000) (1024K)]
  0x0000019eca29fe60 JavaThread "Thread-3"                   daemon [_thread_in_native, id=27812, stack(0x0000009997a00000,0x0000009997b00000) (1024K)]
  0x0000019eca29e420 JavaThread "Thread-4"                   daemon [_thread_in_native, id=88048, stack(0x0000009997b00000,0x0000009997c00000) (1024K)]
  0x0000019eca29eab0 JavaThread "Thread-5"                   daemon [_thread_in_native, id=103316, stack(0x0000009997c00000,0x0000009997d00000) (1024K)]
  0x0000019eca2a04f0 JavaThread "Thread-6"                   daemon [_thread_in_native, id=63500, stack(0x0000009997d00000,0x0000009997e00000) (1024K)]
  0x0000019eca29d070 JavaThread "Thread-7"                   daemon [_thread_in_native, id=85468, stack(0x0000009997e00000,0x0000009997f00000) (1024K)]
  0x0000019eca2a18a0 JavaThread "Thread-8"                   daemon [_thread_in_native, id=102892, stack(0x0000009997f00000,0x0000009998000000) (1024K)]
  0x0000019eca2a3970 JavaThread "Thread-9"                   daemon [_thread_in_native, id=34844, stack(0x0000009998000000,0x0000009998100000) (1024K)]
  0x0000019eca2a1f30 JavaThread "Thread-10"                  daemon [_thread_in_native, id=85428, stack(0x0000009998100000,0x0000009998200000) (1024K)]
  0x0000019eca2a25c0 JavaThread "pool-2-thread-1"                   [_thread_blocked, id=99540, stack(0x0000009998200000,0x0000009998300000) (1024K)]
  0x0000019eca2a1210 JavaThread "WorkspaceEventsHandler"            [_thread_blocked, id=75364, stack(0x0000009998300000,0x0000009998400000) (1024K)]
  0x0000019eca2a4690 JavaThread "pool-1-thread-1"                   [_thread_blocked, id=97688, stack(0x0000009998400000,0x0000009998500000) (1024K)]
  0x0000019ecb0a04e0 JavaThread "Compiler Source File Reader" daemon [_thread_blocked, id=43768, stack(0x0000009998600000,0x0000009998700000) (1024K)]
  0x0000019ecb09d060 JavaThread "Compiler Source File Reader" daemon [_thread_blocked, id=84824, stack(0x0000009998700000,0x0000009998800000) (1024K)]
  0x0000019ecb09dd80 JavaThread "Compiler Source File Reader" daemon [_thread_blocked, id=69196, stack(0x0000009998800000,0x0000009998900000) (1024K)]
  0x0000019ecb0a0b70 JavaThread "Compiler Source File Reader" daemon [_thread_blocked, id=101104, stack(0x0000009998900000,0x0000009998a00000) (1024K)]
  0x0000019ecb09d6f0 JavaThread "Compiler Source File Reader" daemon [_thread_blocked, id=63136, stack(0x0000009998a00000,0x0000009998b00000) (1024K)]
  0x0000019ecb09eaa0 JavaThread "Compiler Source File Reader" daemon [_thread_blocked, id=26264, stack(0x0000009998b00000,0x0000009998c00000) (1024K)]
  0x0000019ecb09e410 JavaThread "Compiler Class File Writer" daemon [_thread_blocked, id=100564, stack(0x0000009998d00000,0x0000009998e00000) (1024K)]
  0x0000019ecb0a4680 JavaThread "Compiler Class File Writer" daemon [_thread_blocked, id=98648, stack(0x0000009997400000,0x0000009997500000) (1024K)]
  0x0000019ecb0a32d0 JavaThread "Compiler Class File Writer" daemon [_thread_blocked, id=45396, stack(0x0000009998e00000,0x0000009998f00000) (1024K)]
  0x0000019ecb0a3960 JavaThread "Compiler Class File Writer" daemon [_thread_blocked, id=90808, stack(0x0000009998f00000,0x0000009999000000) (1024K)]
  0x0000019ecb0a3ff0 JavaThread "Compiler Class File Writer" daemon [_thread_blocked, id=93504, stack(0x0000009999000000,0x0000009999100000) (1024K)]
  0x0000019ecb0a25b0 JavaThread "Compiler Class File Writer" daemon [_thread_blocked, id=91960, stack(0x0000009999100000,0x0000009999200000) (1024K)]
  0x0000019ecc9bb770 JavaThread "ForkJoinPool.commonPool-worker-1" daemon [_thread_blocked, id=73452, stack(0x0000009999200000,0x0000009999300000) (1024K)]
  0x0000019ecc9bcb20 JavaThread "ForkJoinPool.commonPool-worker-2" daemon [_thread_blocked, id=63632, stack(0x0000009999300000,0x0000009999400000) (1024K)]
  0x0000019ecc9c1350 JavaThread "ForkJoinPool.commonPool-worker-3" daemon [_thread_blocked, id=6716, stack(0x0000009999400000,0x0000009999500000) (1024K)]
  0x0000019ecc9bf910 JavaThread "ForkJoinPool.commonPool-worker-4" daemon [_thread_blocked, id=101516, stack(0x0000009999500000,0x0000009999600000) (1024K)]
  0x0000019ec8516fd0 JavaThread "ForkJoinPool.commonPool-worker-6" daemon [_thread_blocked, id=85860, stack(0x0000009999600000,0x0000009999700000) (1024K)]
  0x0000019ec85162b0 JavaThread "ForkJoinPool.commonPool-worker-5" daemon [_thread_blocked, id=26824, stack(0x0000009999700000,0x0000009999800000) (1024K)]
  0x0000019ec8514f00 JavaThread "ForkJoinPool.commonPool-worker-7" daemon [_thread_blocked, id=103116, stack(0x0000009999800000,0x0000009999900000) (1024K)]
  0x0000019ec8515c20 JavaThread "Cleaner-0"                  daemon [_thread_blocked, id=68152, stack(0x0000009999900000,0x0000009999a00000) (1024K)]
  0x0000019ed62b6e00 JavaThread "Java Debug Server"          daemon [_thread_in_native, id=93852, stack(0x0000009994f00000,0x0000009995000000) (1024K)]
  0x0000019ed62b6770 JavaThread "pool-3-thread-1"                   [_thread_in_native, id=82648, stack(0x0000009995000000,0x0000009995100000) (1024K)]
  0x0000019ed62b7490 JavaThread "RxSchedulerPurge-1"         daemon [_thread_blocked, id=42572, stack(0x0000009996b00000,0x0000009996c00000) (1024K)]
  0x0000019ed62b7b20 JavaThread "RxCachedWorkerPoolEvictor-1" daemon [_thread_blocked, id=8540, stack(0x0000009997000000,0x0000009997100000) (1024K)]
  0x0000019ed62b81b0 JavaThread "RxNewThreadScheduler-1"     daemon [_thread_blocked, id=38256, stack(0x0000009997500000,0x0000009997600000) (1024K)]
  0x0000019ed6474e50 JavaThread "process reaper (pid 59968)" daemon [_thread_in_native, id=101968, stack(0x0000009994940000,0x0000009994960000) (128K)]
  0x0000019ed6473aa0 JavaThread "pool-3-thread-2"                   [_thread_blocked, id=85352, stack(0x0000009997600000,0x0000009997700000) (1024K)]
  0x0000019ed6472060 JavaThread "process reaper"             daemon [_thread_blocked, id=102484, stack(0x0000009994960000,0x0000009994980000) (128K)]
Total: 61

Other Threads:
  0x0000019ee2182000 VMThread "VM Thread"                           [id=75432, stack(0x0000009995400000,0x0000009995500000) (1024K)]
  0x0000019ec10dbb00 WatcherThread "VM Periodic Task Thread"        [id=65728, stack(0x0000009995300000,0x0000009995400000) (1024K)]
  0x0000019ee20fdc70 WorkerThread "GC Thread#0"                     [id=87964, stack(0x0000009995200000,0x0000009995300000) (1024K)]
  0x0000019ec79d9c50 WorkerThread "GC Thread#1"                     [id=86028, stack(0x0000009996000000,0x0000009996100000) (1024K)]
  0x0000019ec7a27a50 WorkerThread "GC Thread#2"                     [id=73048, stack(0x0000009996100000,0x0000009996200000) (1024K)]
  0x0000019ec7a27e00 WorkerThread "GC Thread#3"                     [id=11216, stack(0x0000009996200000,0x0000009996300000) (1024K)]
  0x0000019ec7c99070 WorkerThread "GC Thread#4"                     [id=81576, stack(0x0000009996300000,0x0000009996400000) (1024K)]
  0x0000019ec7c99420 WorkerThread "GC Thread#5"                     [id=63812, stack(0x0000009996400000,0x0000009996500000) (1024K)]
  0x0000019ec7c6fe70 WorkerThread "GC Thread#6"                     [id=30872, stack(0x0000009996500000,0x0000009996600000) (1024K)]
  0x0000019ec7213b90 WorkerThread "GC Thread#7"                     [id=86500, stack(0x0000009996600000,0x0000009996700000) (1024K)]
Total: 10

Threads with active compile tasks:
C2 CompilerThread0  264810 15726       4       org.eclipse.jdt.internal.compiler.parser.Parser::consumeRule (7755 bytes)
Total: 1

VM state: not at safepoint (normal execution)

VM Mutex/Monitor currently owned by a thread: None

Heap address: 0x00000000c0000000, size: 1024 MB, Compressed Oops mode: 32-bit

CDS archive(s) mapped at: [0x0000019e80000000-0x0000019e80d70000-0x0000019e80d70000), size 14090240, SharedBaseAddress: 0x0000019e80000000, ArchiveRelocationMode: 1.
Compressed class space mapped at: 0x0000019e81000000-0x0000019ec1000000, reserved size: 1073741824
Narrow klass base: 0x0000019e80000000, Narrow klass shift: 0, Narrow klass range: 0x41000000

GC Precious Log:
 CardTable entry size: 512
 CPUs: 8 total, 8 available
 Memory: 15973M
 Large Page Support: Disabled
 NUMA Support: Disabled
 Compressed Oops: Enabled (32-bit)
 Alignments: Space 512K, Generation 512K, Heap 2M
 Heap Min Capacity: 100M
 Heap Initial Capacity: 100M
 Heap Max Capacity: 1G
 Pre-touch: Disabled
 Parallel Workers: 8

Heap:
 PSYoungGen      total 30208K, used 19964K [0x00000000eab00000, 0x00000000ecd80000, 0x0000000100000000)
  eden space 28160K, 63% used [0x00000000eab00000,0x00000000ebc87168,0x00000000ec680000)
  from space 2048K, 98% used [0x00000000eca00000,0x00000000ecbf8020,0x00000000ecc00000)
  to   space 3584K, 0% used [0x00000000ec680000,0x00000000ec680000,0x00000000eca00000)
 ParOldGen       total 500736K, used 500275K [0x00000000c0000000, 0x00000000de900000, 0x00000000eab00000)
  object space 500736K, 99% used [0x00000000c0000000,0x00000000de88cd30,0x00000000de900000)
 Metaspace       used 80489K, committed 82048K, reserved 1179648K
  class space    used 8729K, committed 9408K, reserved 1048576K

Card table byte_map: [0x0000019ee1c20000,0x0000019ee1e20000] _byte_map_base: 0x0000019ee1620000

Marking Bits: (ParMarkBitMap*) 0x00007fff1ee896e0
 Begin Bits: [0x0000019ef9800000, 0x0000019efa800000)

Polling page: 0x0000019ee1630000

Metaspace:

Usage:
  Non-class:     70.08 MB used.
      Class:      8.53 MB used.
       Both:     78.60 MB used.

Virtual space:
  Non-class space:      128.00 MB reserved,      70.94 MB ( 55%) committed,  2 nodes.
      Class space:        1.00 GB reserved,       9.19 MB ( <1%) committed,  1 nodes.
             Both:        1.12 GB reserved,      80.12 MB (  7%) committed. 

Chunk freelists:
   Non-Class:  9.09 MB
       Class:  6.76 MB
        Both:  15.85 MB

MaxMetaspaceSize: unlimited
CompressedClassSpaceSize: 1.00 GB
Initial GC threshold: 21.00 MB
Current GC threshold: 97.31 MB
CDS: on
 - commit_granule_bytes: 65536.
 - commit_granule_words: 8192.
 - virtual_space_node_default_size: 8388608.
 - enlarge_chunks_in_place: 1.
 - use_allocation_guard: 0.


Internal statistics:

num_allocs_failed_limit: 9.
num_arena_births: 1404.
num_arena_deaths: 20.
num_vsnodes_births: 3.
num_vsnodes_deaths: 0.
num_space_committed: 1282.
num_space_uncommitted: 0.
num_chunks_returned_to_freelist: 32.
num_chunks_taken_from_freelist: 5007.
num_chunk_merges: 10.
num_chunk_splits: 3110.
num_chunks_enlarged: 1795.
num_inconsistent_stats: 0.

CodeHeap 'non-profiled nmethods': size=120064Kb used=10003Kb max_used=10003Kb free=110060Kb
 bounds [0x0000019ef22c0000, 0x0000019ef2c90000, 0x0000019ef9800000]
CodeHeap 'profiled nmethods': size=120000Kb used=28714Kb max_used=28714Kb free=91285Kb
 bounds [0x0000019eea800000, 0x0000019eec410000, 0x0000019ef1d30000]
CodeHeap 'non-nmethods': size=5696Kb used=1529Kb max_used=1594Kb free=4166Kb
 bounds [0x0000019ef1d30000, 0x0000019ef1fa0000, 0x0000019ef22c0000]
CodeCache: size=245760Kb, used=40246Kb, max_used=40311Kb, free=205511Kb
 total_blobs=15724, nmethods=14860, adapters=766, full_count=0
Compilation: enabled, stopped_count=0, restarted_count=0

Compilation events (20 events):
Event: 248.841 Thread 0x0000019ec7108070 15720       3       sun.nio.ch.NioSocketImpl::configureNonBlockingIfNeeded (65 bytes)
Event: 248.843 Thread 0x0000019ec7108070 nmethod 15720 0x0000019eec401408 code [0x0000019eec401540, 0x0000019eec401880]
Event: 249.012 Thread 0x0000019ec11f5ea0 15721       4       java.io.PrintWriter::write (11 bytes)
Event: 249.012 Thread 0x0000019ec7108070 15722       3       sun.nio.cs.StreamEncoder::ensureOpen (18 bytes)
Event: 249.013 Thread 0x0000019ec7108070 nmethod 15722 0x0000019eec401908 code [0x0000019eec401a40, 0x0000019eec401c48]
Event: 249.025 Thread 0x0000019ec11f5ea0 nmethod 15721 0x0000019ef2c80888 code [0x0000019ef2c80a20, 0x0000019ef2c80fb8]
Event: 251.085 Thread 0x0000019ec7108070 15723       3       java.util.Formatter::parse (201 bytes)
Event: 251.090 Thread 0x0000019ec7108070 nmethod 15723 0x0000019eec401c88 code [0x0000019eec401fe0, 0x0000019eec403c88]
Event: 263.476 Thread 0x0000019ec7108070 15724       3       org.eclipse.core.internal.jobs.JobManager::validateRule (133 bytes)
Event: 263.481 Thread 0x0000019ec7108070 nmethod 15724 0x0000019eec403d88 code [0x0000019eec404020, 0x0000019eec405368]
Event: 263.486 Thread 0x0000019ec11f5ea0 15725       4       org.eclipse.jdt.internal.compiler.parser.Parser::getTypeReference (551 bytes)
Event: 263.523 Thread 0x0000019ec11f5ea0 nmethod 15725 0x0000019ef2c81088 code [0x0000019ef2c81240, 0x0000019ef2c81b18]
Event: 263.523 Thread 0x0000019ec11f5ea0 15727   !   4       org.eclipse.jdt.internal.compiler.parser.Parser::parse (915 bytes)
Event: 263.538 Thread 0x0000019ec7108070 15728       1       org.eclipse.lsp4j.CodeActionContext::getDiagnostics (5 bytes)
Event: 263.539 Thread 0x0000019ec7108070 nmethod 15728 0x0000019ef2c81c08 code [0x0000019ef2c81d20, 0x0000019ef2c81de8]
Event: 263.546 Thread 0x0000019ec7108070 15729       3       org.eclipse.jdt.core.dom.ASTVisitor::endVisit (1 bytes)
Event: 263.547 Thread 0x0000019ec7108070 nmethod 15729 0x0000019eec405408 code [0x0000019eec405520, 0x0000019eec405628]
Event: 263.624 Thread 0x0000019ec11f5ea0 nmethod 15727 0x0000019ef2c81f08 code [0x0000019ef2c82300, 0x0000019ef2c84888]
Event: 263.625 Thread 0x0000019ec11f5ea0 15726       4       org.eclipse.jdt.internal.compiler.parser.Parser::consumeRule (7755 bytes)
Event: 264.566 Thread 0x0000019ec7108070 15730       3       org.eclipse.jdt.internal.compiler.lookup.CompilationUnitScope::checkAndRecordImportBinding (708 bytes)

GC Heap History (20 events):
Event: 120.105 GC heap before
{Heap before GC invocations=112 (full 3):
 PSYoungGen      total 32768K, used 32672K [0x00000000eab00000, 0x00000000ecc00000, 0x0000000100000000)
  eden space 31744K, 100% used [0x00000000eab00000,0x00000000eca00000,0x00000000eca00000)
  from space 1024K, 90% used [0x00000000ecb00000,0x00000000ecbe8000,0x00000000ecc00000)
  to   space 1024K, 0% used [0x00000000eca00000,0x00000000eca00000,0x00000000ecb00000)
 ParOldGen       total 479744K, used 479548K [0x00000000c0000000, 0x00000000dd480000, 0x00000000eab00000)
  object space 479744K, 99% used [0x00000000c0000000,0x00000000dd44f1d0,0x00000000dd480000)
 Metaspace       used 75847K, committed 77376K, reserved 1179648K
  class space    used 8126K, committed 8832K, reserved 1048576K
}
Event: 120.108 GC heap after
{Heap after GC invocations=112 (full 3):
 PSYoungGen      total 32256K, used 1024K [0x00000000eab00000, 0x00000000ecc80000, 0x0000000100000000)
  eden space 31232K, 0% used [0x00000000eab00000,0x00000000eab00000,0x00000000ec980000)
  from space 1024K, 100% used [0x00000000eca00000,0x00000000ecb00000,0x00000000ecb00000)
  to   space 1536K, 0% used [0x00000000ecb00000,0x00000000ecb00000,0x00000000ecc80000)
 ParOldGen       total 480256K, used 479963K [0x00000000c0000000, 0x00000000dd500000, 0x00000000eab00000)
  object space 480256K, 99% used [0x00000000c0000000,0x00000000dd4b6c20,0x00000000dd500000)
 Metaspace       used 75847K, committed 77376K, reserved 1179648K
  class space    used 8126K, committed 8832K, reserved 1048576K
}
Event: 134.421 GC heap before
{Heap before GC invocations=113 (full 3):
 PSYoungGen      total 32256K, used 32256K [0x00000000eab00000, 0x00000000ecc80000, 0x0000000100000000)
  eden space 31232K, 100% used [0x00000000eab00000,0x00000000ec980000,0x00000000ec980000)
  from space 1024K, 100% used [0x00000000eca00000,0x00000000ecb00000,0x00000000ecb00000)
  to   space 1536K, 0% used [0x00000000ecb00000,0x00000000ecb00000,0x00000000ecc80000)
 ParOldGen       total 480256K, used 479963K [0x00000000c0000000, 0x00000000dd500000, 0x00000000eab00000)
  object space 480256K, 99% used [0x00000000c0000000,0x00000000dd4b6c20,0x00000000dd500000)
 Metaspace       used 75948K, committed 77440K, reserved 1179648K
  class space    used 8129K, committed 8832K, reserved 1048576K
}
Event: 134.431 GC heap after
{Heap after GC invocations=113 (full 3):
 PSYoungGen      total 22016K, used 1527K [0x00000000eab00000, 0x00000000ee100000, 0x0000000100000000)
  eden space 20480K, 0% used [0x00000000eab00000,0x00000000eab00000,0x00000000ebf00000)
  from space 1536K, 99% used [0x00000000ecb00000,0x00000000ecc7dd90,0x00000000ecc80000)
  to   space 12288K, 0% used [0x00000000ebf00000,0x00000000ebf00000,0x00000000ecb00000)
 ParOldGen       total 488960K, used 488848K [0x00000000c0000000, 0x00000000ddd80000, 0x00000000eab00000)
  object space 488960K, 99% used [0x00000000c0000000,0x00000000ddd64338,0x00000000ddd80000)
 Metaspace       used 75948K, committed 77440K, reserved 1179648K
  class space    used 8129K, committed 8832K, reserved 1048576K
}
Event: 140.556 GC heap before
{Heap before GC invocations=114 (full 3):
 PSYoungGen      total 22016K, used 22007K [0x00000000eab00000, 0x00000000ee100000, 0x0000000100000000)
  eden space 20480K, 100% used [0x00000000eab00000,0x00000000ebf00000,0x00000000ebf00000)
  from space 1536K, 99% used [0x00000000ecb00000,0x00000000ecc7dd90,0x00000000ecc80000)
  to   space 12288K, 0% used [0x00000000ebf00000,0x00000000ebf00000,0x00000000ecb00000)
 ParOldGen       total 488960K, used 488848K [0x00000000c0000000, 0x00000000ddd80000, 0x00000000eab00000)
  object space 488960K, 99% used [0x00000000c0000000,0x00000000ddd64338,0x00000000ddd80000)
 Metaspace       used 76072K, committed 77632K, reserved 1179648K
  class space    used 8138K, committed 8832K, reserved 1048576K
}
Event: 140.567 GC heap after
{Heap after GC invocations=114 (full 3):
 PSYoungGen      total 25600K, used 4617K [0x00000000eab00000, 0x00000000ecd00000, 0x0000000100000000)
  eden space 20480K, 0% used [0x00000000eab00000,0x00000000eab00000,0x00000000ebf00000)
  from space 5120K, 90% used [0x00000000ebf00000,0x00000000ec382690,0x00000000ec400000)
  to   space 7168K, 0% used [0x00000000ec600000,0x00000000ec600000,0x00000000ecd00000)
 ParOldGen       total 489984K, used 489661K [0x00000000c0000000, 0x00000000dde80000, 0x00000000eab00000)
  object space 489984K, 99% used [0x00000000c0000000,0x00000000dde2f7d8,0x00000000dde80000)
 Metaspace       used 76072K, committed 77632K, reserved 1179648K
  class space    used 8138K, committed 8832K, reserved 1048576K
}
Event: 143.525 GC heap before
{Heap before GC invocations=115 (full 3):
 PSYoungGen      total 25600K, used 25097K [0x00000000eab00000, 0x00000000ecd00000, 0x0000000100000000)
  eden space 20480K, 100% used [0x00000000eab00000,0x00000000ebf00000,0x00000000ebf00000)
  from space 5120K, 90% used [0x00000000ebf00000,0x00000000ec382690,0x00000000ec400000)
  to   space 7168K, 0% used [0x00000000ec600000,0x00000000ec600000,0x00000000ecd00000)
 ParOldGen       total 489984K, used 489661K [0x00000000c0000000, 0x00000000dde80000, 0x00000000eab00000)
  object space 489984K, 99% used [0x00000000c0000000,0x00000000dde2f7d8,0x00000000dde80000)
 Metaspace       used 76228K, committed 77760K, reserved 1179648K
  class space    used 8157K, committed 8832K, reserved 1048576K
}
Event: 143.529 GC heap after
{Heap after GC invocations=115 (full 3):
 PSYoungGen      total 31232K, used 688K [0x00000000eab00000, 0x00000000ecc00000, 0x0000000100000000)
  eden space 25088K, 0% used [0x00000000eab00000,0x00000000eab00000,0x00000000ec380000)
  from space 6144K, 11% used [0x00000000ec600000,0x00000000ec6ac010,0x00000000ecc00000)
  to   space 2560K, 0% used [0x00000000ec380000,0x00000000ec380000,0x00000000ec600000)
 ParOldGen       total 493568K, used 493548K [0x00000000c0000000, 0x00000000de200000, 0x00000000eab00000)
  object space 493568K, 99% used [0x00000000c0000000,0x00000000de1fb2d8,0x00000000de200000)
 Metaspace       used 76228K, committed 77760K, reserved 1179648K
  class space    used 8157K, committed 8832K, reserved 1048576K
}
Event: 145.038 GC heap before
{Heap before GC invocations=116 (full 3):
 PSYoungGen      total 31232K, used 25776K [0x00000000eab00000, 0x00000000ecc00000, 0x0000000100000000)
  eden space 25088K, 100% used [0x00000000eab00000,0x00000000ec380000,0x00000000ec380000)
  from space 6144K, 11% used [0x00000000ec600000,0x00000000ec6ac010,0x00000000ecc00000)
  to   space 2560K, 0% used [0x00000000ec380000,0x00000000ec380000,0x00000000ec600000)
 ParOldGen       total 493568K, used 493548K [0x00000000c0000000, 0x00000000de200000, 0x00000000eab00000)
  object space 493568K, 99% used [0x00000000c0000000,0x00000000de1fb2d8,0x00000000de200000)
 Metaspace       used 76358K, committed 77888K, reserved 1179648K
  class space    used 8166K, committed 8832K, reserved 1048576K
}
Event: 145.066 GC heap after
{Heap after GC invocations=116 (full 3):
 PSYoungGen      total 27648K, used 1821K [0x00000000eab00000, 0x00000000ecc00000, 0x0000000100000000)
  eden space 25088K, 0% used [0x00000000eab00000,0x00000000eab00000,0x00000000ec380000)
  from space 2560K, 71% used [0x00000000ec380000,0x00000000ec547610,0x00000000ec600000)
  to   space 2560K, 0% used [0x00000000ec980000,0x00000000ec980000,0x00000000ecc00000)
 ParOldGen       total 494080K, used 494065K [0x00000000c0000000, 0x00000000de280000, 0x00000000eab00000)
  object space 494080K, 99% used [0x00000000c0000000,0x00000000de27c768,0x00000000de280000)
 Metaspace       used 76358K, committed 77888K, reserved 1179648K
  class space    used 8166K, committed 8832K, reserved 1048576K
}
Event: 145.870 GC heap before
{Heap before GC invocations=117 (full 3):
 PSYoungGen      total 27648K, used 26909K [0x00000000eab00000, 0x00000000ecc00000, 0x0000000100000000)
  eden space 25088K, 100% used [0x00000000eab00000,0x00000000ec380000,0x00000000ec380000)
  from space 2560K, 71% used [0x00000000ec380000,0x00000000ec547610,0x00000000ec600000)
  to   space 2560K, 0% used [0x00000000ec980000,0x00000000ec980000,0x00000000ecc00000)
 ParOldGen       total 494080K, used 494065K [0x00000000c0000000, 0x00000000de280000, 0x00000000eab00000)
  object space 494080K, 99% used [0x00000000c0000000,0x00000000de27c768,0x00000000de280000)
 Metaspace       used 76430K, committed 77952K, reserved 1179648K
  class space    used 8166K, committed 8832K, reserved 1048576K
}
Event: 145.874 GC heap after
{Heap after GC invocations=117 (full 3):
 PSYoungGen      total 31744K, used 1545K [0x00000000eab00000, 0x00000000ecc00000, 0x0000000100000000)
  eden space 29184K, 0% used [0x00000000eab00000,0x00000000eab00000,0x00000000ec780000)
  from space 2560K, 60% used [0x00000000ec980000,0x00000000ecb02650,0x00000000ecc00000)
  to   space 2048K, 0% used [0x00000000ec780000,0x00000000ec780000,0x00000000ec980000)
 ParOldGen       total 494592K, used 494409K [0x00000000c0000000, 0x00000000de300000, 0x00000000eab00000)
  object space 494592K, 99% used [0x00000000c0000000,0x00000000de2d2788,0x00000000de300000)
 Metaspace       used 76430K, committed 77952K, reserved 1179648K
  class space    used 8166K, committed 8832K, reserved 1048576K
}
Event: 153.350 GC heap before
{Heap before GC invocations=118 (full 3):
 PSYoungGen      total 31744K, used 29735K [0x00000000eab00000, 0x00000000ecc00000, 0x0000000100000000)
  eden space 29184K, 96% used [0x00000000eab00000,0x00000000ec687708,0x00000000ec780000)
  from space 2560K, 60% used [0x00000000ec980000,0x00000000ecb02650,0x00000000ecc00000)
  to   space 2048K, 0% used [0x00000000ec780000,0x00000000ec780000,0x00000000ec980000)
 ParOldGen       total 494592K, used 494409K [0x00000000c0000000, 0x00000000de300000, 0x00000000eab00000)
  object space 494592K, 99% used [0x00000000c0000000,0x00000000de2d2788,0x00000000de300000)
 Metaspace       used 76949K, committed 78464K, reserved 1179648K
  class space    used 8224K, committed 8896K, reserved 1048576K
}
Event: 153.357 GC heap after
{Heap after GC invocations=118 (full 3):
 PSYoungGen      total 30720K, used 2017K [0x00000000eab00000, 0x00000000ecf00000, 0x0000000100000000)
  eden space 28672K, 0% used [0x00000000eab00000,0x00000000eab00000,0x00000000ec700000)
  from space 2048K, 98% used [0x00000000ec780000,0x00000000ec9786c0,0x00000000ec980000)
  to   space 4096K, 0% used [0x00000000ecb00000,0x00000000ecb00000,0x00000000ecf00000)
 ParOldGen       total 496128K, used 495971K [0x00000000c0000000, 0x00000000de480000, 0x00000000eab00000)
  object space 496128K, 99% used [0x00000000c0000000,0x00000000de458ed8,0x00000000de480000)
 Metaspace       used 76949K, committed 78464K, reserved 1179648K
  class space    used 8224K, committed 8896K, reserved 1048576K
}
Event: 153.862 GC heap before
{Heap before GC invocations=119 (full 3):
 PSYoungGen      total 30720K, used 30689K [0x00000000eab00000, 0x00000000ecf00000, 0x0000000100000000)
  eden space 28672K, 100% used [0x00000000eab00000,0x00000000ec700000,0x00000000ec700000)
  from space 2048K, 98% used [0x00000000ec780000,0x00000000ec9786c0,0x00000000ec980000)
  to   space 4096K, 0% used [0x00000000ecb00000,0x00000000ecb00000,0x00000000ecf00000)
 ParOldGen       total 496128K, used 495971K [0x00000000c0000000, 0x00000000de480000, 0x00000000eab00000)
  object space 496128K, 99% used [0x00000000c0000000,0x00000000de458ed8,0x00000000de480000)
 Metaspace       used 77253K, committed 78784K, reserved 1179648K
  class space    used 8275K, committed 8960K, reserved 1048576K
}
Event: 153.869 GC heap after
{Heap after GC invocations=119 (full 3):
 PSYoungGen      total 31232K, used 3002K [0x00000000eab00000, 0x00000000ece00000, 0x0000000100000000)
  eden space 28160K, 0% used [0x00000000eab00000,0x00000000eab00000,0x00000000ec680000)
  from space 3072K, 97% used [0x00000000ecb00000,0x00000000ecdee890,0x00000000ece00000)
  to   space 3584K, 0% used [0x00000000ec700000,0x00000000ec700000,0x00000000eca80000)
 ParOldGen       total 498176K, used 497985K [0x00000000c0000000, 0x00000000de680000, 0x00000000eab00000)
  object space 498176K, 99% used [0x00000000c0000000,0x00000000de6504d0,0x00000000de680000)
 Metaspace       used 77253K, committed 78784K, reserved 1179648K
  class space    used 8275K, committed 8960K, reserved 1048576K
}
Event: 198.433 GC heap before
{Heap before GC invocations=120 (full 3):
 PSYoungGen      total 31232K, used 31162K [0x00000000eab00000, 0x00000000ece00000, 0x0000000100000000)
  eden space 28160K, 100% used [0x00000000eab00000,0x00000000ec680000,0x00000000ec680000)
  from space 3072K, 97% used [0x00000000ecb00000,0x00000000ecdee890,0x00000000ece00000)
  to   space 3584K, 0% used [0x00000000ec700000,0x00000000ec700000,0x00000000eca80000)
 ParOldGen       total 498176K, used 497985K [0x00000000c0000000, 0x00000000de680000, 0x00000000eab00000)
  object space 498176K, 99% used [0x00000000c0000000,0x00000000de6504d0,0x00000000de680000)
 Metaspace       used 78291K, committed 79872K, reserved 1179648K
  class space    used 8405K, committed 9088K, reserved 1048576K
}
Event: 198.437 GC heap after
{Heap after GC invocations=120 (full 3):
 PSYoungGen      total 29696K, used 913K [0x00000000eab00000, 0x00000000ecc00000, 0x0000000100000000)
  eden space 28672K, 0% used [0x00000000eab00000,0x00000000eab00000,0x00000000ec700000)
  from space 1024K, 89% used [0x00000000ec700000,0x00000000ec7e4520,0x00000000ec800000)
  to   space 2048K, 0% used [0x00000000eca00000,0x00000000eca00000,0x00000000ecc00000)
 ParOldGen       total 499712K, used 499463K [0x00000000c0000000, 0x00000000de800000, 0x00000000eab00000)
  object space 499712K, 99% used [0x00000000c0000000,0x00000000de7c1d80,0x00000000de800000)
 Metaspace       used 78291K, committed 79872K, reserved 1179648K
  class space    used 8405K, committed 9088K, reserved 1048576K
}
Event: 202.139 GC heap before
{Heap before GC invocations=121 (full 3):
 PSYoungGen      total 29696K, used 29585K [0x00000000eab00000, 0x00000000ecc00000, 0x0000000100000000)
  eden space 28672K, 100% used [0x00000000eab00000,0x00000000ec700000,0x00000000ec700000)
  from space 1024K, 89% used [0x00000000ec700000,0x00000000ec7e4520,0x00000000ec800000)
  to   space 2048K, 0% used [0x00000000eca00000,0x00000000eca00000,0x00000000ecc00000)
 ParOldGen       total 499712K, used 499463K [0x00000000c0000000, 0x00000000de800000, 0x00000000eab00000)
  object space 499712K, 99% used [0x00000000c0000000,0x00000000de7c1d80,0x00000000de800000)
 Metaspace       used 80372K, committed 81984K, reserved 1179648K
  class space    used 8725K, committed 9408K, reserved 1048576K
}
Event: 202.145 GC heap after
{Heap after GC invocations=121 (full 3):
 PSYoungGen      total 30208K, used 2016K [0x00000000eab00000, 0x00000000ecd80000, 0x0000000100000000)
  eden space 28160K, 0% used [0x00000000eab00000,0x00000000eab00000,0x00000000ec680000)
  from space 2048K, 98% used [0x00000000eca00000,0x00000000ecbf8020,0x00000000ecc00000)
  to   space 3584K, 0% used [0x00000000ec680000,0x00000000ec680000,0x00000000eca00000)
 ParOldGen       total 500736K, used 500275K [0x00000000c0000000, 0x00000000de900000, 0x00000000eab00000)
  object space 500736K, 99% used [0x00000000c0000000,0x00000000de88cd30,0x00000000de900000)
 Metaspace       used 80372K, committed 81984K, reserved 1179648K
  class space    used 8725K, committed 9408K, reserved 1048576K
}

Dll operation events (13 events):
Event: 0.079 Loaded shared library C:\Users\kball\.jdks\openjdk-23.0.2\bin\java.dll
Event: 0.310 Loaded shared library C:\Users\kball\.jdks\openjdk-23.0.2\bin\jsvml.dll
Event: 0.696 Loaded shared library C:\Users\kball\.jdks\openjdk-23.0.2\bin\zip.dll
Event: 0.719 Loaded shared library C:\Users\kball\.jdks\openjdk-23.0.2\bin\instrument.dll
Event: 0.732 Loaded shared library C:\Users\kball\.jdks\openjdk-23.0.2\bin\net.dll
Event: 0.736 Loaded shared library C:\Users\kball\.jdks\openjdk-23.0.2\bin\nio.dll
Event: 0.744 Loaded shared library C:\Users\kball\.jdks\openjdk-23.0.2\bin\zip.dll
Event: 0.829 Loaded shared library C:\Users\kball\.jdks\openjdk-23.0.2\bin\jimage.dll
Event: 1.068 Loaded shared library C:\Users\kball\.jdks\openjdk-23.0.2\bin\verify.dll
Event: 12.478 Loaded shared library C:\Users\kball\AppData\Roaming\Code\User\globalStorage\redhat.java\1.40.0\config_win\org.eclipse.equinox.launcher\org.eclipse.equinox.launcher.win32.win32.x86_64_1.2.1200.v20250212-0927\eclipse_11909.dll
Event: 32.705 Loaded shared library C:\Users\kball\AppData\Local\Temp\jna-101832938\jna14985546753415951655.dll
Event: 38.083 Loaded shared library C:\Users\kball\.jdks\openjdk-23.0.2\bin\sunmscapi.dll
Event: 38.340 Loaded shared library C:\Users\kball\.jdks\openjdk-23.0.2\bin\extnet.dll

Deoptimization events (20 events):
Event: 203.757 Thread 0x0000019ed64726f0 Uncommon trap: trap_request=0xffffffde fr.pc=0x0000019ef2b0a1b0 relative=0x00000000000005f0
Event: 203.757 Thread 0x0000019ed64726f0 Uncommon trap: reason=class_check action=maybe_recompile pc=0x0000019ef2b0a1b0 method=java.util.stream.ReduceOps.makeRef(Ljava/util/stream/Collector;)Ljava/util/stream/TerminalOp; @ 4 c2
Event: 203.757 Thread 0x0000019ed64726f0 DEOPT PACKING pc=0x0000019ef2b0a1b0 sp=0x0000009998cfea20
Event: 203.757 Thread 0x0000019ed64726f0 DEOPT UNPACKING pc=0x0000019ef1d83afc sp=0x0000009998cfe960 mode 2
Event: 203.757 Thread 0x0000019ed64726f0 Uncommon trap: trap_request=0xffffffde fr.pc=0x0000019ef2ad6230 relative=0x00000000000000f0
Event: 203.757 Thread 0x0000019ed64726f0 Uncommon trap: reason=class_check action=maybe_recompile pc=0x0000019ef2ad6230 method=java.util.stream.ReduceOps$3.getOpFlags()I @ 4 c2
Event: 203.757 Thread 0x0000019ed64726f0 DEOPT PACKING pc=0x0000019ef2ad6230 sp=0x0000009998cfe990
Event: 203.757 Thread 0x0000019ed64726f0 DEOPT UNPACKING pc=0x0000019ef1d83afc sp=0x0000009998cfe928 mode 2
Event: 226.076 Thread 0x0000019ed64726f0 Uncommon trap: trap_request=0xffffffde fr.pc=0x0000019ef2b0b0f8 relative=0x00000000000000d8
Event: 226.076 Thread 0x0000019ed64726f0 Uncommon trap: reason=class_check action=maybe_recompile pc=0x0000019ef2b0b0f8 method=java.util.stream.ReduceOps.makeRef(Ljava/util/stream/Collector;)Ljava/util/stream/TerminalOp; @ 4 c2
Event: 226.076 Thread 0x0000019ed64726f0 DEOPT PACKING pc=0x0000019ef2b0b0f8 sp=0x0000009994efe700
Event: 226.076 Thread 0x0000019ed64726f0 DEOPT UNPACKING pc=0x0000019ef1d83afc sp=0x0000009994efe688 mode 2
Event: 263.478 Thread 0x0000019eca2a4690 Uncommon trap: trap_request=0xffffffd6 fr.pc=0x0000019ef2c7bf9c relative=0x0000000000000b7c
Event: 263.478 Thread 0x0000019eca2a4690 Uncommon trap: reason=array_check action=maybe_recompile pc=0x0000019ef2c7bf9c method=com.google.gson.internal.$Gson$Types$ParameterizedTypeImpl.<init>(Ljava/lang/reflect/Type;Ljava/lang/Class;[Ljava/lang/reflect/Type;)V @ 136 c2
Event: 263.478 Thread 0x0000019eca2a4690 DEOPT PACKING pc=0x0000019ef2c7bf9c sp=0x00000099984fea70
Event: 263.478 Thread 0x0000019eca2a4690 DEOPT UNPACKING pc=0x0000019ef1d83afc sp=0x00000099984fe950 mode 2
Event: 263.510 Thread 0x0000019ec8514f00 Uncommon trap: trap_request=0xffffff6e fr.pc=0x0000019ef2c77a70 relative=0x00000000000001d0
Event: 263.510 Thread 0x0000019ec8514f00 Uncommon trap: reason=loop_limit_check action=maybe_recompile pc=0x0000019ef2c77a70 method=org.eclipse.jdt.internal.compiler.lookup.BlockScope.findVariable([CLorg/eclipse/jdt/internal/compiler/lookup/InvocationSite;)Lorg/eclipse/jdt/internal/compiler/look
Event: 263.510 Thread 0x0000019ec8514f00 DEOPT PACKING pc=0x0000019ef2c77a70 sp=0x00000099998fdb30
Event: 263.510 Thread 0x0000019ec8514f00 DEOPT UNPACKING pc=0x0000019ef1d83afc sp=0x00000099998fdaa8 mode 2

Classes loaded (20 events):
Event: 198.707 Loading class java/util/stream/SliceOps$1
Event: 198.707 Loading class java/util/stream/SliceOps$1 done
Event: 198.721 Loading class java/util/stream/SliceOps$1$1
Event: 198.721 Loading class java/util/stream/SliceOps$1$1 done
Event: 198.756 Loading class java/util/concurrent/CompletableFuture$UniWhenComplete
Event: 198.756 Loading class java/util/concurrent/CompletableFuture$UniWhenComplete done
Event: 198.758 Loading class java/util/concurrent/CompletableFuture$UniCompose
Event: 198.758 Loading class java/util/concurrent/CompletableFuture$UniCompose done
Event: 198.758 Loading class java/util/concurrent/CompletableFuture$UniRelay
Event: 198.758 Loading class java/util/concurrent/CompletableFuture$UniRelay done
Event: 199.513 Loading class java/util/concurrent/ScheduledThreadPoolExecutor$DelayedWorkQueue$Itr
Event: 199.515 Loading class java/util/concurrent/ScheduledThreadPoolExecutor$DelayedWorkQueue$Itr done
Event: 200.020 Loading class java/util/stream/Streams$RangeIntSpliterator
Event: 200.021 Loading class java/util/stream/Streams$RangeIntSpliterator done
Event: 200.029 Loading class java/lang/ProcessHandleImpl$ExitCompletion
Event: 200.029 Loading class java/lang/ProcessHandleImpl$ExitCompletion done
Event: 200.029 Loading class java/lang/ProcessHandleImpl$1
Event: 200.029 Loading class java/lang/ProcessHandleImpl$1 done
Event: 200.031 Loading class java/util/concurrent/CompletableFuture$UniHandle
Event: 200.031 Loading class java/util/concurrent/CompletableFuture$UniHandle done

Classes unloaded (10 events):
Event: 34.141 Thread 0x0000019ee2182000 Unloading class 0x0000019e811dd000 'java/lang/invoke/LambdaForm$MH+0x0000019e811dd000'
Event: 34.141 Thread 0x0000019ee2182000 Unloading class 0x0000019e811dcc00 'java/lang/invoke/LambdaForm$MH+0x0000019e811dcc00'
Event: 34.141 Thread 0x0000019ee2182000 Unloading class 0x0000019e811dc800 'java/lang/invoke/LambdaForm$MH+0x0000019e811dc800'
Event: 34.141 Thread 0x0000019ee2182000 Unloading class 0x0000019e811dc400 'java/lang/invoke/LambdaForm$MH+0x0000019e811dc400'
Event: 34.141 Thread 0x0000019ee2182000 Unloading class 0x0000019e811dc000 'java/lang/invoke/LambdaForm$BMH+0x0000019e811dc000'
Event: 34.141 Thread 0x0000019ee2182000 Unloading class 0x0000019e811dbc00 'java/lang/invoke/LambdaForm$DMH+0x0000019e811dbc00'
Event: 34.141 Thread 0x0000019ee2182000 Unloading class 0x0000019e811da400 'java/lang/invoke/LambdaForm$DMH+0x0000019e811da400'
Event: 37.393 Thread 0x0000019ee2182000 Unloading class 0x0000019e81302400 'java/lang/invoke/LambdaForm$MH+0x0000019e81302400'
Event: 37.393 Thread 0x0000019ee2182000 Unloading class 0x0000019e81301800 'java/lang/invoke/LambdaForm$MH+0x0000019e81301800'
Event: 37.393 Thread 0x0000019ee2182000 Unloading class 0x0000019e81300c00 'java/lang/invoke/LambdaForm$MH+0x0000019e81300c00'

Classes redefined (0 events):
No events

Internal exceptions (20 events):
Event: 199.856 Thread 0x0000019ed6472060 Exception <a 'java/lang/NoSuchMethodError'{0x00000000ebb161c8}: 'void java.lang.invoke.DelegatingMethodHandle$Holder.reinvoke_L(java.lang.Object, java.lang.Object, long)'> (0x00000000ebb161c8) 
thrown [s\open\src\hotspot\share\interpreter\linkResolver.cpp, line 796]
Event: 200.036 Thread 0x0000019ed6472060 Exception <a 'java/lang/NoSuchMethodError'{0x00000000ebbe0aa8}: 'long java.lang.invoke.Invokers$Holder.invokeExact_MT(java.lang.Object, java.lang.Object, java.lang.Object)'> (0x00000000ebbe0aa8) 
thrown [s\open\src\hotspot\share\interpreter\linkResolver.cpp, line 796]
Event: 203.725 Thread 0x0000019ec8514f00 Exception <a 'sun/nio/fs/WindowsException'{0x00000000eb3f4510}> (0x00000000eb3f4510) 
thrown [s\open\src\hotspot\share\prims\jni.cpp, line 520]
Event: 203.725 Thread 0x0000019ec8514f00 Exception <a 'sun/nio/fs/WindowsException'{0x00000000eb3f4b70}> (0x00000000eb3f4b70) 
thrown [s\open\src\hotspot\share\prims\jni.cpp, line 520]
Event: 203.726 Thread 0x0000019ec8514f00 Exception <a 'sun/nio/fs/WindowsException'{0x00000000eb3f58e8}> (0x00000000eb3f58e8) 
thrown [s\open\src\hotspot\share\prims\jni.cpp, line 520]
Event: 203.726 Thread 0x0000019ec8514f00 Exception <a 'sun/nio/fs/WindowsException'{0x00000000eb3f5f48}> (0x00000000eb3f5f48) 
thrown [s\open\src\hotspot\share\prims\jni.cpp, line 520]
Event: 203.726 Thread 0x0000019ec8514f00 Exception <a 'sun/nio/fs/WindowsException'{0x00000000eb3f7368}> (0x00000000eb3f7368) 
thrown [s\open\src\hotspot\share\prims\jni.cpp, line 520]
Event: 203.727 Thread 0x0000019ec8514f00 Exception <a 'sun/nio/fs/WindowsException'{0x00000000eb3f79c8}> (0x00000000eb3f79c8) 
thrown [s\open\src\hotspot\share\prims\jni.cpp, line 520]
Event: 226.050 Thread 0x0000019ec8514f00 Exception <a 'sun/nio/fs/WindowsException'{0x00000000eb590700}> (0x00000000eb590700) 
thrown [s\open\src\hotspot\share\prims\jni.cpp, line 520]
Event: 226.050 Thread 0x0000019ec8514f00 Exception <a 'sun/nio/fs/WindowsException'{0x00000000eb590d60}> (0x00000000eb590d60) 
thrown [s\open\src\hotspot\share\prims\jni.cpp, line 520]
Event: 226.051 Thread 0x0000019ec8514f00 Exception <a 'sun/nio/fs/WindowsException'{0x00000000eb591ad8}> (0x00000000eb591ad8) 
thrown [s\open\src\hotspot\share\prims\jni.cpp, line 520]
Event: 226.051 Thread 0x0000019ec8514f00 Exception <a 'sun/nio/fs/WindowsException'{0x00000000eb592138}> (0x00000000eb592138) 
thrown [s\open\src\hotspot\share\prims\jni.cpp, line 520]
Event: 226.052 Thread 0x0000019ec8514f00 Exception <a 'sun/nio/fs/WindowsException'{0x00000000eb593798}> (0x00000000eb593798) 
thrown [s\open\src\hotspot\share\prims\jni.cpp, line 520]
Event: 226.052 Thread 0x0000019ec8514f00 Exception <a 'sun/nio/fs/WindowsException'{0x00000000eb593df8}> (0x00000000eb593df8) 
thrown [s\open\src\hotspot\share\prims\jni.cpp, line 520]
Event: 248.589 Thread 0x0000019ecc9c1350 Exception <a 'sun/nio/fs/WindowsException'{0x00000000eb6bd4b0}> (0x00000000eb6bd4b0) 
thrown [s\open\src\hotspot\share\prims\jni.cpp, line 520]
Event: 248.589 Thread 0x0000019ecc9c1350 Exception <a 'sun/nio/fs/WindowsException'{0x00000000eb6bdb10}> (0x00000000eb6bdb10) 
thrown [s\open\src\hotspot\share\prims\jni.cpp, line 520]
Event: 248.589 Thread 0x0000019ecc9c1350 Exception <a 'sun/nio/fs/WindowsException'{0x00000000eb6be888}> (0x00000000eb6be888) 
thrown [s\open\src\hotspot\share\prims\jni.cpp, line 520]
Event: 248.589 Thread 0x0000019ecc9c1350 Exception <a 'sun/nio/fs/WindowsException'{0x00000000eb6beee8}> (0x00000000eb6beee8) 
thrown [s\open\src\hotspot\share\prims\jni.cpp, line 520]
Event: 248.590 Thread 0x0000019ecc9c1350 Exception <a 'sun/nio/fs/WindowsException'{0x00000000eb6c02e8}> (0x00000000eb6c02e8) 
thrown [s\open\src\hotspot\share\prims\jni.cpp, line 520]
Event: 248.590 Thread 0x0000019ecc9c1350 Exception <a 'sun/nio/fs/WindowsException'{0x00000000eb6c0948}> (0x00000000eb6c0948) 
thrown [s\open\src\hotspot\share\prims\jni.cpp, line 520]

VM Operations (20 events):
Event: 198.507 Executing VM operation: HandshakeAllThreads (Deoptimize)
Event: 198.508 Executing VM operation: HandshakeAllThreads (Deoptimize) done
Event: 198.574 Executing VM operation: HandshakeAllThreads (Deoptimize)
Event: 198.574 Executing VM operation: HandshakeAllThreads (Deoptimize) done
Event: 198.580 Executing VM operation: HandshakeAllThreads (Deoptimize)
Event: 198.580 Executing VM operation: HandshakeAllThreads (Deoptimize) done
Event: 198.666 Executing VM operation: HandshakeAllThreads (Deoptimize)
Event: 198.666 Executing VM operation: HandshakeAllThreads (Deoptimize) done
Event: 198.711 Executing VM operation: HandshakeAllThreads (Deoptimize)
Event: 198.711 Executing VM operation: HandshakeAllThreads (Deoptimize) done
Event: 198.716 Executing VM operation: HandshakeAllThreads (Deoptimize)
Event: 198.716 Executing VM operation: HandshakeAllThreads (Deoptimize) done
Event: 198.742 Executing VM operation: HandshakeAllThreads (Deoptimize)
Event: 198.742 Executing VM operation: HandshakeAllThreads (Deoptimize) done
Event: 202.139 Executing VM operation: ParallelGCFailedAllocation (Allocation Failure)
Event: 202.145 Executing VM operation: ParallelGCFailedAllocation (Allocation Failure) done
Event: 240.696 Executing VM operation: HandshakeAllThreads (HandshakeForDeflation)
Event: 240.696 Executing VM operation: HandshakeAllThreads (HandshakeForDeflation) done
Event: 240.696 Executing VM operation: RendezvousGCThreads
Event: 240.696 Executing VM operation: RendezvousGCThreads done

Memory protections (0 events):
No events

Nmethod flushes (20 events):
Event: 46.779 Thread 0x0000019ee2182000 flushing  nmethod 0x0000019eeaf34008
Event: 46.779 Thread 0x0000019ee2182000 flushing  nmethod 0x0000019eeaf35188
Event: 46.779 Thread 0x0000019ee2182000 flushing  nmethod 0x0000019eeaf35e08
Event: 46.779 Thread 0x0000019ee2182000 flushing  nmethod 0x0000019eeaf36d88
Event: 46.779 Thread 0x0000019ee2182000 flushing  nmethod 0x0000019eeaf37088
Event: 46.779 Thread 0x0000019ee2182000 flushing  nmethod 0x0000019eeaf37808
Event: 46.779 Thread 0x0000019ee2182000 flushing  nmethod 0x0000019eeaf38088
Event: 46.779 Thread 0x0000019ee2182000 flushing  nmethod 0x0000019eeaf38908
Event: 46.779 Thread 0x0000019ee2182000 flushing  nmethod 0x0000019eeaf3d408
Event: 46.779 Thread 0x0000019ee2182000 flushing  nmethod 0x0000019eeaf3dd88
Event: 46.779 Thread 0x0000019ee2182000 flushing  nmethod 0x0000019eeaf43508
Event: 46.779 Thread 0x0000019ee2182000 flushing  nmethod 0x0000019eeaf43808
Event: 46.779 Thread 0x0000019ee2182000 flushing  nmethod 0x0000019eeaf4a988
Event: 46.779 Thread 0x0000019ee2182000 flushing  nmethod 0x0000019eeaf4ac88
Event: 46.779 Thread 0x0000019ee2182000 flushing  nmethod 0x0000019eeaf4af88
Event: 46.779 Thread 0x0000019ee2182000 flushing  nmethod 0x0000019eeaf4b388
Event: 46.779 Thread 0x0000019ee2182000 flushing  nmethod 0x0000019eeaf4b688
Event: 46.779 Thread 0x0000019ee2182000 flushing  nmethod 0x0000019eeaf54a08
Event: 46.779 Thread 0x0000019ee2182000 flushing  nmethod 0x0000019eeaf60288
Event: 46.779 Thread 0x0000019ee2182000 flushing  nmethod 0x0000019eeaf8cb88

Events (20 events):
Event: 205.030 Thread 0x0000019ed64747c0 Thread added: 0x0000019ed6472060
Event: 205.034 Thread 0x0000019ed64747c0 Thread exited: 0x0000019ed64747c0
Event: 205.737 Thread 0x0000019ed62b3980 Thread exited: 0x0000019ed62b3980
Event: 206.605 Thread 0x0000019ed64726f0 Thread exited: 0x0000019ed64726f0
Event: 226.044 Thread 0x0000019ec7c1a560 Thread exited: 0x0000019ec7c1a560
Event: 226.068 Thread 0x0000019ed6473aa0 Thread added: 0x0000019ed64726f0
Event: 226.077 Thread 0x0000019ed64726f0 Thread added: 0x0000019ed6472d80
Event: 226.297 Thread 0x0000019ed6473aa0 Thread added: 0x0000019ed6473410
Event: 226.299 Thread 0x0000019ed6472d80 Thread exited: 0x0000019ed6472d80
Event: 226.542 Thread 0x0000019ed6473410 Thread exited: 0x0000019ed6473410
Event: 228.690 Thread 0x0000019ed64726f0 Thread exited: 0x0000019ed64726f0
Event: 248.613 Thread 0x0000019ed6473aa0 Thread added: 0x0000019ed64726f0
Event: 248.622 Thread 0x0000019ed64726f0 Thread added: 0x0000019ed6472d80
Event: 248.682 Thread 0x0000019ec7c191b0 Thread exited: 0x0000019ec7c191b0
Event: 248.841 Thread 0x0000019ed6473aa0 Thread added: 0x0000019ed6474130
Event: 248.844 Thread 0x0000019ed6472d80 Thread exited: 0x0000019ed6472d80
Event: 249.012 Thread 0x0000019ed6474130 Thread exited: 0x0000019ed6474130
Event: 251.089 Thread 0x0000019ed64726f0 Thread exited: 0x0000019ed64726f0
Event: 263.477 Thread 0x0000019ec7c17770 Thread exited: 0x0000019ec7c17770
Event: 264.716 Thread 0x0000019ec7c19ed0 Thread exited: 0x0000019ec7c19ed0


Dynamic libraries:
0x00007ff7d7040000 - 0x00007ff7d704e000 	C:\Users\kball\.jdks\openjdk-23.0.2\bin\java.exe
0x00007fffa2d80000 - 0x00007fffa31a1000 	C:\windows\SYSTEM32\ntdll.dll
0x00007fffa2a30000 - 0x00007fffa2b93000 	C:\windows\System32\xtajit64.dll
0x00007fff9f280000 - 0x00007fff9f3e4000 	C:\windows\System32\KERNEL32.DLL
0x00007fff9e3f0000 - 0x00007fff9ea46000 	C:\windows\System32\KERNELBASE.dll
0x00007fff9e0a0000 - 0x00007fff9e1a0000 	C:\windows\SYSTEM32\apphelp.dll
0x00007fff9f050000 - 0x00007fff9f278000 	C:\windows\System32\ucrtbase.dll
0x00007fff96480000 - 0x00007fff96497000 	C:\Users\kball\.jdks\openjdk-23.0.2\bin\jli.dll
0x00007fffa2670000 - 0x00007fffa28f1000 	C:\windows\System32\USER32.dll
0x00007fff9efe0000 - 0x00007fff9f03e000 	C:\windows\System32\win32u.dll
0x00007fffa21a0000 - 0x00007fffa2205000 	C:\windows\System32\GDI32.dll
0x00007fff9ea50000 - 0x00007fff9ec38000 	C:\windows\System32\gdi32full.dll
0x00007fff9ee80000 - 0x00007fff9efd9000 	C:\windows\System32\msvcp_win.dll
0x00007fff91780000 - 0x00007fff9179b000 	C:\Users\kball\.jdks\openjdk-23.0.2\bin\VCRUNTIME140.dll
0x00007fff80f10000 - 0x00007fff8137a000 	C:\windows\WinSxS\arm64_microsoft.windows.common-controls_6595b64144ccf1df_6.0.26100.3037_none_3e09258ae333c4bc\COMCTL32.dll
0x00007fffa1100000 - 0x00007fffa1248000 	C:\windows\System32\msvcrt.dll
0x00007fffa25f0000 - 0x00007fffa2645000 	C:\windows\System32\IMM32.DLL
0x00007fff98010000 - 0x00007fff9801c000 	C:\Users\kball\.jdks\openjdk-23.0.2\bin\vcruntime140_1.dll
0x00007fff717e0000 - 0x00007fff7186e000 	C:\Users\kball\.jdks\openjdk-23.0.2\bin\msvcp140.dll
0x00007fff1e210000 - 0x00007fff1ef60000 	C:\Users\kball\.jdks\openjdk-23.0.2\bin\server\jvm.dll
0x00007fffa24a0000 - 0x00007fffa25df000 	C:\windows\System32\ADVAPI32.dll
0x00007fffa2900000 - 0x00007fffa2a1e000 	C:\windows\System32\sechost.dll
0x00007fffa0e70000 - 0x00007fffa106d000 	C:\windows\System32\RPCRT4.dll
0x00007fffa0c70000 - 0x00007fffa0d34000 	C:\windows\System32\WS2_32.dll
0x00007fff9e200000 - 0x00007fff9e26c000 	C:\windows\SYSTEM32\POWRPROF.dll
0x00007fff4dc20000 - 0x00007fff4dc84000 	C:\windows\SYSTEM32\WINMM.dll
0x00007fff8c200000 - 0x00007fff8c216000 	C:\windows\SYSTEM32\VERSION.dll
0x00007fff9e1d0000 - 0x00007fff9e1f5000 	C:\windows\SYSTEM32\UMPDC.dll
0x00007fff9c360000 - 0x00007fff9c390000 	C:\windows\SYSTEM32\kernel.appcore.dll
0x00007fff91770000 - 0x00007fff9177a000 	C:\Users\kball\.jdks\openjdk-23.0.2\bin\jimage.dll
0x00007fff99f40000 - 0x00007fff9a37a000 	C:\windows\SYSTEM32\DBGHELP.DLL
0x00007fffa01b0000 - 0x00007fffa0821000 	C:\windows\System32\combase.dll
0x00007fffa1dc0000 - 0x00007fffa1f63000 	C:\windows\System32\OLEAUT32.dll
0x00007fff8ff80000 - 0x00007fff8ffea000 	C:\windows\SYSTEM32\dbgcore.DLL
0x00007fff9ed90000 - 0x00007fff9ee70000 	C:\windows\System32\bcryptPrimitives.dll
0x00007fff90050000 - 0x00007fff9005f000 	C:\Users\kball\.jdks\openjdk-23.0.2\bin\instrument.dll
0x00007fff8f4b0000 - 0x00007fff8f4ce000 	C:\Users\kball\.jdks\openjdk-23.0.2\bin\java.dll
0x00007fffa1b10000 - 0x00007fffa1db9000 	C:\windows\System32\ole32.dll
0x00007fff9f3f0000 - 0x00007fffa01a9000 	C:\windows\System32\SHELL32.dll
0x00007fff9a400000 - 0x00007fff9b599000 	C:\windows\SYSTEM32\windows.storage.dll
0x00007fffa17f0000 - 0x00007fffa19dc000 	C:\windows\System32\SHCORE.dll
0x00007fffa2c90000 - 0x00007fffa2d38000 	C:\windows\System32\shlwapi.dll
0x00007fff9e290000 - 0x00007fff9e2e4000 	C:\windows\SYSTEM32\profapi.dll
0x00007fff5c0a0000 - 0x00007fff5c177000 	C:\Users\kball\.jdks\openjdk-23.0.2\bin\jsvml.dll
0x00007fff90be0000 - 0x00007fff90bf7000 	C:\Users\kball\.jdks\openjdk-23.0.2\bin\zip.dll
0x00007fff8fff0000 - 0x00007fff90000000 	C:\Users\kball\.jdks\openjdk-23.0.2\bin\net.dll
0x00007fff9cb60000 - 0x00007fff9cc1e000 	C:\windows\system32\mswsock.dll
0x00007fff8ec00000 - 0x00007fff8ec16000 	C:\Users\kball\.jdks\openjdk-23.0.2\bin\nio.dll
0x00007fff8fba0000 - 0x00007fff8fbb0000 	C:\Users\kball\.jdks\openjdk-23.0.2\bin\verify.dll
0x00007fff5c050000 - 0x00007fff5c095000 	C:\Users\kball\AppData\Roaming\Code\User\globalStorage\redhat.java\1.40.0\config_win\org.eclipse.equinox.launcher\org.eclipse.equinox.launcher.win32.win32.x86_64_1.2.1200.v20250212-0927\eclipse_11909.dll
0x00007fff9cff0000 - 0x00007fff9d021000 	C:\windows\SYSTEM32\CRYPTSP.dll
0x00007fff9c290000 - 0x00007fff9c2f4000 	C:\windows\system32\rsaenh.dll
0x00007fff9cc80000 - 0x00007fff9ccd0000 	C:\windows\SYSTEM32\USERENV.dll
0x00007fff9d380000 - 0x00007fff9d3c5000 	C:\windows\SYSTEM32\bcrypt.dll
0x00007fff9d030000 - 0x00007fff9d046000 	C:\windows\SYSTEM32\CRYPTBASE.dll
0x00007fff9bb40000 - 0x00007fff9bb9c000 	C:\windows\SYSTEM32\IPHLPAPI.DLL
0x00007fffa1aa0000 - 0x00007fffa1ab2000 	C:\windows\System32\NSI.dll
0x00007fff5bfb0000 - 0x00007fff5bff9000 	C:\Users\kball\AppData\Local\Temp\jna-101832938\jna14985546753415951655.dll
0x00007fffa2650000 - 0x00007fffa265f000 	C:\windows\System32\PSAPI.DLL
0x00007fff954e0000 - 0x00007fff956e3000 	C:\windows\SYSTEM32\winhttp.dll
0x00007fff95ad0000 - 0x00007fff95b03000 	C:\windows\SYSTEM32\dhcpcsvc6.DLL
0x00007fff95070000 - 0x00007fff950b8000 	C:\windows\SYSTEM32\dhcpcsvc.DLL
0x00007fff8fa80000 - 0x00007fff8fa8e000 	C:\Users\kball\.jdks\openjdk-23.0.2\bin\sunmscapi.dll
0x00007fff9d320000 - 0x00007fff9d377000 	C:\windows\SYSTEM32\ncrypt.dll
0x00007fff9d3d0000 - 0x00007fff9d667000 	C:\windows\SYSTEM32\CRYPT32.dll
0x00007fff9d2b0000 - 0x00007fff9d31a000 	C:\windows\SYSTEM32\NTASN1.dll
0x00007fff9bba0000 - 0x00007fff9bd9f000 	C:\windows\SYSTEM32\DNSAPI.dll
0x00007fff8d000000 - 0x00007fff8d015000 	C:\Windows\System32\rasadhlp.dll
0x00007fff96100000 - 0x00007fff961e2000 	C:\windows\System32\fwpuclnt.dll
0x00007fff8f800000 - 0x00007fff8f809000 	C:\Users\kball\.jdks\openjdk-23.0.2\bin\extnet.dll

dbghelp: loaded successfully - version: 4.0.5 - missing functions: none
symbol engine: initialized successfully - sym options: 0x614 - pdb path: .;C:\Users\kball\.jdks\openjdk-23.0.2\bin;C:\windows\SYSTEM32;C:\windows\WinSxS\arm64_microsoft.windows.common-controls_6595b64144ccf1df_6.0.26100.3037_none_3e09258ae333c4bc;C:\Users\kball\.jdks\openjdk-23.0.2\bin\server;C:\Users\kball\AppData\Roaming\Code\User\globalStorage\redhat.java\1.40.0\config_win\org.eclipse.equinox.launcher\org.eclipse.equinox.launcher.win32.win32.x86_64_1.2.1200.v20250212-0927;C:\Users\kball\AppData\Local\Temp\jna-101832938

VM Arguments:
jvm_args: --add-modules=ALL-SYSTEM --add-opens=java.base/java.util=ALL-UNNAMED --add-opens=java.base/java.lang=ALL-UNNAMED --add-opens=java.base/sun.nio.fs=ALL-UNNAMED -Declipse.application=org.eclipse.jdt.ls.core.id1 -Dosgi.bundles.defaultStartLevel=4 -Declipse.product=org.eclipse.jdt.ls.core.product -Djava.import.generatesMetadataFilesAtProjectRoot=false -DDetectVMInstallationsJob.disabled=true -Dfile.encoding=utf8 -XX:+UseParallelGC -XX:GCTimeRatio=4 -XX:AdaptiveSizePolicyWeight=90 -Dsun.zip.disableMemoryMapping=true -Xmx1G -Xms100m -Xlog:disable -javaagent:c:\Users\kball\.vscode\extensions\redhat.java-1.40.0\lombok\lombok-1.18.36.jar -XX:+HeapDumpOnOutOfMemoryError -XX:HeapDumpPath=c:\Users\kball\AppData\Roaming\Code\User\workspaceStorage\d37a82288577f051d7511b518b2a1c83\redhat.java -Daether.dependencyCollector.impl=bf 
java_command: c:\Users\kball\.vscode\extensions\redhat.java-1.40.0\server\plugins\org.eclipse.equinox.launcher_1.6.1000.v20250131-0606.jar -configuration c:\Users\kball\AppData\Roaming\Code\User\globalStorage\redhat.java\1.40.0\config_win -data c:\Users\kball\AppData\Roaming\Code\User\workspaceStorage\d37a82288577f051d7511b518b2a1c83\redhat.java\jdt_ws --pipe=\\.\pipe\lsp-1c1e36e113fac010642c0dbda3218b10-sock
java_class_path (initial): c:\Users\kball\.vscode\extensions\redhat.java-1.40.0\server\plugins\org.eclipse.equinox.launcher_1.6.1000.v20250131-0606.jar
Launcher Type: SUN_STANDARD

[Global flags]
     uint AdaptiveSizePolicyWeight                 = 90                                        {product} {command line}
     intx CICompilerCount                          = 4                                         {product} {ergonomic}
     uint GCTimeRatio                              = 4                                         {product} {command line}
     bool HeapDumpOnOutOfMemoryError               = true                                   {manageable} {command line}
    ccstr HeapDumpPath                             = c:\Users\kball\AppData\Roaming\Code\User\workspaceStorage\d37a82288577f051d7511b518b2a1c83\redhat.java         {manageable} {command line}
   size_t InitialHeapSize                          = 104857600                                 {product} {command line}
   size_t MaxHeapSize                              = 1073741824                                {product} {command line}
   size_t MaxNewSize                               = 357564416                                 {product} {ergonomic}
   size_t MinHeapDeltaBytes                        = 524288                                    {product} {ergonomic}
   size_t MinHeapSize                              = 104857600                                 {product} {command line}
   size_t NewSize                                  = 34603008                                  {product} {ergonomic}
    uintx NonNMethodCodeHeapSize                   = 5832704                                {pd product} {ergonomic}
    uintx NonProfiledCodeHeapSize                  = 122945536                              {pd product} {ergonomic}
   size_t OldSize                                  = 70254592                                  {product} {ergonomic}
    uintx ProfiledCodeHeapSize                     = 122880000                              {pd product} {ergonomic}
    uintx ReservedCodeCacheSize                    = 251658240                              {pd product} {ergonomic}
     bool SegmentedCodeCache                       = true                                      {product} {ergonomic}
   size_t SoftMaxHeapSize                          = 1073741824                             {manageable} {ergonomic}
     bool UseCompressedOops                        = true                           {product lp64_product} {ergonomic}
     bool UseLargePagesIndividualAllocation        = false                                  {pd product} {ergonomic}
     bool UseParallelGC                            = true                                      {product} {command line}

Logging:
Log output configuration:
 #0: stdout all=off uptime,level,tags foldmultilines=false
 #1: stderr all=off uptime,level,tags foldmultilines=false

Environment Variables:
PATH=C:\Python313\Scripts\;C:\Python313\;C:\windows\system32;C:\windows;C:\windows\System32\Wbem;C:\windows\System32\WindowsPowerShell\v1.0\;C:\windows\System32\OpenSSH\;C:\Program Files\Git\cmd;C:\Program Files\Go\bin;C:\Program Files\nodejs\;C:\ProgramData\chocolatey\bin;C:\Users\kball\AppData\Local\Microsoft\WindowsApps;C:\Users\kball\AppData\Local\Programs\Microsoft VS Code\bin;C:\Users\kball\.jdks\openjdk-23.0.2\bin;C:\Users\kball\go\bin;C:\Users\kball\AppData\Roaming\npm
USERNAME=kball
OS=Windows_NT
PROCESSOR_IDENTIFIER=ARMv8 (64-bit) Family 8 Model 1 Revision 201, Qualcomm Technologies Inc
TMP=C:\Users\kball\AppData\Local\Temp
TEMP=C:\Users\kball\AppData\Local\Temp




Periodic native trim disabled

---------------  S Y S T E M  ---------------

OS:
 Windows 11 , 64 bit Build 26100 (10.0.26100.3037)
OS uptime: 25 days 1:59 hours

CPU: total 8 (initial active 8) (8 cores per cpu, 1 threads per core) family 21 model 0 stepping 1 microcode 0x0, cx8, cmov, fxsr, mmx, 3dnowpref, sse, sse2, sse3, ssse3, sse4.1, sse4.2, popcnt, tsc, tscinvbit, aes, clmul, clflush, rdtscp
Processor Information for processor 0
  Max Mhz: 3244, Current Mhz: 1440, Mhz Limit: 3244
Processor Information for processor 1
  Max Mhz: 3244, Current Mhz: 1440, Mhz Limit: 3244
Processor Information for processor 2
  Max Mhz: 3244, Current Mhz: 1440, Mhz Limit: 3244
Processor Information for processor 3
  Max Mhz: 3244, Current Mhz: 1440, Mhz Limit: 3244
Processor Information for processor 4
  Max Mhz: 3244, Current Mhz: 710, Mhz Limit: 3244
Processor Information for processor 5
  Max Mhz: 3244, Current Mhz: 710, Mhz Limit: 3244
Processor Information for processor 6
  Max Mhz: 3244, Current Mhz: 710, Mhz Limit: 3244
Processor Information for processor 7
  Max Mhz: 3244, Current Mhz: 710, Mhz Limit: 3244

Memory: 4k page, system-wide physical 15973M (2119M free)
TotalPageFile size 65125M (AvailPageFile size 2M)
current process WorkingSet (physical memory assigned to process): 999M, peak: 1000M
current process commit charge ("private bytes"): 898M, peak: 903M

vm_info: OpenJDK 64-Bit Server VM (23.0.2+7-58) for windows-amd64 JRE (23.0.2+7-58), built on 2024-11-29T09:34:55Z with MS VC++ 17.6 (VS2022)

END.
