#
# There is insufficient memory for the Java Runtime Environment to continue.
# Native memory allocation (mmap) failed to map 262144000 bytes. Error detail: G1 virtual space
# Possible reasons:
#   The system is out of physical RAM or swap space
#   This process is running with CompressedOops enabled, and the Java Heap may be blocking the growth of the native heap
# Possible solutions:
#   Reduce memory load on the system
#   Increase physical memory or swap space
#   Check if swap backing store is full
#   Decrease Java heap size (-Xmx/-Xms)
#   Decrease number of Java threads
#   Decrease Java thread stack sizes (-Xss)
#   Set larger code cache with -XX:ReservedCodeCacheSize=
#   JVM is running with Zero Based Compressed Oops mode in which the Java heap is
#     placed in the first 32GB address space. The Java Heap base address is the
#     maximum limit for the native heap growth. Please use -XX:HeapBaseMinAddress
#     to set the Java Heap base and to place the Java Heap above 32GB virtual address.
# This output file may be truncated or incomplete.
#
#  Out of Memory Error (os_windows.cpp:3707), pid=96728, tid=56112
#
# JRE version:  (23.0.2+7) (build )
# Java VM: OpenJDK 64-Bit Server VM (23.0.2+7-58, mixed mode, sharing, tiered, compressed oops, compressed class ptrs, g1 gc, windows-amd64)
# No core dump will be written. Minidumps are not enabled by default on client versions of Windows
#

---------------  S U M M A R Y ------------

Command Line: --enable-preview -XX:+ShowCodeDetailsInExceptionMessages ClientDriver

Host: Snapdragon(R) X Plus - X1P42100 - Qualcomm(R) Oryon(TM) CPU, 8 cores, 15G,  Windows 11 , 64 bit Build 26100 (10.0.26100.3037)
Time: Tue Mar 11 09:27:37 2025 GMT Standard Time elapsed time: 1.456898 seconds (0d 0h 0m 1s)

---------------  T H R E A D  ---------------

Current thread (0x0000025cc68f1910):  JavaThread "Unknown thread" [_thread_in_vm, id=56112, stack(0x0000008df9400000,0x0000008df9500000) (1024K)]

Stack: [0x0000008df9400000,0x0000008df9500000]
Native frames: (J=compiled Java code, j=interpreted, Vv=VM code, C=native code)
V  [jvm.dll+0x6e0b99]  (no source info available)
V  [jvm.dll+0x87e2b3]  (no source info available)
V  [jvm.dll+0x88073e]  (no source info available)
V  [jvm.dll+0x880e13]  (no source info available)
V  [jvm.dll+0x27b006]  (no source info available)
V  [jvm.dll+0x6dd485]  (no source info available)
V  [jvm.dll+0x6d127a]  (no source info available)
V  [jvm.dll+0x35b50a]  (no source info available)
V  [jvm.dll+0x363916]  (no source info available)
V  [jvm.dll+0x34fe7e]  (no source info available)
V  [jvm.dll+0x350118]  (no source info available)
V  [jvm.dll+0x328aec]  (no source info available)
V  [jvm.dll+0x32978e]  (no source info available)
V  [jvm.dll+0x8449a5]  (no source info available)
V  [jvm.dll+0x3b9a08]  (no source info available)
V  [jvm.dll+0x82d68c]  (no source info available)
V  [jvm.dll+0x454f2e]  (no source info available)
V  [jvm.dll+0x456db1]  (no source info available)
C  [jli.dll+0x52a3]  (no source info available)
C  [ucrtbase.dll+0x199bdc]  (no source info available)

Lock stack of current Java thread (top to bottom):


---------------  P R O C E S S  ---------------

Threads class SMR info:
_java_thread_list=0x00007fff1ee04618, length=0, elements={
}

Java Threads: ( => current thread )
Total: 0

Other Threads:
  0x0000025cc6951de0 WorkerThread "GC Thread#0"                     [id=69984, stack(0x0000008df9500000,0x0000008df9600000) (1024K)]
  0x0000025cc6968960 ConcurrentGCThread "G1 Main Marker"            [id=99704, stack(0x0000008df9600000,0x0000008df9700000) (1024K)]
  0x0000025cc696b830 WorkerThread "G1 Conc#0"                       [id=93568, stack(0x0000008df9700000,0x0000008df9800000) (1024K)]

[error occurred during error reporting (printing all threads), id 0xc0000005, EXCEPTION_ACCESS_VIOLATION (0xc0000005) at pc=0x00007fff1e54c0da]
VM state: not at safepoint (not fully initialized)

VM Mutex/Monitor currently owned by a thread:  ([mutex/lock_event])
[0x00007fff1ee84988] Heap_lock - owner thread: 0x0000025cc68f1910

Heap address: 0x0000000706600000, size: 3994 MB, Compressed Oops mode: Zero based, Oop shift amount: 3

CDS archive(s) mapped at: [0x0000000000000000-0x0000000000000000-0x0000000000000000), size 0, SharedBaseAddress: 0x0000000800000000, ArchiveRelocationMode: 1.
Narrow klass base: 0x0000000000000000, Narrow klass shift: 0, Narrow klass range: 0x0

GC Precious Log:
 CardTable entry size: 512
 Card Set container configuration: InlinePtr #cards 4 size 8 Array Of Cards #cards 16 size 48 Howl #buckets 8 coarsen threshold 3686 Howl Bitmap #cards 512 size 80 coarsen threshold 460 Card regions per heap region 1 cards per card region 4096

Heap:
 garbage-first heap   total reserved 4089856K, committed 0K, used 0K [0x0000000706600000, 0x0000000800000000)
  region size 2048K, 0 young (0K), 0 survivors (0K)

[error occurred during error reporting (printing heap information), id 0xc0000005, EXCEPTION_ACCESS_VIOLATION (0xc0000005) at pc=0x00007fff1e94c6a9]
GC Heap History (0 events):
No events

Dll operation events (1 events):
Event: 0.015 Loaded shared library C:\Users\kball\.jdks\openjdk-23.0.2\bin\java.dll

Deoptimization events (0 events):
No events

Classes loaded (0 events):
No events

Classes unloaded (0 events):
No events

Classes redefined (0 events):
No events

Internal exceptions (0 events):
No events

VM Operations (0 events):
No events

Memory protections (0 events):
No events

Nmethod flushes (0 events):
No events

Events (0 events):
No events


Dynamic libraries:
0x00007ff7d7040000 - 0x00007ff7d704e000 	C:\Users\kball\.jdks\openjdk-23.0.2\bin\java.exe
0x00007fffa2d80000 - 0x00007fffa31a1000 	C:\windows\SYSTEM32\ntdll.dll
0x00007fffa2a30000 - 0x00007fffa2b93000 	C:\windows\System32\xtajit64.dll
0x00007fff9f280000 - 0x00007fff9f3e4000 	C:\windows\System32\KERNEL32.DLL
0x00007fff9e3f0000 - 0x00007fff9ea46000 	C:\windows\System32\KERNELBASE.dll
0x00007fff9e0a0000 - 0x00007fff9e1a0000 	C:\windows\SYSTEM32\apphelp.dll
0x00007fff9f050000 - 0x00007fff9f278000 	C:\windows\System32\ucrtbase.dll
0x00007fff96480000 - 0x00007fff96497000 	C:\Users\kball\.jdks\openjdk-23.0.2\bin\jli.dll
0x00007fff91780000 - 0x00007fff9179b000 	C:\Users\kball\.jdks\openjdk-23.0.2\bin\VCRUNTIME140.dll
0x00007fffa2670000 - 0x00007fffa28f1000 	C:\windows\System32\USER32.dll
0x00007fff80f10000 - 0x00007fff8137a000 	C:\windows\WinSxS\arm64_microsoft.windows.common-controls_6595b64144ccf1df_6.0.26100.3037_none_3e09258ae333c4bc\COMCTL32.dll
0x00007fff9efe0000 - 0x00007fff9f03e000 	C:\windows\System32\win32u.dll
0x00007fffa1100000 - 0x00007fffa1248000 	C:\windows\System32\msvcrt.dll
0x00007fffa21a0000 - 0x00007fffa2205000 	C:\windows\System32\GDI32.dll
0x00007fff9ea50000 - 0x00007fff9ec38000 	C:\windows\System32\gdi32full.dll
0x00007fff9ee80000 - 0x00007fff9efd9000 	C:\windows\System32\msvcp_win.dll
0x00007fffa25f0000 - 0x00007fffa2645000 	C:\windows\System32\IMM32.DLL
0x00007fff98010000 - 0x00007fff9801c000 	C:\Users\kball\.jdks\openjdk-23.0.2\bin\vcruntime140_1.dll
0x00007fff717e0000 - 0x00007fff7186e000 	C:\Users\kball\.jdks\openjdk-23.0.2\bin\msvcp140.dll
0x00007fff1e210000 - 0x00007fff1ef60000 	C:\Users\kball\.jdks\openjdk-23.0.2\bin\server\jvm.dll
0x00007fffa24a0000 - 0x00007fffa25df000 	C:\windows\System32\ADVAPI32.dll
0x00007fffa2900000 - 0x00007fffa2a1e000 	C:\windows\System32\sechost.dll
0x00007fffa0e70000 - 0x00007fffa106d000 	C:\windows\System32\RPCRT4.dll
0x00007fffa0c70000 - 0x00007fffa0d34000 	C:\windows\System32\WS2_32.dll
0x00007fff9e200000 - 0x00007fff9e26c000 	C:\windows\SYSTEM32\POWRPROF.dll
0x00007fff8c200000 - 0x00007fff8c216000 	C:\windows\SYSTEM32\VERSION.dll
0x00007fff4dc20000 - 0x00007fff4dc84000 	C:\windows\SYSTEM32\WINMM.dll
0x00007fff9e1d0000 - 0x00007fff9e1f5000 	C:\windows\SYSTEM32\UMPDC.dll
0x00007fff9c360000 - 0x00007fff9c390000 	C:\windows\SYSTEM32\kernel.appcore.dll
0x00007fff91770000 - 0x00007fff9177a000 	C:\Users\kball\.jdks\openjdk-23.0.2\bin\jimage.dll
0x00007fff99f40000 - 0x00007fff9a37a000 	C:\windows\SYSTEM32\DBGHELP.DLL
0x00007fffa01b0000 - 0x00007fffa0821000 	C:\windows\System32\combase.dll
0x00007fffa1dc0000 - 0x00007fffa1f63000 	C:\windows\System32\OLEAUT32.dll
0x00007fff8ff80000 - 0x00007fff8ffea000 	C:\windows\SYSTEM32\dbgcore.DLL
0x00007fff9ed90000 - 0x00007fff9ee70000 	C:\windows\System32\bcryptPrimitives.dll
0x00007fff8f4b0000 - 0x00007fff8f4ce000 	C:\Users\kball\.jdks\openjdk-23.0.2\bin\java.dll
0x00007fffa1b10000 - 0x00007fffa1db9000 	C:\windows\System32\ole32.dll
0x00007fff9f3f0000 - 0x00007fffa01a9000 	C:\windows\System32\SHELL32.dll

dbghelp: loaded successfully - version: 4.0.5 - missing functions: none
symbol engine: initialized successfully - sym options: 0x614 - pdb path: .;C:\Users\kball\.jdks\openjdk-23.0.2\bin;C:\windows\SYSTEM32;C:\windows\WinSxS\arm64_microsoft.windows.common-controls_6595b64144ccf1df_6.0.26100.3037_none_3e09258ae333c4bc;C:\Users\kball\.jdks\openjdk-23.0.2\bin\server

VM Arguments:
jvm_args: --enable-preview -XX:+ShowCodeDetailsInExceptionMessages 
java_command: ClientDriver
java_class_path (initial): C:\Users\kball\AppData\Roaming\Code\User\workspaceStorage\d37a82288577f051d7511b518b2a1c83\redhat.java\jdt_ws\parley_29b2b042\bin
Launcher Type: SUN_STANDARD

[Global flags]
     intx CICompilerCount                          = 4                                         {product} {ergonomic}
     uint ConcGCThreads                            = 2                                         {product} {ergonomic}
     uint G1ConcRefinementThreads                  = 8                                         {product} {ergonomic}
   size_t G1HeapRegionSize                         = 2097152                                   {product} {ergonomic}
   size_t InitialHeapSize                          = 262144000                                 {product} {ergonomic}
   size_t MarkStackSize                            = 4194304                                   {product} {ergonomic}
   size_t MarkStackSizeMax                         = 536870912                                 {product} {ergonomic}
   size_t MaxHeapSize                              = 4188012544                                {product} {ergonomic}
   size_t MinHeapDeltaBytes                        = 2097152                                   {product} {ergonomic}
   size_t MinHeapSize                              = 8388608                                   {product} {ergonomic}
    uintx NonNMethodCodeHeapSize                   = 5832704                                {pd product} {ergonomic}
    uintx NonProfiledCodeHeapSize                  = 122945536                              {pd product} {ergonomic}
    uintx ProfiledCodeHeapSize                     = 122880000                              {pd product} {ergonomic}
    uintx ReservedCodeCacheSize                    = 251658240                              {pd product} {ergonomic}
     bool SegmentedCodeCache                       = true                                      {product} {ergonomic}
     bool ShowCodeDetailsInExceptionMessages       = true                                   {manageable} {command line}
   size_t SoftMaxHeapSize                          = 4188012544                             {manageable} {ergonomic}
     bool UseCompressedOops                        = true                           {product lp64_product} {ergonomic}
     bool UseG1GC                                  = true                                      {product} {ergonomic}
     bool UseLargePagesIndividualAllocation        = false                                  {pd product} {ergonomic}

Logging:
Log output configuration:
 #0: stdout all=warning uptime,level,tags foldmultilines=false
 #1: stderr all=off uptime,level,tags foldmultilines=false

Environment Variables:
PATH=C:\Python313\Scripts\;C:\Python313\;C:\windows\system32;C:\windows;C:\windows\System32\Wbem;C:\windows\System32\WindowsPowerShell\v1.0\;C:\windows\System32\OpenSSH\;C:\Program Files\Git\cmd;C:\Program Files\Go\bin;C:\Program Files\nodejs\;C:\ProgramData\chocolatey\bin;C:\Users\kball\AppData\Local\Microsoft\WindowsApps;C:\Users\kball\AppData\Local\Programs\Microsoft VS Code\bin;C:\Users\kball\.jdks\openjdk-23.0.2\bin;C:\Users\kball\go\bin;C:\Users\kball\AppData\Roaming\npm;c:\Users\kball\.vscode\extensions\ms-python.debugpy-2025.0.1-win32-arm64\bundled\scripts\noConfigScripts
USERNAME=kball
LANG=en_US.UTF-8
OS=Windows_NT
PROCESSOR_IDENTIFIER=ARMv8 (64-bit) Family 8 Model 1 Revision 201, Qualcomm Technologies Inc
TMP=C:\Users\kball\AppData\Local\Temp
TEMP=C:\Users\kball\AppData\Local\Temp




Periodic native trim disabled

---------------  S Y S T E M  ---------------

OS:
 Windows 11 , 64 bit Build 26100 (10.0.26100.3037)
OS uptime: 25 days 1:58 hours

CPU: total 8 (initial active 8) (8 cores per cpu, 1 threads per core) family 21 model 0 stepping 1 microcode 0x0, cx8, cmov, fxsr, mmx, 3dnowpref, sse, sse2, sse3, ssse3, sse4.1, sse4.2, popcnt, tsc, tscinvbit, aes, clmul, clflush, rdtscp
Processor Information for processor 0
  Max Mhz: 3244, Current Mhz: 1670, Mhz Limit: 3244
Processor Information for processor 1
  Max Mhz: 3244, Current Mhz: 710, Mhz Limit: 3244
Processor Information for processor 2
  Max Mhz: 3244, Current Mhz: 1670, Mhz Limit: 3244
Processor Information for processor 3
  Max Mhz: 3244, Current Mhz: 1670, Mhz Limit: 3244
Processor Information for processor 4
  Max Mhz: 3244, Current Mhz: 1670, Mhz Limit: 3244
Processor Information for processor 5
  Max Mhz: 3244, Current Mhz: 1670, Mhz Limit: 3244
Processor Information for processor 6
  Max Mhz: 3244, Current Mhz: 710, Mhz Limit: 3244
Processor Information for processor 7
  Max Mhz: 3244, Current Mhz: 710, Mhz Limit: 3244

Memory: 4k page, system-wide physical 15973M (1744M free)
TotalPageFile size 65125M (AvailPageFile size 93M)
current process WorkingSet (physical memory assigned to process): 21M, peak: 21M
current process commit charge ("private bytes"): 67M, peak: 316M

vm_info: OpenJDK 64-Bit Server VM (23.0.2+7-58) for windows-amd64 JRE (23.0.2+7-58), built on 2024-11-29T09:34:55Z with MS VC++ 17.6 (VS2022)

END.
