#
# A fatal error has been detected by the Java Runtime Environment:
#
#  EXCEPTION_ACCESS_VIOLATION (0xc0000005) at pc=0x00007ffb959bde60, pid=20736, tid=17000
#
# JRE version: OpenJDK Runtime Environment (19.0.2+7) (build 19.0.2+7-44)
# Java VM: OpenJDK 64-Bit Server VM (19.0.2+7-44, mixed mode, sharing, tiered, compressed oops, compressed class ptrs, g1 gc, windows-amd64)
# Problematic frame:
# C  0x00007ffb959bde60
#
# No core dump will be written. Minidumps are not enabled by default on client versions of Windows
#
# If you would like to submit a bug report, please visit:
#   https://bugreport.java.com/bugreport/crash.jsp
# The crash happened outside the Java Virtual Machine in native code.
# See problematic frame for where to report the bug.
#

---------------  S U M M A R Y ------------

Command Line: -javaagent:C:\Program Files\JetBrains\IntelliJ IDEA 2022.2.2\lib\idea_rt.jar=51264:C:\Program Files\JetBrains\IntelliJ IDEA 2022.2.2\bin -Dfile.encoding=UTF-8 -Dsun.stdout.encoding=UTF-8 -Dsun.stderr.encoding=UTF-8 ClientDriver

Host: 11th Gen Intel(R) Core(TM) i7-11390H @ 3.40GHz, 8 cores, 31G,  Windows 11 , 64 bit Build 26100 (10.0.26100.3323)
Time: Sun Mar 30 17:33:59 2025 GMT Summer Time elapsed time: 87.901532 seconds (0d 0h 1m 27s)

---------------  T H R E A D  ---------------

Current thread (0x0000026253f37d70):  JavaThread "Thread-2" [_thread_in_native, id=17000, stack(0x000000afaea00000,0x000000afaeb00000)]

Stack: [0x000000afaea00000,0x000000afaeb00000],  sp=0x000000afaeafe8c0,  free space=1018k
Native frames: (J=compiled Java code, j=interpreted, Vv=VM code, C=native code)
C  0x00007ffb959bde60

Java frames: (J=compiled Java code, j=interpreted, Vv=VM code)
j  org.bytedeco.opencv.global.opencv_imgcodecs.imencode(Ljava/lang/String;Lorg/bytedeco/opencv/opencv_core/Mat;Lorg/bytedeco/javacpp/BytePointer;)Z+0
j  VideoStreamer.FileStreamer.run()V+167
v  ~StubRoutines::call_stub 0x0000026230cd10e8

siginfo: EXCEPTION_ACCESS_VIOLATION (0xc0000005), reading address 0x00000262b4456081


Registers:
RAX=0x0000000000001e00, RBX=0x0000000000000a00, RCX=0x00000262b4456080, RDX=0x00000000ffffe200
RSP=0x000000afaeafe8c0, RBP=0x000000afaeafe9d0, RSI=0xffffffffffffe200, RDI=0xffffffffffffe200
R8 =0x0000026253310370, R9 =0x0000000000000a00, R10=0x0000026253310370, R11=0x0000000000000000
R12=0x000000afaeaff430, R13=0x0000000000000001, R14=0x0000000000000003, R15=0x0000000000000a00
RIP=0x00007ffb959bde60, EFLAGS=0x0000000000010206


Register to memory mapping:

RIP=0x00007ffb959bde60 points into unknown readable memory: 0x41b60f440151b60f | 0f b6 51 01 44 0f b6 41
RAX=0x0000000000001e00 is an unknown value
RBX=0x0000000000000a00 is an unknown value
RCX=0x00000262b4456080 is an unknown value
RDX=0x00000000ffffe200 is an unknown value
RSP=0x000000afaeafe8c0 is pointing into the stack for thread: 0x0000026253f37d70
RBP=0x000000afaeafe9d0 is pointing into the stack for thread: 0x0000026253f37d70
RSI=0xffffffffffffe200 is an unknown value
RDI=0xffffffffffffe200 is an unknown value
R8 =0x0000026253310370 points into unknown readable memory: 0x382e3e382e3e382e | 2e 38 3e 2e 38 3e 2e 38
R9 =0x0000000000000a00 is an unknown value
R10=0x0000026253310370 points into unknown readable memory: 0x382e3e382e3e382e | 2e 38 3e 2e 38 3e 2e 38
R11=0x0 is NULL
R12=0x000000afaeaff430 is pointing into the stack for thread: 0x0000026253f37d70
R13=0x0000000000000001 is an unknown value
R14=0x0000000000000003 is an unknown value
R15=0x0000000000000a00 is an unknown value


Top of Stack: (sp=0x000000afaeafe8c0)
0x000000afaeafe8c0:   0000000000000280 00007ffb959c7eaa
0x000000afaeafe8d0:   0000026253310370 0000000000000320
0x000000afaeafe8e0:   0000000000000001 000000afaeafea90
0x000000afaeafe8f0:   0000000100000a00 0000000000000000
0x000000afaeafe900:   0000000000000000 00007ffb66117900
0x000000afaeafe910:   00000262b54fbe60 00000262b54fce60
0x000000afaeafe920:   00000262b54fce60 000005a000000000
0x000000afaeafe930:   0000000000000a00 00000262b4456080
0x000000afaeafe940:   000000afaeaff430 0000000100000a00
0x000000afaeafe950:   0000000000000100 0000000000000000
0x000000afaeafe960:   000002625699c408 0000000000000000
0x000000afaeafe970:   0000000000000005 000000afaeaff5f8
0x000000afaeafe980:   000002625699c3b0 00000262b54fcafa
0x000000afaeafe990:   0000000000000366 00007ffb959c7930
0x000000afaeafe9a0:   00007ffb959c7180 00007ffb959c7950
0x000000afaeafe9b0:   000000afaeafe910 000000afaeaff5a8 

Instructions: (pc=0x00007ffb959bde60)
0x00007ffb959bdd60:   c3 cc cc cc cc cc cc cc cc cc cc cc cc cc cc cc
0x00007ffb959bdd70:   48 83 ec 08 48 8b 44 24 30 4d 8b d0 48 c1 e8 20
0x00007ffb959bdd80:   85 c0 74 7d 44 8b 5c 24 34 48 89 5c 24 10 8b 5c
0x00007ffb959bdd90:   24 30 48 89 74 24 18 48 89 3c 24 8d 04 5b 2b d0
0x00007ffb959bdda0:   44 2b c8 48 63 fa 48 03 ff 49 63 f1 48 03 f6 90
0x00007ffb959bddb0:   41 ff cb 85 db 7e 31 4c 8b cb 66 0f 1f 44 00 00
0x00007ffb959bddc0:   0f b7 51 02 44 0f b7 41 04 0f b7 01 48 83 c1 06
0x00007ffb959bddd0:   66 41 89 42 04 66 41 89 52 02 66 45 89 02 49 83
0x00007ffb959bdde0:   c2 06 49 83 e9 01 75 d8 48 03 cf 4c 03 d6 45 85
0x00007ffb959bddf0:   db 75 bd 48 8b 3c 24 48 8b 74 24 18 48 8b 5c 24
0x00007ffb959bde00:   10 48 83 c4 08 c3 cc cc cc cc cc cc cc cc cc cc
0x00007ffb959bde10:   48 83 ec 08 48 8b 44 24 30 4d 8b d0 48 c1 e8 20
0x00007ffb959bde20:   85 c0 74 7a 44 8b 5c 24 34 48 89 5c 24 10 8b 5c
0x00007ffb959bde30:   24 30 48 89 74 24 18 48 89 3c 24 8d 04 5b 2b d0
0x00007ffb959bde40:   44 2b c8 48 63 fa 49 63 f1 0f 1f 80 00 00 00 00
0x00007ffb959bde50:   41 ff cb 85 db 7e 2e 4c 8b cb 66 0f 1f 44 00 00
0x00007ffb959bde60:   0f b6 51 01 44 0f b6 41 02 0f b6 01 48 83 c1 03
0x00007ffb959bde70:   41 88 42 02 41 88 52 01 45 88 02 49 83 c2 03 49
0x00007ffb959bde80:   83 e9 01 75 db 48 03 cf 4c 03 d6 45 85 db 75 c0
0x00007ffb959bde90:   48 8b 3c 24 48 8b 74 24 18 48 8b 5c 24 10 48 83
0x00007ffb959bdea0:   c4 08 c3 cc cc cc cc cc cc cc cc cc cc cc cc cc
0x00007ffb959bdeb0:   48 83 ec 08 48 8b 44 24 30 4c 8b d9 48 c1 e8 20
0x00007ffb959bdec0:   85 c0 0f 84 80 00 00 00 44 8b 54 24 34 48 89 5c
0x00007ffb959bded0:   24 10 8b 5c 24 30 48 89 74 24 18 48 89 3c 24 48
0x00007ffb959bdee0:   63 f2 8d 04 5b 44 2b c8 49 63 f9 0f 1f 44 00 00
0x00007ffb959bdef0:   41 ff ca 85 db 7e 38 49 8b d3 4c 8b cb 0f 1f 00
0x00007ffb959bdf00:   0f b7 0a 48 8d 52 02 0f b6 c1 c0 e0 03 41 88 00
0x00007ffb959bdf10:   8b c1 c1 e8 02 c1 e9 07 24 f8 80 e1 f8 41 88 40
0x00007ffb959bdf20:   01 41 88 48 02 49 83 c0 03 49 83 e9 01 75 d1 4c
0x00007ffb959bdf30:   03 c7 4c 03 de 45 85 d2 75 b6 48 8b 3c 24 48 8b
0x00007ffb959bdf40:   74 24 18 48 8b 5c 24 10 48 83 c4 08 c3 cc cc cc
0x00007ffb959bdf50:   4c 8b dc 53 57 48 83 ec 78 48 8b 84 24 b0 00 00 


Stack slot to memory mapping:
stack at sp + 0 slots: 0x0000000000000280 is an unknown value
stack at sp + 1 slots: 0x00007ffb959c7eaa points into unknown readable memory: eb 2c 41 83 fe 04
stack at sp + 2 slots: 0x0000026253310370 points into unknown readable memory: 0x382e3e382e3e382e | 2e 38 3e 2e 38 3e 2e 38
stack at sp + 3 slots: 0x0000000000000320 is an unknown value
stack at sp + 4 slots: 0x0000000000000001 is an unknown value
stack at sp + 5 slots: 0x000000afaeafea90 is pointing into the stack for thread: 0x0000026253f37d70
stack at sp + 6 slots: 0x0000000100000a00 is an unknown value
stack at sp + 7 slots: 0x0 is NULL


---------------  P R O C E S S  ---------------

Threads class SMR info:
_java_thread_list=0x00000262538a0a90, length=24, elements={
0x000002624c276980, 0x000002624c2771b0, 0x000002624c277ff0, 0x000002624c278980,
0x000002624c27b3d0, 0x000002624c27e930, 0x000002624c2861d0, 0x000002624c2901e0,
0x000002624ebe1fe0, 0x000002624c24ce20, 0x00000262538c21c0, 0x00000262538c2700,
0x0000026253966fa0, 0x00000262533aa5d0, 0x000002625387abb0, 0x0000026253b8b4d0,
0x0000026253cc2df0, 0x0000026253f38810, 0x0000026253f38d60, 0x0000026253f3a7f0,
0x0000026253f3a2a0, 0x0000026253f392b0, 0x0000026253f39d50, 0x0000026253f37d70
}

Java Threads: ( => current thread )
  0x000002624c276980 JavaThread "Reference Handler" daemon [_thread_blocked, id=18068, stack(0x000000afaaa00000,0x000000afaab00000)]
  0x000002624c2771b0 JavaThread "Finalizer" daemon [_thread_blocked, id=6524, stack(0x000000afaab00000,0x000000afaac00000)]
  0x000002624c277ff0 JavaThread "Signal Dispatcher" daemon [_thread_blocked, id=12292, stack(0x000000afaac00000,0x000000afaad00000)]
  0x000002624c278980 JavaThread "Attach Listener" daemon [_thread_blocked, id=18808, stack(0x000000afaad00000,0x000000afaae00000)]
  0x000002624c27b3d0 JavaThread "Service Thread" daemon [_thread_blocked, id=12472, stack(0x000000afaae00000,0x000000afaaf00000)]
  0x000002624c27e930 JavaThread "Monitor Deflation Thread" daemon [_thread_blocked, id=13200, stack(0x000000afaaf00000,0x000000afab000000)]
  0x000002624c2861d0 JavaThread "C2 CompilerThread0" daemon [_thread_blocked, id=21512, stack(0x000000afab000000,0x000000afab100000)]
  0x000002624c2901e0 JavaThread "C1 CompilerThread0" daemon [_thread_blocked, id=16496, stack(0x000000afab100000,0x000000afab200000)]
  0x000002624ebe1fe0 JavaThread "Sweeper thread" daemon [_thread_blocked, id=11292, stack(0x000000afab200000,0x000000afab300000)]
  0x000002624c24ce20 JavaThread "Common-Cleaner" daemon [_thread_blocked, id=21484, stack(0x000000afab300000,0x000000afab400000)]
  0x00000262538c21c0 JavaThread "Monitor Ctrl-Break" daemon [_thread_in_native, id=23168, stack(0x000000afab500000,0x000000afab600000)]
  0x00000262538c2700 JavaThread "Notification Thread" daemon [_thread_blocked, id=18948, stack(0x000000afab600000,0x000000afab700000)]
  0x0000026253966fa0 JavaThread "Java2D Disposer" daemon [_thread_blocked, id=2512, stack(0x000000afab800000,0x000000afab900000)]
  0x00000262533aa5d0 JavaThread "AWT-Shutdown" [_thread_blocked, id=20920, stack(0x000000afab900000,0x000000afaba00000)]
  0x000002625387abb0 JavaThread "AWT-Windows" daemon [_thread_in_native, id=21448, stack(0x000000afaba00000,0x000000afabb00000)]
  0x0000026253b8b4d0 JavaThread "AWT-EventQueue-0" [_thread_blocked, id=11628, stack(0x000000afabd00000,0x000000afabe00000)]
  0x0000026253cc2df0 JavaThread "Thread-0" [_thread_in_native, id=6984, stack(0x000000afac800000,0x000000afac900000)]
  0x0000026253f38810 JavaThread "Thread-1" [_thread_in_native, id=12664, stack(0x000000afac900000,0x000000afaca00000)]
  0x0000026253f38d60 JavaThread "DestroyJavaVM" [_thread_blocked, id=18672, stack(0x000000afaa300000,0x000000afaa400000)]
  0x0000026253f3a7f0 JavaThread "TimerQueue" daemon [_thread_blocked, id=6456, stack(0x000000afaca00000,0x000000afacb00000)]
  0x0000026253f3a2a0 JavaThread "Swing-Shell" daemon [_thread_blocked, id=14032, stack(0x000000afabb00000,0x000000afabc00000)]
  0x0000026253f392b0 JavaThread "JavaCPP Deallocator" daemon [_thread_blocked, id=22280, stack(0x000000afacc00000,0x000000afacd00000)]
  0x0000026253f39d50 JavaThread "Java Sound Event Dispatcher" daemon [_thread_blocked, id=19192, stack(0x000000afae500000,0x000000afae600000)]
=>0x0000026253f37d70 JavaThread "Thread-2" [_thread_in_native, id=17000, stack(0x000000afaea00000,0x000000afaeb00000)]

Other Threads:
  0x000002624c25c0e0 VMThread "VM Thread" [stack: 0x000000afaa900000,0x000000afaaa00000] [id=21124]
  0x0000026253388190 WatcherThread "VM Periodic Task Thread" [stack: 0x000000afab700000,0x000000afab800000] [id=14112]
  0x000002624c0e0980 WorkerThread "GC Thread#0" [stack: 0x000000afaa400000,0x000000afaa500000] [id=12776]
  0x0000026253cc12b0 WorkerThread "GC Thread#1" [stack: 0x000000afac100000,0x000000afac200000] [id=6836]
  0x0000026253cc1580 WorkerThread "GC Thread#2" [stack: 0x000000afac200000,0x000000afac300000] [id=8252]
  0x0000026253cc1850 WorkerThread "GC Thread#3" [stack: 0x000000afac300000,0x000000afac400000] [id=22452]
  0x0000026253cc1b20 WorkerThread "GC Thread#4" [stack: 0x000000afac400000,0x000000afac500000] [id=22408]
  0x0000026253cc1df0 WorkerThread "GC Thread#5" [stack: 0x000000afac500000,0x000000afac600000] [id=1372]
  0x0000026253cc20c0 WorkerThread "GC Thread#6" [stack: 0x000000afac600000,0x000000afac700000] [id=20548]
  0x0000026253e74b10 WorkerThread "GC Thread#7" [stack: 0x000000afac700000,0x000000afac800000] [id=15252]
  0x0000026220115ce0 ConcurrentGCThread "G1 Main Marker" [stack: 0x000000afaa500000,0x000000afaa600000] [id=22344]
  0x000002621fe9c960 WorkerThread "G1 Conc#0" [stack: 0x000000afaa600000,0x000000afaa700000] [id=1708]
  0x000002625408d900 WorkerThread "G1 Conc#1" [stack: 0x000000afadb00000,0x000000afadc00000] [id=9160]
  0x000002624c18e370 ConcurrentGCThread "G1 Refine#0" [stack: 0x000000afaa700000,0x000000afaa800000] [id=14220]
  0x000002624c190ad0 ConcurrentGCThread "G1 Service" [stack: 0x000000afaa800000,0x000000afaa900000] [id=2556]

Threads with active compile tasks:

VM state: not at safepoint (normal execution)

VM Mutex/Monitor currently owned by a thread: None

Heap address: 0x0000000603c00000, size: 8132 MB, Compressed Oops mode: Zero based, Oop shift amount: 3

CDS archive(s) mapped at: [0x0000000800000000-0x0000000800c40000-0x0000000800c40000), size 12845056, SharedBaseAddress: 0x0000000800000000, ArchiveRelocationMode: 0.
Compressed class space mapped at: 0x0000000801000000-0x0000000841000000, reserved size: 1073741824
Narrow klass base: 0x0000000800000000, Narrow klass shift: 0, Narrow klass range: 0x100000000

GC Precious Log:
 CardTable entry size: 512
 Card Set container configuration: InlinePtr #cards 4 size 8 Array Of Cards #cards 32 size 80 Howl #buckets 8 coarsen threshold 7372 Howl Bitmap #cards 1024 size 144 coarsen threshold 921 Card regions per heap region 1 cards per card region 8192
 CPUs: 8 total, 8 available
 Memory: 32513M
 Large Page Support: Disabled
 NUMA Support: Disabled
 Compressed Oops: Enabled (Zero based)
 Heap Region Size: 4M
 Heap Min Capacity: 8M
 Heap Initial Capacity: 512M
 Heap Max Capacity: 8132M
 Pre-touch: Disabled
 Parallel Workers: 8
 Concurrent Workers: 2
 Concurrent Refinement Workers: 8
 Periodic GC: Disabled

Heap:
 garbage-first heap   total 147456K, used 86080K [0x0000000603c00000, 0x0000000800000000)
  region size 4096K, 10 young (40960K), 1 survivors (4096K)
 Metaspace       used 24069K, committed 24320K, reserved 1114112K
  class space    used 2172K, committed 2304K, reserved 1048576K

Heap Regions: E=young(eden), S=young(survivor), O=old, HS=humongous(starts), HC=humongous(continues), CS=collection set, F=free, OA=open archive, CA=closed archive, TAMS=top-at-mark-start (previous, next)
|   0|0x0000000603c00000, 0x0000000604000000, 0x0000000604000000|100%| O|  |TAMS 0x0000000604000000, 0x0000000603c00000| Untracked 
|   1|0x0000000604000000, 0x0000000604400000, 0x0000000604400000|100%| O|  |TAMS 0x0000000604400000, 0x0000000604000000| Untracked 
|   2|0x0000000604400000, 0x0000000604400000, 0x0000000604800000|  0%| F|  |TAMS 0x0000000604400000, 0x0000000604400000| Untracked 
|   3|0x0000000604800000, 0x0000000604800000, 0x0000000604c00000|  0%| F|  |TAMS 0x0000000604800000, 0x0000000604800000| Untracked 
|   4|0x0000000604c00000, 0x0000000604c00000, 0x0000000605000000|  0%| F|  |TAMS 0x0000000604c00000, 0x0000000604c00000| Untracked 
|   5|0x0000000605000000, 0x0000000605400000, 0x0000000605400000|100%|HS|  |TAMS 0x0000000605000000, 0x0000000605000000| Complete 
|   6|0x0000000605400000, 0x0000000605800000, 0x0000000605800000|100%|HC|  |TAMS 0x0000000605400000, 0x0000000605400000| Complete 
|   7|0x0000000605800000, 0x0000000605c00000, 0x0000000605c00000|100%|HC|  |TAMS 0x0000000605800000, 0x0000000605800000| Complete 
|   8|0x0000000605c00000, 0x0000000605ed9800, 0x0000000606000000| 71%| O|  |TAMS 0x0000000605c00000, 0x0000000605c00000| Untracked 
|   9|0x0000000606000000, 0x0000000606000000, 0x0000000606400000|  0%| F|  |TAMS 0x0000000606000000, 0x0000000606000000| Untracked 
|  10|0x0000000606400000, 0x0000000606400000, 0x0000000606800000|  0%| F|  |TAMS 0x0000000606400000, 0x0000000606400000| Untracked 
|  11|0x0000000606800000, 0x0000000606800000, 0x0000000606c00000|  0%| F|  |TAMS 0x0000000606800000, 0x0000000606800000| Untracked 
|  12|0x0000000606c00000, 0x0000000606c00000, 0x0000000607000000|  0%| F|  |TAMS 0x0000000606c00000, 0x0000000606c00000| Untracked 
|  13|0x0000000607000000, 0x0000000607136920, 0x0000000607400000| 30%| S|CS|TAMS 0x0000000607000000, 0x0000000607000000| Complete 
|  14|0x0000000607400000, 0x0000000607400000, 0x0000000607800000|  0%| F|  |TAMS 0x0000000607400000, 0x0000000607400000| Untracked 
|  15|0x0000000607800000, 0x0000000607800000, 0x0000000607c00000|  0%| F|  |TAMS 0x0000000607800000, 0x0000000607800000| Untracked 
|  16|0x0000000607c00000, 0x0000000607c00000, 0x0000000608000000|  0%| F|  |TAMS 0x0000000607c00000, 0x0000000607c00000| Untracked 
|  17|0x0000000608000000, 0x0000000608000000, 0x0000000608400000|  0%| F|  |TAMS 0x0000000608000000, 0x0000000608000000| Untracked 
|  18|0x0000000608400000, 0x0000000608400000, 0x0000000608800000|  0%| F|  |TAMS 0x0000000608400000, 0x0000000608400000| Untracked 
|  19|0x0000000608800000, 0x00000006088e33e0, 0x0000000608c00000| 22%| E|  |TAMS 0x0000000608800000, 0x0000000608800000| Complete 
|  20|0x0000000608c00000, 0x0000000609000000, 0x0000000609000000|100%| E|CS|TAMS 0x0000000608c00000, 0x0000000608c00000| Complete 
|  21|0x0000000609000000, 0x0000000609400000, 0x0000000609400000|100%| E|  |TAMS 0x0000000609000000, 0x0000000609000000| Complete 
|  22|0x0000000609400000, 0x0000000609800000, 0x0000000609800000|100%| E|CS|TAMS 0x0000000609400000, 0x0000000609400000| Complete 
|  23|0x0000000609800000, 0x0000000609c00000, 0x0000000609c00000|100%| E|CS|TAMS 0x0000000609800000, 0x0000000609800000| Complete 
|  24|0x0000000609c00000, 0x000000060a000000, 0x000000060a000000|100%| E|CS|TAMS 0x0000000609c00000, 0x0000000609c00000| Complete 
|  25|0x000000060a000000, 0x000000060a400000, 0x000000060a400000|100%| E|CS|TAMS 0x000000060a000000, 0x000000060a000000| Complete 
|  26|0x000000060a400000, 0x000000060a800000, 0x000000060a800000|100%|HS|  |TAMS 0x000000060a400000, 0x000000060a400000| Complete 
|  27|0x000000060a800000, 0x000000060ac00000, 0x000000060ac00000|100%|HC|  |TAMS 0x000000060a800000, 0x000000060a800000| Complete 
|  28|0x000000060ac00000, 0x000000060b000000, 0x000000060b000000|100%|HC|  |TAMS 0x000000060ac00000, 0x000000060ac00000| Complete 
|  29|0x000000060b000000, 0x000000060b400000, 0x000000060b400000|100%|HC|  |TAMS 0x000000060b000000, 0x000000060b000000| Complete 
|  30|0x000000060b400000, 0x000000060b800000, 0x000000060b800000|100%|HS|  |TAMS 0x000000060b400000, 0x000000060b400000| Complete 
|  31|0x000000060b800000, 0x000000060bc00000, 0x000000060bc00000|100%|HC|  |TAMS 0x000000060b800000, 0x000000060b800000| Complete 
|  32|0x000000060bc00000, 0x000000060c000000, 0x000000060c000000|100%|HC|  |TAMS 0x000000060bc00000, 0x000000060bc00000| Complete 
|  33|0x000000060c000000, 0x000000060c400000, 0x000000060c400000|100%|HC|  |TAMS 0x000000060c000000, 0x000000060c000000| Complete 
| 104|0x000000061dc00000, 0x000000061e000000, 0x000000061e000000|100%| E|CS|TAMS 0x000000061dc00000, 0x000000061dc00000| Complete 
| 127|0x0000000623800000, 0x0000000623c00000, 0x0000000623c00000|100%| E|CS|TAMS 0x0000000623800000, 0x0000000623800000| Complete 

Card table byte_map: [0x000002623a210000,0x000002623b200000] _byte_map_base: 0x00000262371f2000

Marking Bits (Prev, Next): (CMBitMap*) 0x00000262201049b0, (CMBitMap*) 0x0000026220104970
 Prev Bits: [0x0000026244100000, 0x000002624c010000)
 Next Bits: [0x000002623c1f0000, 0x0000026244100000)

Polling page: 0x0000026220140000

Metaspace:

Usage:
  Non-class:     21.38 MB used.
      Class:      2.12 MB used.
       Both:     23.50 MB used.

Virtual space:
  Non-class space:       64.00 MB reserved,      21.50 MB ( 34%) committed,  1 nodes.
      Class space:        1.00 GB reserved,       2.25 MB ( <1%) committed,  1 nodes.
             Both:        1.06 GB reserved,      23.75 MB (  2%) committed. 

Chunk freelists:
   Non-Class:  2.31 MB
       Class:  1.75 MB
        Both:  4.06 MB

MaxMetaspaceSize: unlimited
CompressedClassSpaceSize: 1.00 GB
Initial GC threshold: 21.00 MB
Current GC threshold: 35.44 MB
CDS: on
MetaspaceReclaimPolicy: balanced
 - commit_granule_bytes: 65536.
 - commit_granule_words: 8192.
 - virtual_space_node_default_size: 8388608.
 - enlarge_chunks_in_place: 1.
 - new_chunks_are_fully_committed: 0.
 - uncommit_free_chunks: 1.
 - use_allocation_guard: 0.


Internal statistics:

num_allocs_failed_limit: 3.
num_arena_births: 250.
num_arena_deaths: 0.
num_vsnodes_births: 2.
num_vsnodes_deaths: 0.
num_space_committed: 378.
num_space_uncommitted: 0.
num_chunks_returned_to_freelist: 3.
num_chunks_taken_from_freelist: 601.
num_chunk_merges: 3.
num_chunk_splits: 452.
num_chunks_enlarged: 349.
num_inconsistent_stats: 0.

CodeHeap 'non-profiled nmethods': size=120000Kb used=2714Kb max_used=2714Kb free=117285Kb
 bounds [0x0000026231270000, 0x0000026231520000, 0x00000262387a0000]
CodeHeap 'profiled nmethods': size=120000Kb used=8698Kb max_used=8698Kb free=111301Kb
 bounds [0x00000262297a0000, 0x000002622a020000, 0x0000026230cd0000]
CodeHeap 'non-nmethods': size=5760Kb used=1923Kb max_used=2000Kb free=3836Kb
 bounds [0x0000026230cd0000, 0x0000026230f40000, 0x0000026231270000]
 total_blobs=5265 nmethods=4004 adapters=1169
 compilation: enabled
              stopped_count=0, restarted_count=0
 full_count=0

Compilation events (20 events):
Event: 87.624 Thread 0x000002624c2901e0 3994       3       java.awt.Component$BltBufferStrategy::revalidate (6 bytes)
Event: 87.624 Thread 0x000002624c2901e0 nmethod 3994 0x000002622a019090 code [0x000002622a019240, 0x000002622a019408]
Event: 87.749 Thread 0x000002624c2901e0 3995       3       java.nio.DirectByteBuffer::<init> (25 bytes)
Event: 87.749 Thread 0x000002624c2901e0 nmethod 3995 0x000002622a019490 code [0x000002622a019640, 0x000002622a019808]
Event: 87.753 Thread 0x000002624c2901e0 3996   !   3       org.bytedeco.javacv.CanvasFrame$2::paint (175 bytes)
Event: 87.753 Thread 0x000002624c2901e0 nmethod 3996 0x000002622a019890 code [0x000002622a019b40, 0x000002622a01ac08]
Event: 87.753 Thread 0x000002624c2901e0 3997       3       java.awt.Canvas::getBufferStrategy (5 bytes)
Event: 87.753 Thread 0x000002624c2901e0 nmethod 3997 0x000002622a01b310 code [0x000002622a01b4a0, 0x000002622a01b5b8]
Event: 87.815 Thread 0x000002624c2901e0 3998       3       java.awt.Component$BltBufferStrategy::revalidate (157 bytes)
Event: 87.815 Thread 0x000002624c2901e0 nmethod 3998 0x000002622a01b690 code [0x000002622a01b900, 0x000002622a01c3d8]
Event: 87.818 Thread 0x000002624c2901e0 4000   !   3       java.awt.Component$BltBufferStrategy::showSubRegion (176 bytes)
Event: 87.818 Thread 0x000002624c2901e0 nmethod 4000 0x000002622a01c810 code [0x000002622a01ca80, 0x000002622a01d4a8]
Event: 87.818 Thread 0x000002624c2901e0 3999       3       java.awt.Component$BltBufferStrategy::show (43 bytes)
Event: 87.818 Thread 0x000002624c2901e0 nmethod 3999 0x000002622a01da90 code [0x000002622a01dc40, 0x000002622a01de48]
Event: 87.819 Thread 0x000002624c2901e0 4001       3       java.awt.Component$BltBufferStrategy::contentsLost (25 bytes)
Event: 87.819 Thread 0x000002624c2901e0 nmethod 4001 0x000002622a01df10 code [0x000002622a01e0c0, 0x000002622a01e398]
Event: 87.886 Thread 0x000002624c2861d0 4003       4       java.nio.Buffer::position (52 bytes)
Event: 87.886 Thread 0x000002624c2861d0 nmethod 4003 0x0000026231516690 code [0x0000026231516820, 0x00000262315168f8]
Event: 87.888 Thread 0x000002624c2901e0 4004       3       java.nio.CharBuffer::position (8 bytes)
Event: 87.888 Thread 0x000002624c2901e0 nmethod 4004 0x000002622a01e510 code [0x000002622a01e6c0, 0x000002622a01e808]

GC Heap History (16 events):
Event: 0.574 GC heap before
{Heap before GC invocations=0 (full 0):
 garbage-first heap   total 524288K, used 24576K [0x0000000603c00000, 0x0000000800000000)
  region size 4096K, 6 young (24576K), 0 survivors (0K)
 Metaspace       used 8209K, committed 8448K, reserved 1114112K
  class space    used 897K, committed 1024K, reserved 1048576K
}
Event: 0.577 GC heap after
{Heap after GC invocations=1 (full 0):
 garbage-first heap   total 524288K, used 9572K [0x0000000603c00000, 0x0000000800000000)
  region size 4096K, 1 young (4096K), 1 survivors (4096K)
 Metaspace       used 8209K, committed 8448K, reserved 1114112K
  class space    used 897K, committed 1024K, reserved 1048576K
}
Event: 66.308 GC heap before
{Heap before GC invocations=1 (full 0):
 garbage-first heap   total 524288K, used 38244K [0x0000000603c00000, 0x0000000800000000)
  region size 4096K, 6 young (24576K), 1 survivors (4096K)
 Metaspace       used 14035K, committed 14336K, reserved 1114112K
  class space    used 1520K, committed 1664K, reserved 1048576K
}
Event: 66.312 GC heap after
{Heap after GC invocations=2 (full 0):
 garbage-first heap   total 524288K, used 19878K [0x0000000603c00000, 0x0000000800000000)
  region size 4096K, 1 young (4096K), 1 survivors (4096K)
 Metaspace       used 14035K, committed 14336K, reserved 1114112K
  class space    used 1520K, committed 1664K, reserved 1048576K
}
Event: 80.284 GC heap before
{Heap before GC invocations=2 (full 0):
 garbage-first heap   total 524288K, used 69030K [0x0000000603c00000, 0x0000000800000000)
  region size 4096K, 13 young (53248K), 1 survivors (4096K)
 Metaspace       used 19441K, committed 19712K, reserved 1114112K
  class space    used 1627K, committed 1728K, reserved 1048576K
}
Event: 80.285 GC heap after
{Heap after GC invocations=3 (full 0):
 garbage-first heap   total 524288K, used 20064K [0x0000000603c00000, 0x0000000800000000)
  region size 4096K, 1 young (4096K), 1 survivors (4096K)
 Metaspace       used 19441K, committed 19712K, reserved 1114112K
  class space    used 1627K, committed 1728K, reserved 1048576K
}
Event: 80.534 GC heap before
{Heap before GC invocations=3 (full 0):
 garbage-first heap   total 524288K, used 106080K [0x0000000603c00000, 0x0000000800000000)
  region size 4096K, 23 young (94208K), 1 survivors (4096K)
 Metaspace       used 21262K, committed 21504K, reserved 1114112K
  class space    used 1862K, committed 1984K, reserved 1048576K
}
Event: 80.535 GC heap after
{Heap after GC invocations=4 (full 0):
 garbage-first heap   total 524288K, used 20464K [0x0000000603c00000, 0x0000000800000000)
  region size 4096K, 1 young (4096K), 1 survivors (4096K)
 Metaspace       used 21262K, committed 21504K, reserved 1114112K
  class space    used 1862K, committed 1984K, reserved 1048576K
}
Event: 82.288 GC heap before
{Heap before GC invocations=5 (full 0):
 garbage-first heap   total 147456K, used 131056K [0x0000000603c00000, 0x0000000800000000)
  region size 4096K, 14 young (57344K), 1 survivors (4096K)
 Metaspace       used 23933K, committed 24128K, reserved 1114112K
  class space    used 2166K, committed 2240K, reserved 1048576K
}
Event: 82.290 GC heap after
{Heap after GC invocations=6 (full 0):
 garbage-first heap   total 147456K, used 82116K [0x0000000603c00000, 0x0000000800000000)
  region size 4096K, 1 young (4096K), 1 survivors (4096K)
 Metaspace       used 23933K, committed 24128K, reserved 1114112K
  class space    used 2166K, committed 2240K, reserved 1048576K
}
Event: 82.353 GC heap before
{Heap before GC invocations=6 (full 0):
 garbage-first heap   total 147456K, used 82116K [0x0000000603c00000, 0x0000000800000000)
  region size 4096K, 2 young (8192K), 1 survivors (4096K)
 Metaspace       used 23934K, committed 24128K, reserved 1114112K
  class space    used 2166K, committed 2240K, reserved 1048576K
}
Event: 82.356 GC heap after
{Heap after GC invocations=7 (full 0):
 garbage-first heap   total 147456K, used 58453K [0x0000000603c00000, 0x0000000800000000)
  region size 4096K, 1 young (4096K), 1 survivors (4096K)
 Metaspace       used 23934K, committed 24128K, reserved 1114112K
  class space    used 2166K, committed 2240K, reserved 1048576K
}
Event: 84.302 GC heap before
{Heap before GC invocations=7 (full 0):
 garbage-first heap   total 147456K, used 111701K [0x0000000603c00000, 0x0000000800000000)
  region size 4096K, 15 young (61440K), 1 survivors (4096K)
 Metaspace       used 23960K, committed 24192K, reserved 1114112K
  class space    used 2166K, committed 2240K, reserved 1048576K
}
Event: 84.304 GC heap after
{Heap after GC invocations=8 (full 0):
 garbage-first heap   total 147456K, used 58927K [0x0000000603c00000, 0x0000000800000000)
  region size 4096K, 1 young (4096K), 1 survivors (4096K)
 Metaspace       used 23960K, committed 24192K, reserved 1114112K
  class space    used 2166K, committed 2240K, reserved 1048576K
}
Event: 86.786 GC heap before
{Heap before GC invocations=8 (full 0):
 garbage-first heap   total 147456K, used 112175K [0x0000000603c00000, 0x0000000800000000)
  region size 4096K, 15 young (61440K), 1 survivors (4096K)
 Metaspace       used 24041K, committed 24256K, reserved 1114112K
  class space    used 2168K, committed 2240K, reserved 1048576K
}
Event: 86.787 GC heap after
{Heap after GC invocations=9 (full 0):
 garbage-first heap   total 147456K, used 57408K [0x0000000603c00000, 0x0000000800000000)
  region size 4096K, 1 young (4096K), 1 survivors (4096K)
 Metaspace       used 24041K, committed 24256K, reserved 1114112K
  class space    used 2168K, committed 2240K, reserved 1048576K
}

Dll operation events (20 events):
Event: 80.177 Loaded shared library C:\Users\calum\.javacpp\cache\openblas-0.3.19-1.5.7-windows-x86_64.jar\org\bytedeco\openblas\windows-x86_64\jniopenblas_nolapack.dll
Event: 80.210 Loaded shared library C:\Users\calum\.javacpp\cache\openblas-0.3.19-1.5.7-windows-x86_64.jar\org\bytedeco\openblas\windows-x86_64\libopenblas.dll
Event: 80.219 Loaded shared library C:\Users\calum\.javacpp\cache\openblas-0.3.19-1.5.7-windows-x86_64.jar\org\bytedeco\openblas\windows-x86_64\jniopenblas.dll
Event: 80.446 Loaded shared library C:\Users\calum\.javacpp\cache\opencv-4.5.5-1.5.7-windows-x86_64.jar\org\bytedeco\opencv\windows-x86_64\opencv_core455.dll
Event: 80.460 Loaded shared library C:\Users\calum\.javacpp\cache\opencv-4.5.5-1.5.7-windows-x86_64.jar\org\bytedeco\opencv\windows-x86_64\opencv_imgproc455.dll
Event: 80.474 Loaded shared library C:\Users\calum\.javacpp\cache\opencv-4.5.5-1.5.7-windows-x86_64.jar\org\bytedeco\opencv\windows-x86_64\jniopencv_core.dll
Event: 80.593 Loaded shared library C:\Users\calum\.javacpp\cache\ffmpeg-5.0-1.5.7-windows-x86_64.jar\org\bytedeco\ffmpeg\windows-x86_64\avutil-57.dll
Event: 80.649 Loaded shared library C:\Users\calum\.javacpp\cache\ffmpeg-5.0-1.5.7-windows-x86_64.jar\org\bytedeco\ffmpeg\windows-x86_64\jniavutil.dll
Event: 80.710 Loaded shared library C:\Users\calum\.javacpp\cache\ffmpeg-5.0-1.5.7-windows-x86_64.jar\org\bytedeco\ffmpeg\windows-x86_64\swresample-4.dll
Event: 80.742 Loaded shared library C:\Users\calum\.javacpp\cache\ffmpeg-5.0-1.5.7-windows-x86_64.jar\org\bytedeco\ffmpeg\windows-x86_64\jniswresample.dll
Event: 80.955 Loaded shared library C:\Users\calum\.javacpp\cache\ffmpeg-5.0-1.5.7-windows-x86_64.jar\org\bytedeco\ffmpeg\windows-x86_64\avcodec-59.dll
Event: 81.002 Loaded shared library C:\Users\calum\.javacpp\cache\ffmpeg-5.0-1.5.7-windows-x86_64.jar\org\bytedeco\ffmpeg\windows-x86_64\jniavcodec.dll
Event: 81.185 Loaded shared library C:\Users\calum\.javacpp\cache\ffmpeg-5.0-1.5.7-windows-x86_64.jar\org\bytedeco\ffmpeg\windows-x86_64\avformat-59.dll
Event: 81.238 Loaded shared library C:\Users\calum\.javacpp\cache\ffmpeg-5.0-1.5.7-windows-x86_64.jar\org\bytedeco\ffmpeg\windows-x86_64\jniavformat.dll
Event: 81.437 Loaded shared library C:\Users\calum\.jdks\openjdk-19.0.2\bin\jsound.dll
Event: 81.604 Loaded shared library C:\Users\calum\.javacpp\cache\ffmpeg-5.0-1.5.7-windows-x86_64.jar\org\bytedeco\ffmpeg\windows-x86_64\swscale-6.dll
Event: 81.649 Loaded shared library C:\Users\calum\.javacpp\cache\ffmpeg-5.0-1.5.7-windows-x86_64.jar\org\bytedeco\ffmpeg\windows-x86_64\jniswscale.dll
Event: 81.718 Loaded shared library C:\Users\calum\.javacpp\cache\opencv-4.5.5-1.5.7-windows-x86_64.jar\org\bytedeco\opencv\windows-x86_64\jniopencv_imgproc.dll
Event: 81.767 Loaded shared library C:\Users\calum\.javacpp\cache\opencv-4.5.5-1.5.7-windows-x86_64.jar\org\bytedeco\opencv\windows-x86_64\opencv_imgcodecs455.dll
Event: 81.792 Loaded shared library C:\Users\calum\.javacpp\cache\opencv-4.5.5-1.5.7-windows-x86_64.jar\org\bytedeco\opencv\windows-x86_64\jniopencv_imgcodecs.dll

Deoptimization events (20 events):
Event: 85.271 Thread 0x0000026253b8b4d0 Uncommon trap: trap_request=0xffffffc6 fr.pc=0x00000262313ecaa8 relative=0x0000000000000388
Event: 85.271 Thread 0x0000026253b8b4d0 Uncommon trap: reason=bimorphic_or_optimized_type_check action=maybe_recompile pc=0x00000262313ecaa8 method=sun.awt.windows.WComponentPeer.handleEvent(Ljava/awt/AWTEvent;)V @ 152 c2
Event: 85.271 Thread 0x0000026253b8b4d0 DEOPT PACKING pc=0x00000262313ecaa8 sp=0x000000afabdfea90
Event: 85.271 Thread 0x0000026253b8b4d0 DEOPT UNPACKING pc=0x0000026230d3a5a3 sp=0x000000afabdfea28 mode 2
Event: 85.278 Thread 0x0000026253b8b4d0 Uncommon trap: trap_request=0xffffffc6 fr.pc=0x00000262313ecaa8 relative=0x0000000000000388
Event: 85.278 Thread 0x0000026253b8b4d0 Uncommon trap: reason=bimorphic_or_optimized_type_check action=maybe_recompile pc=0x00000262313ecaa8 method=sun.awt.windows.WComponentPeer.handleEvent(Ljava/awt/AWTEvent;)V @ 152 c2
Event: 85.278 Thread 0x0000026253b8b4d0 DEOPT PACKING pc=0x00000262313ecaa8 sp=0x000000afabdfea90
Event: 85.278 Thread 0x0000026253b8b4d0 DEOPT UNPACKING pc=0x0000026230d3a5a3 sp=0x000000afabdfea28 mode 2
Event: 85.287 Thread 0x0000026253b8b4d0 Uncommon trap: trap_request=0xffffffc6 fr.pc=0x00000262313ecaa8 relative=0x0000000000000388
Event: 85.287 Thread 0x0000026253b8b4d0 Uncommon trap: reason=bimorphic_or_optimized_type_check action=maybe_recompile pc=0x00000262313ecaa8 method=sun.awt.windows.WComponentPeer.handleEvent(Ljava/awt/AWTEvent;)V @ 152 c2
Event: 85.287 Thread 0x0000026253b8b4d0 DEOPT PACKING pc=0x00000262313ecaa8 sp=0x000000afabdfea90
Event: 85.287 Thread 0x0000026253b8b4d0 DEOPT UNPACKING pc=0x0000026230d3a5a3 sp=0x000000afabdfea28 mode 2
Event: 87.886 Thread 0x0000026256818500 Uncommon trap: trap_request=0xffffff45 fr.pc=0x0000026231401c78 relative=0x00000000000004d8
Event: 87.886 Thread 0x0000026256818500 Uncommon trap: reason=unstable_if action=reinterpret pc=0x0000026231401c78 method=java.util.concurrent.locks.AbstractQueuedSynchronizer$ConditionNode.isReleasable()Z @ 14 c2
Event: 87.886 Thread 0x0000026256818500 DEOPT PACKING pc=0x0000026231401c78 sp=0x000000afaecfef70
Event: 87.886 Thread 0x0000026256818500 DEOPT UNPACKING pc=0x0000026230d3a5a3 sp=0x000000afaecfed98 mode 2
Event: 87.886 Thread 0x0000026256818500 Uncommon trap: trap_request=0xffffff45 fr.pc=0x0000026231371cc8 relative=0x0000000000000048
Event: 87.886 Thread 0x0000026256818500 Uncommon trap: reason=unstable_if action=reinterpret pc=0x0000026231371cc8 method=java.lang.Thread.getAndClearInterrupt()Z @ 6 c2
Event: 87.886 Thread 0x0000026256818500 DEOPT PACKING pc=0x0000026231371cc8 sp=0x000000afaecfef20
Event: 87.886 Thread 0x0000026256818500 DEOPT UNPACKING pc=0x0000026230d3a5a3 sp=0x000000afaecfee58 mode 2

Classes loaded (20 events):
Event: 81.508 Loading class java/awt/Component$BltSubRegionBufferStrategy
Event: 81.508 Loading class java/awt/Component$BltBufferStrategy
Event: 81.508 Loading class java/awt/Component$BltBufferStrategy done
Event: 81.508 Loading class java/awt/Component$BltSubRegionBufferStrategy done
Event: 81.513 Loading class java/net/DatagramPacket
Event: 81.513 Loading class java/net/DatagramPacket done
Event: 81.513 Loading class sun/nio/ch/DatagramSocketAdaptor$DatagramPackets
Event: 81.513 Loading class sun/nio/ch/DatagramSocketAdaptor$DatagramPackets done
Event: 81.656 Loading class java/nio/FloatBuffer
Event: 81.656 Loading class java/nio/FloatBuffer done
Event: 81.656 Loading class java/nio/DoubleBuffer
Event: 81.656 Loading class java/nio/DoubleBuffer done
Event: 81.943 Loading class javax/swing/SwingHeavyWeight
Event: 81.943 Loading class javax/swing/SwingHeavyWeight done
Event: 81.960 Loading class java/awt/Event
Event: 81.960 Loading class java/awt/Event done
Event: 85.740 Loading class java/nio/DirectFloatBufferU
Event: 85.741 Loading class java/nio/DirectFloatBufferU done
Event: 85.742 Loading class java/nio/DirectShortBufferU
Event: 85.742 Loading class java/nio/DirectShortBufferU done

Classes unloaded (0 events):
No events

Classes redefined (0 events):
No events

Internal exceptions (20 events):
Event: 0.424 Thread 0x0000026220093500 Implicit null exception at 0x00000262312b4e3e to 0x00000262312b57e4
Event: 0.555 Thread 0x0000026220093500 Exception <a 'java/lang/NoSuchMethodError'{0x00000006227c8060}: 'void java.lang.invoke.DirectMethodHandle$Holder.invokeStaticInit(java.lang.Object)'> (0x00000006227c8060) 
thrown [s\open\src\hotspot\share\interpreter\linkResolver.cpp, line 774]
Event: 0.599 Thread 0x000002625387abb0 Exception <a 'java/lang/NoSuchMethodError'{0x0000000623950310}: 'void java.lang.invoke.DirectMethodHandle$Holder.invokeVirtual(java.lang.Object, java.lang.Object)'> (0x0000000623950310) 
thrown [s\open\src\hotspot\share\interpreter\linkResolver.cpp, line 774]
Event: 0.615 Thread 0x0000026220093500 Exception <a 'java/lang/NoSuchMethodError'{0x00000006238c4f90}: 'void java.lang.invoke.DirectMethodHandle$Holder.invokeStatic(java.lang.Object, java.lang.Object, java.lang.Object, java.lang.Object)'> (0x00000006238c4f90) 
thrown [s\open\src\hotspot\share\interpreter\linkResolver.cpp, line 774]
Event: 1.050 Thread 0x000002624c278980 Exception <a 'java/lang/NoSuchMethodError'{0x0000000623af1ff8}: 'java.lang.Object java.lang.invoke.Invokers$Holder.invokeExact_MT(java.lang.Object, java.lang.Object, java.lang.Object, java.lang.Object, java.lang.Object, java.lang.Object)'> (0x0000000623af1ff8) 
thrown [s\open\src\hotspot\share\interpreter\linkResolver.cpp, line 774]
Event: 24.231 Thread 0x0000026253b8b4d0 Exception <a 'java/lang/NoSuchMethodError'{0x00000006236280e0}: static LMessage/Message;.<clinit>()V> (0x00000006236280e0) 
thrown [s\open\src\hotspot\share\prims\jni.cpp, line 1107]
Event: 24.242 Thread 0x0000026253b8b4d0 Exception <a 'java/lang/NoSuchMethodError'{0x0000000623681428}: 'long java.lang.invoke.DirectMethodHandle$Holder.invokeSpecial(java.lang.Object, java.lang.Object)'> (0x0000000623681428) 
thrown [s\open\src\hotspot\share\interpreter\linkResolver.cpp, line 774]
Event: 24.242 Thread 0x0000026253b8b4d0 Exception <a 'java/lang/NoSuchMethodError'{0x0000000623684d80}: 'long java.lang.invoke.Invokers$Holder.invokeExact_MT(java.lang.Object, java.lang.Object)'> (0x0000000623684d80) 
thrown [s\open\src\hotspot\share\interpreter\linkResolver.cpp, line 774]
Event: 24.245 Thread 0x0000026253b8b4d0 Implicit null exception at 0x000002623131bbf8 to 0x000002623131be1a
Event: 24.248 Thread 0x0000026253b8b4d0 Implicit null exception at 0x000002623130468e to 0x0000026231305f10
Event: 30.567 Thread 0x0000026253b8b4d0 Exception <a 'java/lang/NoSuchMethodError'{0x0000000623023240}: 'int java.lang.invoke.DirectMethodHandle$Holder.invokeStatic(java.lang.Object)'> (0x0000000623023240) 
thrown [s\open\src\hotspot\share\interpreter\linkResolver.cpp, line 774]
Event: 80.018 Thread 0x0000026253cc2df0 Exception <a 'java/lang/NoSuchMethodError'{0x0000000623590d90}: 'int java.lang.invoke.DirectMethodHandle$Holder.invokeStatic(java.lang.Object, java.lang.Object, java.lang.Object, java.lang.Object)'> (0x0000000623590d90) 
thrown [s\open\src\hotspot\share\interpreter\linkResolver.cpp, line 774]
Event: 80.018 Thread 0x0000026253cc2df0 Exception <a 'java/lang/NoSuchMethodError'{0x0000000623594790}: 'int java.lang.invoke.DirectMethodHandle$Holder.invokeStaticInit(java.lang.Object, java.lang.Object, java.lang.Object, java.lang.Object)'> (0x0000000623594790) 
thrown [s\open\src\hotspot\share\interpreter\linkResolver.cpp, line 774]
Event: 80.019 Thread 0x0000026253cc2df0 Exception <a 'java/lang/NoSuchMethodError'{0x000000062359dcc0}: 'java.lang.Object java.lang.invoke.DirectMethodHandle$Holder.invokeInterface(java.lang.Object, java.lang.Object)'> (0x000000062359dcc0) 
thrown [s\open\src\hotspot\share\interpreter\linkResolver.cpp, line 774]
Event: 80.019 Thread 0x0000026253cc2df0 Exception <a 'java/lang/IncompatibleClassChangeError'{0x00000006235a1450}: Found class java.lang.Object, but interface was expected> (0x00000006235a1450) 
thrown [s\open\src\hotspot\share\interpreter\linkResolver.cpp, line 841]
Event: 80.019 Thread 0x0000026253cc2df0 Exception <a 'java/lang/NoSuchMethodError'{0x00000006235a4420}: 'void java.lang.invoke.DirectMethodHandle$Holder.invokeStaticInit(java.lang.Object, java.lang.Object)'> (0x00000006235a4420) 
thrown [s\open\src\hotspot\share\interpreter\linkResolver.cpp, line 774]
Event: 80.019 Thread 0x0000026253cc2df0 Exception <a 'java/lang/NoSuchMethodError'{0x00000006235aa098}: 'int java.lang.invoke.DirectMethodHandle$Holder.invokeStaticInit(java.lang.Object, java.lang.Object)'> (0x00000006235aa098) 
thrown [s\open\src\hotspot\share\interpreter\linkResolver.cpp, line 774]
Event: 80.038 Thread 0x0000026253cc2df0 Implicit null exception at 0x000002623137cea0 to 0x000002623137d064
Event: 81.524 Thread 0x0000026253b8b4d0 Implicit null exception at 0x00000262313a69cb to 0x00000262313a92d8
Event: 87.885 Thread 0x0000026256815fd0 Exception <a 'java/lang/InterruptedException'{0x00000006088ad778}: sleep interrupted> (0x00000006088ad778) 
thrown [s\open\src\hotspot\share\prims\jvm.cpp, line 3103]

VM Operations (20 events):
Event: 80.538 Executing VM operation: G1PauseRemark
Event: 80.539 Executing VM operation: G1PauseRemark done
Event: 80.540 Executing VM operation: G1PauseCleanup
Event: 80.540 Executing VM operation: G1PauseCleanup done
Event: 81.547 Executing VM operation: Cleanup
Event: 81.549 Executing VM operation: Cleanup done
Event: 82.287 Executing VM operation: G1CollectForAllocation
Event: 82.290 Executing VM operation: G1CollectForAllocation done
Event: 82.353 Executing VM operation: G1CollectForAllocation
Event: 82.356 Executing VM operation: G1CollectForAllocation done
Event: 84.302 Executing VM operation: G1CollectForAllocation
Event: 84.304 Executing VM operation: G1CollectForAllocation done
Event: 85.311 Executing VM operation: Cleanup
Event: 85.311 Executing VM operation: Cleanup done
Event: 86.327 Executing VM operation: Cleanup
Event: 86.327 Executing VM operation: Cleanup done
Event: 86.786 Executing VM operation: G1CollectForAllocation
Event: 86.787 Executing VM operation: G1CollectForAllocation done
Event: 87.788 Executing VM operation: Cleanup
Event: 87.788 Executing VM operation: Cleanup done

Events (20 events):
Event: 80.042 Thread 0x00000262541e0500 Thread added: 0x00000262541e0500
Event: 80.051 Thread 0x00000262541e1020 Thread added: 0x00000262541e1020
Event: 80.145 Thread 0x0000026253f392b0 Thread added: 0x0000026253f392b0
Event: 80.655 Thread 0x00000262541e1020 Thread exited: 0x00000262541e1020
Event: 81.008 Thread 0x00000262541e0500 Thread exited: 0x00000262541e0500
Event: 81.480 Thread 0x0000026253f39d50 Thread added: 0x0000026253f39d50
Event: 81.511 Thread 0x0000026253f3ad40 Thread added: 0x0000026253f3ad40
Event: 81.511 Thread 0x0000026253f37820 Thread added: 0x0000026253f37820
Event: 81.511 Thread 0x0000026253f37d70 Thread added: 0x0000026253f37d70
Event: 81.513 Thread 0x0000026253f382c0 Thread added: 0x0000026253f382c0
Event: 81.513 Thread 0x0000026256818500 Thread added: 0x0000026256818500
Event: 81.514 Thread 0x0000026256815fd0 Thread added: 0x0000026256815fd0
Event: 81.514 Thread 0x0000026256816520 Thread added: 0x0000026256816520
Event: 81.514 Thread 0x0000026253f3ad40 Thread exited: 0x0000026253f3ad40
Event: 81.527 Thread 0x0000026256d4fb90 Thread added: 0x0000026256d4fb90
Event: 82.291 Thread 0x0000026256d4fb90 Thread exited: 0x0000026256d4fb90
Event: 87.882 Thread 0x0000026253f382c0 Thread exited: 0x0000026253f382c0
Event: 87.885 Thread 0x0000026256815fd0 Thread exited: 0x0000026256815fd0
Event: 87.886 Thread 0x0000026256818500 Thread exited: 0x0000026256818500
Event: 87.888 Thread 0x0000026256816520 Thread exited: 0x0000026256816520


Dynamic libraries:
0x00007ff7793d0000 - 0x00007ff7793de000 	C:\Users\calum\.jdks\openjdk-19.0.2\bin\java.exe
0x00007ffbf6140000 - 0x00007ffbf63a3000 	C:\WINDOWS\SYSTEM32\ntdll.dll
0x00007ffbf4ec0000 - 0x00007ffbf4f87000 	C:\WINDOWS\System32\KERNEL32.DLL
0x00007ffbf3b90000 - 0x00007ffbf3f59000 	C:\WINDOWS\System32\KERNELBASE.dll
0x00007ffbf3810000 - 0x00007ffbf395c000 	C:\WINDOWS\System32\ucrtbase.dll
0x00007ffbe8970000 - 0x00007ffbe8987000 	C:\Users\calum\.jdks\openjdk-19.0.2\bin\jli.dll
0x00007ffbeb200000 - 0x00007ffbeb21b000 	C:\Users\calum\.jdks\openjdk-19.0.2\bin\VCRUNTIME140.dll
0x00007ffbf4fe0000 - 0x00007ffbf51aa000 	C:\WINDOWS\System32\USER32.dll
0x00007ffbf3720000 - 0x00007ffbf3747000 	C:\WINDOWS\System32\win32u.dll
0x00007ffbd3040000 - 0x00007ffbd32d0000 	C:\WINDOWS\WinSxS\amd64_microsoft.windows.common-controls_6595b64144ccf1df_6.0.26100.3323_none_3e088096e3344490\COMCTL32.dll
0x00007ffbf4250000 - 0x00007ffbf427a000 	C:\WINDOWS\System32\GDI32.dll
0x00007ffbf51b0000 - 0x00007ffbf5259000 	C:\WINDOWS\System32\msvcrt.dll
0x00007ffbf3470000 - 0x00007ffbf35a1000 	C:\WINDOWS\System32\gdi32full.dll
0x00007ffbf3ae0000 - 0x00007ffbf3b83000 	C:\WINDOWS\System32\msvcp_win.dll
0x00007ffbf4f90000 - 0x00007ffbf4fbf000 	C:\WINDOWS\System32\IMM32.DLL
0x00007ffbe8960000 - 0x00007ffbe896c000 	C:\Users\calum\.jdks\openjdk-19.0.2\bin\vcruntime140_1.dll
0x00007ffbe2100000 - 0x00007ffbe218e000 	C:\Users\calum\.jdks\openjdk-19.0.2\bin\msvcp140.dll
0x00007ffb65ed0000 - 0x00007ffb66b90000 	C:\Users\calum\.jdks\openjdk-19.0.2\bin\server\jvm.dll
0x00007ffbf4c60000 - 0x00007ffbf4d12000 	C:\WINDOWS\System32\ADVAPI32.dll
0x00007ffbf5560000 - 0x00007ffbf5606000 	C:\WINDOWS\System32\sechost.dll
0x00007ffbf5aa0000 - 0x00007ffbf5bb6000 	C:\WINDOWS\System32\RPCRT4.dll
0x00007ffbd9070000 - 0x00007ffbd90a6000 	C:\WINDOWS\SYSTEM32\WINMM.dll
0x00007ffbcd9c0000 - 0x00007ffbcd9ca000 	C:\WINDOWS\SYSTEM32\WSOCK32.dll
0x00007ffbe2db0000 - 0x00007ffbe2dbb000 	C:\WINDOWS\SYSTEM32\VERSION.dll
0x00007ffbf5260000 - 0x00007ffbf52d4000 	C:\WINDOWS\System32\WS2_32.dll
0x00007ffbf2270000 - 0x00007ffbf228a000 	C:\WINDOWS\SYSTEM32\kernel.appcore.dll
0x00007ffbe3760000 - 0x00007ffbe376a000 	C:\Users\calum\.jdks\openjdk-19.0.2\bin\jimage.dll
0x00007ffbf0aa0000 - 0x00007ffbf0ce1000 	C:\WINDOWS\SYSTEM32\DBGHELP.DLL
0x00007ffbf5be0000 - 0x00007ffbf5f62000 	C:\WINDOWS\System32\combase.dll
0x00007ffbf4ad0000 - 0x00007ffbf4ba6000 	C:\WINDOWS\System32\OLEAUT32.dll
0x00007ffbeb290000 - 0x00007ffbeb2c9000 	C:\WINDOWS\SYSTEM32\dbgcore.DLL
0x00007ffbf3340000 - 0x00007ffbf33d9000 	C:\WINDOWS\System32\bcryptPrimitives.dll
0x00007ffbe3730000 - 0x00007ffbe373e000 	C:\Users\calum\.jdks\openjdk-19.0.2\bin\instrument.dll
0x00007ffbe3680000 - 0x00007ffbe36a6000 	C:\Users\calum\.jdks\openjdk-19.0.2\bin\java.dll
0x00007ffbb7970000 - 0x00007ffbb7a47000 	C:\Users\calum\.jdks\openjdk-19.0.2\bin\jsvml.dll
0x00007ffbf4330000 - 0x00007ffbf4a45000 	C:\WINDOWS\System32\SHELL32.dll
0x00007ffbf35b0000 - 0x00007ffbf3718000 	C:\WINDOWS\System32\wintypes.dll
0x00007ffbf1010000 - 0x00007ffbf1855000 	C:\WINDOWS\SYSTEM32\windows.storage.dll
0x00007ffbf3f60000 - 0x00007ffbf404b000 	C:\WINDOWS\System32\SHCORE.dll
0x00007ffbf4280000 - 0x00007ffbf42dd000 	C:\WINDOWS\System32\shlwapi.dll
0x00007ffbf3250000 - 0x00007ffbf327f000 	C:\WINDOWS\SYSTEM32\profapi.dll
0x00007ffbe36c0000 - 0x00007ffbe36d8000 	C:\Users\calum\.jdks\openjdk-19.0.2\bin\zip.dll
0x00007ffbe3740000 - 0x00007ffbe3753000 	C:\Users\calum\.jdks\openjdk-19.0.2\bin\net.dll
0x00007ffbe44d0000 - 0x00007ffbe45ee000 	C:\WINDOWS\SYSTEM32\WINHTTP.dll
0x00007ffbf2790000 - 0x00007ffbf27fa000 	C:\WINDOWS\system32\mswsock.dll
0x00007ffbe36e0000 - 0x00007ffbe36f6000 	C:\Users\calum\.jdks\openjdk-19.0.2\bin\nio.dll
0x00007ffbe22d0000 - 0x00007ffbe22ea000 	C:\Program Files\JetBrains\IntelliJ IDEA 2022.2.2\bin\breakgen64.dll
0x00007ffbe22f0000 - 0x00007ffbe22f8000 	C:\Users\calum\.jdks\openjdk-19.0.2\bin\extnet.dll
0x00007ffbab3e0000 - 0x00007ffbab570000 	C:\Users\calum\.jdks\openjdk-19.0.2\bin\awt.dll
0x00007ffbed3a0000 - 0x00007ffbed43c000 	C:\WINDOWS\SYSTEM32\apphelp.dll
0x00007ffbed8e0000 - 0x00007ffbed915000 	C:\WINDOWS\system32\DWMAPI.DLL
0x00007ffbed600000 - 0x00007ffbed6ae000 	C:\WINDOWS\system32\uxtheme.dll
0x00007ffbb72a0000 - 0x00007ffbb73ac000 	C:\WINDOWS\system32\opengl32.dll
0x00007ffbb7270000 - 0x00007ffbb729d000 	C:\WINDOWS\SYSTEM32\GLU32.dll
0x00007ffbf0430000 - 0x00007ffbf0477000 	C:\WINDOWS\SYSTEM32\dxcore.dll
0x00007ffbf53d0000 - 0x00007ffbf552b000 	C:\WINDOWS\System32\MSCTF.dll
0x00007ffbf4d20000 - 0x00007ffbf4eb5000 	C:\WINDOWS\System32\ole32.dll
0x00007ffbe1fe0000 - 0x00007ffbe2066000 	C:\Users\calum\.jdks\openjdk-19.0.2\bin\freetype.dll
0x00007ffbcf200000 - 0x00007ffbcf2c6000 	C:\Users\calum\.jdks\openjdk-19.0.2\bin\fontmanager.dll
0x00007ffbf4bb0000 - 0x00007ffbf4c58000 	C:\WINDOWS\System32\clbcatq.dll
0x00007ffbebbc0000 - 0x00007ffbebdee000 	C:\WINDOWS\SYSTEM32\WindowsCodecs.dll
0x00007ffbb0a20000 - 0x00007ffbb0a7a000 	C:\WINDOWS\system32\dataexchange.dll
0x00007ffbe2b20000 - 0x00007ffbe2d5b000 	C:\WINDOWS\system32\twinapi.appcore.dll
0x00007ffbe01e0000 - 0x00007ffbe0326000 	C:\WINDOWS\SYSTEM32\textinputframework.dll
0x00007ffbd2f10000 - 0x00007ffbd2f7b000 	C:\WINDOWS\system32\Oleacc.dll
0x00007ffbb7020000 - 0x00007ffbb707d000 	C:\WINDOWS\system32\ApplicationTargetedFeatureDatabase.dll
0x00007ffbed0b0000 - 0x00007ffbed1d6000 	C:\WINDOWS\SYSTEM32\CoreMessaging.dll
0x00007ffbea940000 - 0x00007ffbeac23000 	C:\WINDOWS\SYSTEM32\CoreUIComponents.dll
0x00007ffbf2a50000 - 0x00007ffbf2a5c000 	C:\WINDOWS\SYSTEM32\CRYPTBASE.DLL
0x00007ffbd2e00000 - 0x00007ffbd2eb4000 	C:\WINDOWS\WinSxS\amd64_microsoft.windows.common-controls_6595b64144ccf1df_5.82.26100.1882_none_87f34cef7a28f535\comctl32.dll
0x00007ffbf0d10000 - 0x00007ffbf0e0c000 	C:\WINDOWS\SYSTEM32\PROPSYS.dll
0x00007ffbf2fe0000 - 0x00007ffbf303f000 	C:\WINDOWS\SYSTEM32\CFGMGR32.dll
0x00007ffbb27d0000 - 0x00007ffbb27eb000 	C:\WINDOWS\system32\NetworkExplorer.dll
0x00007ffbcad00000 - 0x00007ffbcad21000 	C:\WINDOWS\SYSTEM32\MPR.dll
0x00007ffbe1d00000 - 0x00007ffbe1d22000 	C:\WINDOWS\System32\p9np.dll
0x00007ffbe3580000 - 0x00007ffbe358d000 	C:\WINDOWS\System32\drprov.dll
0x00007ffbe34a0000 - 0x00007ffbe34bd000 	C:\WINDOWS\System32\ntlanman.dll
0x00007ffbd6db0000 - 0x00007ffbd6dd1000 	C:\WINDOWS\System32\davclnt.dll
0x00007ffbf1bd0000 - 0x00007ffbf1c37000 	C:\WINDOWS\System32\WINSTA.dll
0x00007ffbe1330000 - 0x00007ffbe134b000 	C:\WINDOWS\System32\wkscli.dll
0x00007ffbc8e20000 - 0x00007ffbc8e33000 	C:\WINDOWS\SYSTEM32\cscapi.dll
0x00007ffbf1ae0000 - 0x00007ffbf1aed000 	C:\WINDOWS\System32\netutils.dll
0x00007ffbe1ad0000 - 0x00007ffbe1b2a000 	C:\Windows\System32\dlnashext.dll
0x00007ffbc0080000 - 0x00007ffbc00dc000 	C:\Windows\System32\PlayToDevice.dll
0x00007ffbca190000 - 0x00007ffbca1b2000 	C:\Windows\System32\DevDispItemProvider.dll
0x00007ffbdc520000 - 0x00007ffbdc5ba000 	C:\WINDOWS\System32\MMDevApi.dll
0x00007ffbf2fb0000 - 0x00007ffbf2fdd000 	C:\WINDOWS\System32\DEVOBJ.dll
0x00007ffbe1a20000 - 0x00007ffbe1acc000 	C:\WINDOWS\system32\wpdshext.dll
0x00007ffbd32e0000 - 0x00007ffbd34b6000 	C:\WINDOWS\WinSxS\amd64_microsoft.windows.gdiplus_6595b64144ccf1df_1.1.26100.3323_none_6ef3737c3dc6be5e\gdiplus.dll
0x00007ffbe10f0000 - 0x00007ffbe118e000 	C:\Windows\System32\PortableDeviceApi.dll
0x00007ffbf5610000 - 0x00007ffbf5a96000 	C:\WINDOWS\System32\SETUPAPI.dll
0x00007ffbf33e0000 - 0x00007ffbf345f000 	C:\WINDOWS\System32\WINTRUST.dll
0x00007ffbf3960000 - 0x00007ffbf3ad7000 	C:\WINDOWS\System32\CRYPT32.dll
0x00007ffbf2b50000 - 0x00007ffbf2b63000 	C:\WINDOWS\SYSTEM32\MSASN1.dll
0x00007ffbc8d70000 - 0x00007ffbc8da8000 	C:\Windows\System32\EhStorShell.dll
0x00007ffbc4ea0000 - 0x00007ffbc4ec5000 	C:\Windows\System32\EhStorAPI.dll
0x00007ffbed380000 - 0x00007ffbed396000 	C:\Windows\System32\WTSAPI32.dll
0x00007ffbbe0b0000 - 0x00007ffbbe22f000 	C:\Windows\System32\Windows.System.Launcher.dll
0x00007ffbdc470000 - 0x00007ffbdc48a000 	C:\WINDOWS\SYSTEM32\windows.staterepositorycore.dll
0x0000026258580000 - 0x0000026258584000 	C:\Users\calum\.javacpp\cache\javacpp-1.5.7-windows-x86_64.jar\org\bytedeco\javacpp\windows-x86_64\api-ms-win-crt-locale-l1-1-0.dll
0x0000026258590000 - 0x0000026258595000 	C:\Users\calum\.javacpp\cache\javacpp-1.5.7-windows-x86_64.jar\org\bytedeco\javacpp\windows-x86_64\api-ms-win-crt-string-l1-1-0.dll
0x00000262585a0000 - 0x00000262585a5000 	C:\Users\calum\.javacpp\cache\javacpp-1.5.7-windows-x86_64.jar\org\bytedeco\javacpp\windows-x86_64\api-ms-win-crt-stdio-l1-1-0.dll
0x00000262585b0000 - 0x00000262585b6000 	C:\Users\calum\.javacpp\cache\javacpp-1.5.7-windows-x86_64.jar\org\bytedeco\javacpp\windows-x86_64\api-ms-win-crt-math-l1-1-0.dll
0x00000262585c0000 - 0x00000262585c4000 	C:\Users\calum\.javacpp\cache\javacpp-1.5.7-windows-x86_64.jar\org\bytedeco\javacpp\windows-x86_64\api-ms-win-crt-heap-l1-1-0.dll
0x00000262585d0000 - 0x00000262585d5000 	C:\Users\calum\.javacpp\cache\javacpp-1.5.7-windows-x86_64.jar\org\bytedeco\javacpp\windows-x86_64\api-ms-win-crt-runtime-l1-1-0.dll
0x00000262585e0000 - 0x00000262585e5000 	C:\Users\calum\.javacpp\cache\javacpp-1.5.7-windows-x86_64.jar\org\bytedeco\javacpp\windows-x86_64\api-ms-win-crt-convert-l1-1-0.dll
0x00000262585f0000 - 0x00000262585f4000 	C:\Users\calum\.javacpp\cache\javacpp-1.5.7-windows-x86_64.jar\org\bytedeco\javacpp\windows-x86_64\api-ms-win-crt-environment-l1-1-0.dll
0x0000026258600000 - 0x0000026258604000 	C:\Users\calum\.javacpp\cache\javacpp-1.5.7-windows-x86_64.jar\org\bytedeco\javacpp\windows-x86_64\api-ms-win-crt-time-l1-1-0.dll
0x0000026258610000 - 0x0000026258614000 	C:\Users\calum\.javacpp\cache\javacpp-1.5.7-windows-x86_64.jar\org\bytedeco\javacpp\windows-x86_64\api-ms-win-crt-filesystem-l1-1-0.dll
0x0000026258620000 - 0x0000026258624000 	C:\Users\calum\.javacpp\cache\javacpp-1.5.7-windows-x86_64.jar\org\bytedeco\javacpp\windows-x86_64\api-ms-win-crt-utility-l1-1-0.dll
0x0000026258630000 - 0x0000026258636000 	C:\Users\calum\.javacpp\cache\javacpp-1.5.7-windows-x86_64.jar\org\bytedeco\javacpp\windows-x86_64\api-ms-win-crt-multibyte-l1-1-0.dll
0x0000026258640000 - 0x0000026258644000 	C:\Users\calum\.javacpp\cache\javacpp-1.5.7-windows-x86_64.jar\org\bytedeco\javacpp\windows-x86_64\api-ms-win-crt-conio-l1-1-0.dll
0x0000026258650000 - 0x0000026258661000 	C:\Users\calum\.javacpp\cache\javacpp-1.5.7-windows-x86_64.jar\org\bytedeco\javacpp\windows-x86_64\api-ms-win-crt-private-l1-1-0.dll
0x0000026258670000 - 0x0000026258674000 	C:\Users\calum\.javacpp\cache\javacpp-1.5.7-windows-x86_64.jar\org\bytedeco\javacpp\windows-x86_64\api-ms-win-crt-process-l1-1-0.dll
0x0000026258680000 - 0x0000026258684000 	C:\Users\calum\.javacpp\cache\javacpp-1.5.7-windows-x86_64.jar\org\bytedeco\javacpp\windows-x86_64\api-ms-win-core-console-l1-2-0.dll
0x0000026258690000 - 0x0000026258694000 	C:\Users\calum\.javacpp\cache\javacpp-1.5.7-windows-x86_64.jar\org\bytedeco\javacpp\windows-x86_64\api-ms-win-core-string-l1-1-0.dll
0x00000262586a0000 - 0x00000262586a4000 	C:\Users\calum\.javacpp\cache\javacpp-1.5.7-windows-x86_64.jar\org\bytedeco\javacpp\windows-x86_64\api-ms-win-core-errorhandling-l1-1-0.dll
0x00000262586b0000 - 0x00000262586b4000 	C:\Users\calum\.javacpp\cache\javacpp-1.5.7-windows-x86_64.jar\org\bytedeco\javacpp\windows-x86_64\api-ms-win-core-timezone-l1-1-0.dll
0x00000262586c0000 - 0x00000262586c5000 	C:\Users\calum\.javacpp\cache\javacpp-1.5.7-windows-x86_64.jar\org\bytedeco\javacpp\windows-x86_64\api-ms-win-core-file-l1-1-0.dll
0x00000262586d0000 - 0x00000262586d4000 	C:\Users\calum\.javacpp\cache\javacpp-1.5.7-windows-x86_64.jar\org\bytedeco\javacpp\windows-x86_64\api-ms-win-core-namedpipe-l1-1-0.dll
0x00000262586e0000 - 0x00000262586e4000 	C:\Users\calum\.javacpp\cache\javacpp-1.5.7-windows-x86_64.jar\org\bytedeco\javacpp\windows-x86_64\api-ms-win-core-handle-l1-1-0.dll
0x00000262586f0000 - 0x00000262586f4000 	C:\Users\calum\.javacpp\cache\javacpp-1.5.7-windows-x86_64.jar\org\bytedeco\javacpp\windows-x86_64\api-ms-win-core-file-l2-1-0.dll
0x0000026258700000 - 0x0000026258704000 	C:\Users\calum\.javacpp\cache\javacpp-1.5.7-windows-x86_64.jar\org\bytedeco\javacpp\windows-x86_64\api-ms-win-core-heap-l1-1-0.dll
0x0000026258710000 - 0x0000026258714000 	C:\Users\calum\.javacpp\cache\javacpp-1.5.7-windows-x86_64.jar\org\bytedeco\javacpp\windows-x86_64\api-ms-win-core-libraryloader-l1-1-0.dll
0x0000026258720000 - 0x0000026258724000 	C:\Users\calum\.javacpp\cache\javacpp-1.5.7-windows-x86_64.jar\org\bytedeco\javacpp\windows-x86_64\api-ms-win-core-synch-l1-1-0.dll
0x0000026258730000 - 0x0000026258734000 	C:\Users\calum\.javacpp\cache\javacpp-1.5.7-windows-x86_64.jar\org\bytedeco\javacpp\windows-x86_64\api-ms-win-core-processthreads-l1-1-0.dll
0x0000026258740000 - 0x0000026258744000 	C:\Users\calum\.javacpp\cache\javacpp-1.5.7-windows-x86_64.jar\org\bytedeco\javacpp\windows-x86_64\api-ms-win-core-processenvironment-l1-1-0.dll
0x0000026258750000 - 0x0000026258754000 	C:\Users\calum\.javacpp\cache\javacpp-1.5.7-windows-x86_64.jar\org\bytedeco\javacpp\windows-x86_64\api-ms-win-core-datetime-l1-1-0.dll

dbghelp: loaded successfully - version: 4.0.5 - missing functions: none
symbol engine: initialized successfully - sym options: 0x614 - pdb path: .;C:\Users\calum\.jdks\openjdk-19.0.2\bin;C:\WINDOWS\SYSTEM32;C:\WINDOWS\WinSxS\amd64_microsoft.windows.common-controls_6595b64144ccf1df_6.0.26100.3323_none_3e088096e3344490;C:\Users\calum\.jdks\openjdk-19.0.2\bin\server;C:\Program Files\JetBrains\IntelliJ IDEA 2022.2.2\bin;C:\WINDOWS\WinSxS\amd64_microsoft.windows.common-controls_6595b64144ccf1df_5.82.26100.1882_none_87f34cef7a28f535;C:\WINDOWS\WinSxS\amd64_microsoft.windows.gdiplus_6595b64144ccf1df_1.1.26100.3323_none_6ef3737c3dc6be5e;C:\Users\calum\.javacpp\cache\javacpp-1.5.7-windows-x86_64.jar\org\bytedeco\javacpp\windows-x86_64;C:\Users\calum\.javacpp\cache\openblas-0.3.19-1.5.7-windows-x86_64.jar\org\bytedeco\openblas\windows-x86_64;C:\Users\calum\.javacpp\cache\opencv-4.5.5-1.5.7-windows-x86_64.jar\org\bytedeco\opencv\windows-x86_64;C:\Users\calum\.javacpp\cache\ffmpeg-5.0-1.5.7-windows-x86_64.jar\org\bytedeco\ffmpeg\windows-x86_64

VM Arguments:
jvm_args: -javaagent:C:\Program Files\JetBrains\IntelliJ IDEA 2022.2.2\lib\idea_rt.jar=51264:C:\Program Files\JetBrains\IntelliJ IDEA 2022.2.2\bin -Dfile.encoding=UTF-8 -Dsun.stdout.encoding=UTF-8 -Dsun.stderr.encoding=UTF-8 
java_command: ClientDriver
java_class_path (initial): C:\Users\calum\Strathclyde\third-year\CS313\parley\stage-4\out\production\stage-4;C:\Users\calum\Strathclyde\third-year\CS313\parley\stage-4\lib\javacv-1.5.7.jar;C:\Users\calum\Strathclyde\third-year\CS313\parley\stage-4\lib\javacpp-1.5.7.jar;C:\Users\calum\Strathclyde\third-year\CS313\parley\stage-4\lib\javafx-base-21.jar;C:\Users\calum\Strathclyde\third-year\CS313\parley\stage-4\lib\javafx-media-21.jar;C:\Users\calum\Strathclyde\third-year\CS313\parley\stage-4\lib\javafx-swing-21.jar;C:\Users\calum\Strathclyde\third-year\CS313\parley\stage-4\lib\ffmpeg-5.0-1.5.7.jar;C:\Users\calum\Strathclyde\third-year\CS313\parley\stage-4\lib\javafx-base-21-win.jar;C:\Users\calum\Strathclyde\third-year\CS313\parley\stage-4\lib\javafx-controls-21.jar;C:\Users\calum\Strathclyde\third-year\CS313\parley\stage-4\lib\javafx-graphics-21.jar;C:\Users\calum\Strathclyde\third-year\CS313\parley\stage-4\lib\opencv-4.5.5-1.5.7.jar;C:\Users\calum\Strathclyde\third-year\CS313\parley\stage-4\lib\javafx-media-21-win.jar;C:\Users\calum\Strathclyde\third-year\CS313\parley\stage-4\lib\javafx-swing-21-win.jar;C:\Users\calum\Strathclyde\third-year\CS313\parley\stage-4\lib\flandmark-1.07-1.5.7.jar;C:\Users\calum\Strathclyde\third-year\CS313\parley\stage-4\lib\javacv-platform-1.5.7.jar;C:\Users\calum\Strathclyde\third-year\CS313\parley\stage-4\lib\libdc1394-2.2.6-1.5.7.jar;C:\Users\calum\Strathclyde\third-year\CS313\parley\stage-4\lib\openblas-0.3.19-1.5.7.jar;C:\Users\calum\Strathclyde\third-year\CS313\parley\stage-4\lib\tesseract-5.0.1-1.5.7.jar;C:\Users\calum\Strathclyde\third-year\CS313\parley\stage-4\lib\javacpp-platform-1.5.7.jar;C:\Users\calum\Strathclyde\third-year\CS313\parley\stage-4\lib\javafx-controls-21-win.jar;C:\Users\calum\Strathclyde\third-year\CS313\parley\stage-4\lib\javafx-graphics-21-win.jar;C:\Users\calum\Strathclyde\third-year\CS313\parley\stage-4\lib\leptonica-1.82.0-1.5.7.jar;C:\Users\calum\Strathclyde\third-year\CS313\parley\stage-4\lib\videoinput-0.200-1.5.7.jar;C:\Users\calum\Strathclyde\third-year\CS313\parley\stage-4\lib\javacpp-1.5.7-ios-arm64.jar;C:\Users\calum\Strathclyde\third-year\CS313\parley\stage-4\lib\javacpp-1.5.7-linux-x86.jar;C:\Users\calum\Strathclyde\third-year\CS313\parley\stage-4\lib\libfreenect-0.5.7-1.5.7.jar;C:\Users\calum\Strathclyde\third-year\CS313\parley\stage-4\lib\javacpp-1.5.7-ios-x86_64.jar;C:\Users\calum\Strathclyde\third-year\CS313\parley\stage-4\lib\libfreenect2-0.2.0-1.5.7.jar;C:\Users\calum\Strathclyde\third-year\CS313\parley\stage-4\lib\artoolkitplus-2.3.1-1.5.7.jar;C:\Users\calum\Strathclyde\third-year\CS313\parley\stage-4\lib\ffmpeg-platform-5.0-1.5.7.jar;C:\Users\calum\Strathclyde\third-year\CS313\parley\stage-4\lib\javacpp-1.5.7-android-arm.jar;C:\Users\calum\Strathclyde\third-year\CS313\parley\stage-4\lib\javacpp-1.5.7-android-x86.jar;C:\Users\calum\Strathclyde\third-year\CS313\parley\stage-4\lib\javacpp-1.5.7-linux-arm64.jar;C:\Users\calum\Strathclyde\third-year\CS313\parley\stage-4\lib\javacpp-1.5.7-linux-armhf.jar;C:\Users\calum\Strathclyde\third-year\CS313\parley\stage-4\lib\javacpp-1.5.7-windows-x86.jar;C:\Users\calum\Strathclyde\third-year\CS313\parley\stage-4\lib\librealsense-1.12.4-1.5.7.jar;C:\Users\calum\Strathclyde\third-year\CS313\parley\stage-4\lib\ffmpeg-5.0-1.5.7-linux-x86.jar;C:\Users\calum\Strathclyde\third-year\CS313\parley\stage-4\lib\flycapture-2.13.3.31-1.5.7.jar;C:\Users\calum\Strathclyde\third-year\CS313\parley\stage-4\lib\javacpp-1.5.7-linux-x86_64.jar;C:\Users\calum\Strathclyde\third-year\CS313\parley\stage-4\lib\javacpp-1.5.7-macosx-arm64.jar;C:\Users\calum\Strathclyde\third-year\CS313\parley\stage-4\lib\librealsense2-2.50.0-1.5.7.jar;C:\Users\calum\Strathclyde\third-year\CS313\parley\stage-4\lib\javacpp-1.5.7-android-arm64.jar;C:\Users\calum\Strathclyde\third-year\CS313\parley\stage-4\lib\javacpp-1.5.7-linux-ppc64le.jar;C:\Users\calum\Strathclyde\third-year\CS313\parley\stage-4\lib\javacpp-1.5.7-macosx-x86_64.jar;C:\Users\calum\Strathclyde\third-year\CS313\parley\stage-4\lib\opencv-platform-4.5.5-1.5.7.jar;C:\Users\calum\Strathclyde\third-year\CS313\parley\stage-4\lib\ffmpeg-5.0-1.5.7-android-arm.jar;C:\Users\calum\Strathclyde\third-year\CS313\parley\stage-4\lib\ffmpeg-5.0-1.5.7-android-x86.jar;C:\Users\calum\Strathclyde\third-year\CS313\parley\stage-4\lib\ffmpeg-5.0-1.5.7-linux-arm64.jar;C:\Users\calum\Strathclyde\third-year\CS313\parley\stage-4\lib\ffmpeg-5.0-1.5.7-linux-armhf.jar;C:\Users\calum\Strathclyde\third-year\CS313\parley\stage-4\lib\ffmpeg-5.0-1.5.7-windows-x86.jar;C:\Users\calum\Strathclyde\third-year\CS313\parley\stage-4\lib\javacpp-1.5.7-android-x86_64.jar;C:\Users\calum\Strathclyde\third-year\CS313\parley\stage-4\lib\javacpp-1.5.7-windows-x86_64.jar;C:\Users\calum\Strathclyde\third-year\CS313\parley\stage-4\lib\opencv-4.5.5-1.5.7-ios-arm64.jar;C:\Users\calum\Strathclyde\third-year\CS313\parley\stage-4\lib\opencv-4.5.5-1.5.7-linux-x86.jar;C:\Users\calum\Strathclyde\third-year\CS313\parley\stage-4\lib\ffmpeg-5.0-1.5.7-linux-x86_64.jar;C:\Users\calum\Strathclyde\third-year\CS313\parley\stage-4\lib\ffmpeg-5.0-1.5.7-macosx-arm64.jar;C:\Users\calum\Strathclyde\third-year\CS313\parley\stage-4\lib\flandmark-platform-1.07-1.5.7.jar;C:\Users\calum\Strathclyde\third-year\CS313\parley\stage-4\lib\opencv-4.5.5-1.5.7-ios-x86_64.jar;C:\Users\calum\Strathclyde\third-year\CS313\parley\stage-4\lib\ffmpeg-5.0-1.5.7-android-arm64.jar;C:\Users\calum\Strathclyde\third-year\CS313\parley\stage-4\lib\ffmpeg-5.0-1.5.7-linux-ppc64le.jar;C:\Users\calum\Strathclyde\third-year\CS313\parley\stage-4\lib\ffmpeg-5.0-1.5.7-macosx-x86_64.jar;C:\Users\calum\Strathclyde\third-year\CS313\parley\stage-4\lib\flandmark-1.07-1.5.7-linux-x86.jar;C:\Users\calum\Strathclyde\third-year\CS313\parley\stage-4\lib\libdc1394-platform-2.2.6-1.5.7.jar;C:\Users\calum\Strathclyde\third-year\CS313\parley\stage-4\lib\openblas-platform-0.3.19-1.5.7.jar;C:\Users\calum\Strathclyde\third-year\CS313\parley\stage-4\lib\opencv-4.5.5-1.5.7-android-arm.jar;C:\Users\calum\Strathclyde\third-year\CS313\parley\stage-4\lib\opencv-4.5.5-1.5.7-android-x86.jar;C:\Users\calum\Strathclyde\third-year\CS313\parley\stage-4\lib\opencv-4.5.5-1.5.7-linux-arm64.jar;C:\Users\calum\Strathclyde\third-year\CS313\parley\stage-4\lib\opencv-4.5.5-1.5.7-linux-armhf.jar;C:\Users\calum\Strathclyde\third-year\CS313\parley\stage-4\lib\opencv-4.5.5-1.5.7-windows-x86.jar;C:\Users\calum\Strathclyde\third-year\CS313\parley\stage-4\lib\tesseract-platform-5.0.1-1.5.7.jar;C:\Users\calum\Strathclyde\third-year\CS313\parley\stage-4\lib\ffmpeg-5.0-1.5.7-android-x86_64.jar;C:\Users\calum\Strathclyde\third-year\CS313\parley\stage-4\lib\ffmpeg-5.0-1.5.7-windows-x86_64.jar;C:\Users\calum\Strathclyde\third-year\CS313\parley\stage-4\lib\leptonica-platform-1.82.0-1.5.7.jar;C:\Users\calum\Strathclyde\third-year\CS313\parley\stage-4\lib\libdc1394-2.2.6-1.5.7-linux-x86.jar;C:\Users\calum\Strathclyde\third-year\CS313\parley\stage-4\lib\openblas-0.3.19-1.5.7-ios-arm64.jar;C:\Users\calum\Strathclyde\third-year\CS313\parley\stage-4\lib\openblas-0.3.19-1.5.7-linux-x86.jar;C:\Users\calum\Strathclyde\third-year\CS313\parley\stage-4\lib\opencv-4.5.5-1.5.7-linux-x86_64.jar;C:\Users\calum\Strathclyde\third-year\CS313\parley\stage-4\lib\opencv-4.5.5-1.5.7-macosx-arm64.jar;C:\Users\calum\Strathclyde\third-year\CS313\parley\stage-4\lib\tesseract-5.0.1-1.5.7-linux-x86.jar;C:\Users\calum\Strathclyde\third-year\CS313\parley\stage-4\lib\videoinput-platform-0.200-1.5.7.jar;C:\Users\calum\Strathclyde\third-year\CS313\parley\stage-4\lib\flandmark-1.07-1.5.7-android-arm.jar;C:\Users\calum\Strathclyde\third-year\CS313\parley\stage-4\lib\flandmark-1.07-1.5.7-android-x86.jar;C:\Users\calum\Strathclyde\third-year\CS313\parley\stage-4\lib\flandmark-1.07-1.5.7-linux-arm64.jar;C:\Users\calum\Strathclyde\third-year\CS313\parley\stage-4\lib\flandmark-1.07-1.5.7-linux-armhf.jar;C:\Users\calum\Strathclyde\third-year\CS313\parley\stage-4\lib\flandmark-1.07-1.5.7-windows-x86.jar;C:\Users\calum\Strathclyde\third-year\CS313\parley\stage-4\lib\leptonica-1.82.0-1.5.7-linux-x86.jar;C:\Users\calum\Strathclyde\third-year\CS313\parley\stage-4\lib\libfreenect-platform-0.5.7-1.5.7.jar;C:\Users\calum\Strathclyde\third-year\CS313\parley\stage-4\lib\openblas-0.3.19-1.5.7-ios-x86_64.jar;C:\Users\calum\Strathclyde\third-year\CS313\parley\stage-4\lib\opencv-4.5.5-1.5.7-android-arm64.jar;C:\Users\calum\Strathclyde\third-year\CS313\parley\stage-4\lib\opencv-4.5.5-1.5.7-linux-ppc64le.jar;C:\Users\calum\Strathclyde\third-year\CS313\parley\stage-4\lib\opencv-4.5.5-1.5.7-macosx-x86_64.jar;C:\Users\calum\Strathclyde\third-year\CS313\parley\stage-4\lib\flandmark-1.07-1.5.7-linux-x86_64.jar;C:\Users\calum\Strathclyde\third-year\CS313\parley\stage-4\lib\libdc1394-2.2.6-1.5.7-linux-arm64.jar;C:\Users\calum\Strathclyde\third-year\CS313\parley\stage-4\lib\libdc1394-2.2.6-1.5.7-linux-armhf.jar;C:\Users\calum\Strathclyde\third-year\CS313\parley\stage-4\lib\libdc1394-2.2.6-1.5.7-windows-x86.jar;C:\Users\calum\Strathclyde\third-year\CS313\parley\stage-4\lib\libfreenect-0.5.7-1.5.7-linux-x86.jar;C:\Users\calum\Strathclyde\third-year\CS313\parley\stage-4\lib\libfreenect2-platform-0.2.0-1.5.7.jar;C:\Users\calum\Strathclyde\third-year\CS313\parley\stage-4\lib\openblas-0.3.19-1.5.7-android-arm.jar;C:\Users\calum\Strathclyde\third-year\CS313\parley\stage-4\lib\openblas-0.3.19-1.5.7-android-x86.jar;C:\Users\calum\Strathclyde\third-year\CS313\parley\stage-4\lib\openblas-0.3.19-1.5.7-linux-arm64.jar;C:\Users\calum\Strathclyde\third-year\CS313\parley\stage-4\lib\openblas-0.3.19-1.5.7-linux-armhf.jar;C:\Users\calum\Strathclyde\third-year\CS313\parley\stage-4\lib\openblas-0.3.19-1.5.7-windows-x86.jar;C:\Users\calum\Strathclyde\third-year\CS313\parley\stage-4\lib\opencv-4.5.5-1.5.7-android-x86_64.jar;C:\Users\calum\Strathclyde\third-year\CS313\parley\stage-4\lib\opencv-4.5.5-1.5.7-windows-x86_64.jar;C:\Users\calum\Strathclyde\third-year\CS313\parley\stage-4\lib\tesseract-5.0.1-1.5.7-android-arm.jar;C:\Users\calum\Strathclyde\third-year\CS313\parley\stage-4\lib\tesseract-5.0.1-1.5.7-android-x86.jar;C:\Users\calum\Strathclyde\third-year\CS313\parley\stage-4\lib\tesseract-5.0.1-1.5.7-linux-arm64.jar;C:\Users\calum\Strathclyde\third-year\CS313\parley\stage-4\lib\tesseract-5.0.1-1.5.7-linux-armhf.jar;C:\Users\calum\Strathclyde\third-year\CS313\parley\stage-4\lib\tesseract-5.0.1-1.5.7-windows-x86.jar;C:\Users\calum\Strathclyde\third-year\CS313\parley\stage-4\lib\artoolkitplus-platform-2.3.1-1.5.7.jar;C:\Users\calum\Strathclyde\third-year\CS313\parley\stage-4\lib\flandmark-1.07-1.5.7-android-arm64.jar;C:\Users\calum\Strathclyde\third-year\CS313\parley\stage-4\lib\flandmark-1.07-1.5.7-linux-ppc64le.jar;C:\Users\calum\Strathclyde\third-year\CS313\parley\stage-4\lib\flandmark-1.07-1.5.7-macosx-x86_64.jar;C:\Users\calum\Strathclyde\third-year\CS313\parley\stage-4\lib\leptonica-1.82.0-1.5.7-android-arm.jar;C:\Users\calum\Strathclyde\third-year\CS313\parley\stage-4\lib\leptonica-1.82.0-1.5.7-android-x86.jar;C:\Users\calum\Strathclyde\third-year\CS313\parley\stage-4\lib\leptonica-1.82.0-1.5.7-linux-arm64.jar;C:\Users\calum\Strathclyde\third-year\CS313\parley\stage-4\lib\leptonica-1.82.0-1.5.7-linux-armhf.jar;C:\Users\calum\Strathclyde\third-year\CS313\parley\stage-4\lib\leptonica-1.82.0-1.5.7-windows-x86.jar;C:\Users\calum\Strathclyde\third-year\CS313\parley\stage-4\lib\libdc1394-2.2.6-1.5.7-linux-x86_64.jar;C:\Users\calum\Strathclyde\third-year\CS313\parley\stage-4\lib\libfreenect2-0.2.0-1.5.7-linux-x86.jar;C:\Users\calum\Strathclyde\third-year\CS313\parley\stage-4\lib\librealsense-platform-1.12.4-1.5.7.jar;C:\Users\calum\Strathclyde\third-year\CS313\parley\stage-4\lib\openblas-0.3.19-1.5.7-linux-x86_64.jar;C:\Users\calum\Strathclyde\third-year\CS313\parley\stage-4\lib\openblas-0.3.19-1.5.7-macosx-arm64.jar;C:\Users\calum\Strathclyde\third-year\CS313\parley\stage-4\lib\tesseract-5.0.1-1.5.7-linux-x86_64.jar;C:\Users\calum\Strathclyde\third-year\CS313\parley\stage-4\lib\videoinput-0.200-1.5.7-windows-x86.jar;C:\Users\calum\Strathclyde\third-year\CS313\parley\stage-4\lib\artoolkitplus-2.3.1-1.5.7-linux-x86.jar;C:\Users\calum\Strathclyde\third-year\CS313\parley\stage-4\lib\flandmark-1.07-1.5.7-android-x86_64.jar;C:\Users\calum\Strathclyde\third-year\CS313\parley\stage-4\lib\flandmark-1.07-1.5.7-windows-x86_64.jar;C:\Users\calum\Strathclyde\third-year\CS313\parley\stage-4\lib\flycapture-platform-2.13.3.31-1.5.7.jar;C:\Users\calum\Strathclyde\third-year\CS313\parley\stage-4\lib\leptonica-1.82.0-1.5.7-linux-x86_64.jar;C:\Users\calum\Strathclyde\third-year\CS313\parley\stage-4\lib\libdc1394-2.2.6-1.5.7-linux-ppc64le.jar;C:\Users\calum\Strathclyde\third-year\CS313\parley\stage-4\lib\libdc1394-2.2.6-1.5.7-macosx-x86_64.jar;C:\Users\calum\Strathclyde\third-year\CS313\parley\stage-4\lib\libfreenect-0.5.7-1.5.7-linux-arm64.jar;C:\Users\calum\Strathclyde\third-year\CS313\parley\stage-4\lib\libfreenect-0.5.7-1.5.7-linux-armhf.jar;C:\Users\calum\Strathclyde\third-year\CS313\parley\stage-4\lib\libfreenect-0.5.7-1.5.7-windows-x86.jar;C:\Users\calum\Strathclyde\third-year\CS313\parley\stage-4\lib\librealsense-1.12.4-1.5.7-linux-x86.jar;C:\Users\calum\Strathclyde\third-year\CS313\parley\stage-4\lib\librealsense2-platform-2.50.0-1.5.7.jar;C:\Users\calum\Strathclyde\third-year\CS313\parley\stage-4\lib\openblas-0.3.19-1.5.7-android-arm64.jar;C:\Users\calum\Strathclyde\third-year\CS313\parley\stage-4\lib\openblas-0.3.19-1.5.7-linux-ppc64le.jar;C:\Users\calum\Strathclyde\third-year\CS313\parley\stage-4\lib\openblas-0.3.19-1.5.7-macosx-x86_64.jar;C:\Users\calum\Strathclyde\third-year\CS313\parley\stage-4\lib\tesseract-5.0.1-1.5.7-android-arm64.jar;C:\Users\calum\Strathclyde\third-year\CS313\parley\stage-4\lib\tesseract-5.0.1-1.5.7-linux-ppc64le.jar;C:\Users\calum\Strathclyde\third-year\CS313\parley\stage-4\lib\tesseract-5.0.1-1.5.7-macosx-x86_64.jar;C:\Users\calum\Strathclyde\third-year\CS313\parley\stage-4\lib\flycapture-2.13.3.31-1.5.7-linux-x86.jar;C:\Users\calum\Strathclyde\third-year\CS313\parley\stage-4\lib\leptonica-1.82.0-1.5.7-android-arm64.jar;C:\Users\calum\Strathclyde\third-year\CS313\parley\stage-4\lib\leptonica-1.82.0-1.5.7-linux-ppc64le.jar;C:\Users\calum\Strathclyde\third-year\CS313\parley\stage-4\lib\leptonica-1.82.0-1.5.7-macosx-x86_64.jar;C:\Users\calum\Strathclyde\third-year\CS313\parley\stage-4\lib\libdc1394-2.2.6-1.5.7-windows-x86_64.jar;C:\Users\calum\Strathclyde\third-year\CS313\parley\stage-4\lib\libfreenect-0.5.7-1.5.7-linux-x86_64.jar;C:\Users\calum\Strathclyde\third-year\CS313\parley\stage-4\lib\librealsense2-2.50.0-1.5.7-linux-x86.jar;C:\Users\calum\Strathclyde\third-year\CS313\parley\stage-4\lib\openblas-0.3.19-1.5.7-android-x86_64.jar;C:\Users\calum\Strathclyde\third-year\CS313\parley\stage-4\lib\openblas-0.3.19-1.5.7-windows-x86_64.jar;C:\Users\calum\Strathclyde\third-year\CS313\parley\stage-4\lib\tesseract-5.0.1-1.5.7-android-x86_64.jar;C:\Users\calum\Strathclyde\third-year\CS313\parley\stage-4\lib\tesseract-5.0.1-1.5.7-windows-x86_64.jar;C:\Users\calum\Strathclyde\third-year\CS313\parley\stage-4\lib\artoolkitplus-2.3.1-1.5.7-android-arm.jar;C:\Users\calum\Strathclyde\third-year\CS313\parley\stage-4\lib\artoolkitplus-2.3.1-1.5.7-android-x86.jar;C:\Users\calum\Strathclyde\third-year\CS313\parley\stage-4\lib\artoolkitplus-2.3.1-1.5.7-linux-arm64.jar;C:\Users\calum\Strathclyde\third-year\CS313\parley\stage-4\lib\artoolkitplus-2.3.1-1.5.7-linux-armhf.jar;C:\Users\calum\Strathclyde\third-year\CS313\parley\stage-4\lib\artoolkitplus-2.3.1-1.5.7-windows-x86.jar;C:\Users\calum\Strathclyde\third-year\CS313\parley\stage-4\lib\leptonica-1.82.0-1.5.7-android-x86_64.jar;C:\Users\calum\Strathclyde\third-year\CS313\parley\stage-4\lib\leptonica-1.82.0-1.5.7-windows-x86_64.jar;C:\Users\calum\Strathclyde\third-year\CS313\parley\stage-4\lib\libfreenect-0.5.7-1.5.7-linux-ppc64le.jar;C:\Users\calum\Strathclyde\third-year\CS313\parley\stage-4\lib\libfreenect-0.5.7-1.5.7-macosx-x86_64.jar;C:\Users\calum\Strathclyde\third-year\CS313\parley\stage-4\lib\libfreenect2-0.2.0-1.5.7-linux-x86_64.jar;C:\Users\calum\Strathclyde\third-year\CS313\parley\stage-4\lib\librealsense-1.12.4-1.5.7-linux-arm64.jar;C:\Users\calum\Strathclyde\third-year\CS313\parley\stage-4\lib\librealsense-1.12.4-1.5.7-linux-armhf.jar;C:\Users\calum\Strathclyde\third-year\CS313\parley\stage-4\lib\librealsense-1.12.4-1.5.7-windows-x86.jar;C:\Users\calum\Strathclyde\third-year\CS313\parley\stage-4\lib\videoinput-0.200-1.5.7-windows-x86_64.jar;C:\Users\calum\Strathclyde\third-year\CS313\parley\stage-4\lib\artoolkitplus-2.3.1-1.5.7-linux-x86_64.jar;C:\Users\calum\Strathclyde\third-year\CS313\parley\stage-4\lib\flycapture-2.13.3.31-1.5.7-linux-arm64.jar;C:\Users\calum\Strathclyde\third-year\CS313\parley\stage-4\lib\flycapture-2.13.3.31-1.5.7-linux-armhf.jar;C:\Users\calum\Strathclyde\third-year\CS313\parley\stage-4\lib\flycapture-2.13.3.31-1.5.7-windows-x86.jar;C:\Users\calum\Strathclyde\third-year\CS313\parley\stage-4\lib\libfreenect-0.5.7-1.5.7-windows-x86_64.jar;C:\Users\calum\Strathclyde\third-year\CS313\parley\stage-4\lib\libfreenect2-0.2.0-1.5.7-macosx-x86_64.jar;C:\Users\calum\Strathclyde\third-year\CS313\parley\stage-4\lib\librealsense-1.12.4-1.5.7-linux-x86_64.jar;C:\Users\calum\Strathclyde\third-year\CS313\parley\stage-4\lib\librealsense2-2.50.0-1.5.7-linux-arm64.jar;C:\Users\calum\Strathclyde\third-year\CS313\parley\stage-4\lib\librealsense2-2.50.0-1.5.7-linux-armhf.jar;C:\Users\calum\Strathclyde\third-year\CS313\parley\stage-4\lib\librealsense2-2.50.0-1.5.7-windows-x86.jar;C:\Users\calum\Strathclyde\third-year\CS313\parley\stage-4\lib\artoolkitplus-2.3.1-1.5.7-android-arm64.jar;C:\Users\calum\Strathclyde\third-year\CS313\parley\stage-4\lib\artoolkitplus-2.3.1-1.5.7-linux-ppc64le.jar;C:\Users\calum\Strathclyde\third-year\CS313\parley\stage-4\lib\artoolkitplus-2.3.1-1.5.7-macosx-x86_64.jar;C:\Users\calum\Strathclyde\third-year\CS313\parley\stage-4\lib\flycapture-2.13.3.31-1.5.7-linux-x86_64.jar;C:\Users\calum\Strathclyde\third-year\CS313\parley\stage-4\lib\libfreenect2-0.2.0-1.5.7-windows-x86_64.jar;C:\Users\calum\Strathclyde\third-year\CS313\parley\stage-4\lib\librealsense-1.12.4-1.5.7-macosx-x86_64.jar;C:\Users\calum\Strathclyde\third-year\CS313\parley\stage-4\lib\librealsense2-2.50.0-1.5.7-linux-x86_64.jar;C:\Users\calum\Strathclyde\third-year\CS313\parley\stage-4\lib\artoolkitplus-2.3.1-1.5.7-android-x86_64.jar;C:\Users\calum\Strathclyde\third-year\CS313\parley\stage-4\lib\artoolkitplus-2.3.1-1.5.7-windows-x86_64.jar;C:\Users\calum\Strathclyde\third-year\CS313\parley\stage-4\lib\librealsense-1.12.4-1.5.7-windows-x86_64.jar;C:\Users\calum\Strathclyde\third-year\CS313\parley\stage-4\lib\librealsense2-2.50.0-1.5.7-macosx-x86_64.jar;C:\Users\calum\Strathclyde\third-year\CS313\parley\stage-4\lib\flycapture-2.13.3.31-1.5.7-windows-x86_64.jar;C:\Users\calum\Strathclyde\third-year\CS313\parley\stage-4\lib\librealsense2-2.50.0-1.5.7-windows-x86_64.jar
Launcher Type: SUN_STANDARD

[Global flags]
     intx CICompilerCount                          = 4                                         {product} {ergonomic}
     uint ConcGCThreads                            = 2                                         {product} {ergonomic}
     uint G1ConcRefinementThreads                  = 8                                         {product} {ergonomic}
   size_t G1HeapRegionSize                         = 4194304                                   {product} {ergonomic}
    uintx GCDrainStackTargetSize                   = 64                                        {product} {ergonomic}
   size_t InitialHeapSize                          = 536870912                                 {product} {ergonomic}
   size_t MarkStackSize                            = 4194304                                   {product} {ergonomic}
   size_t MaxHeapSize                              = 8527020032                                {product} {ergonomic}
   size_t MaxNewSize                               = 5112856576                                {product} {ergonomic}
   size_t MinHeapDeltaBytes                        = 4194304                                   {product} {ergonomic}
   size_t MinHeapSize                              = 8388608                                   {product} {ergonomic}
    uintx NonNMethodCodeHeapSize                   = 5839372                                {pd product} {ergonomic}
    uintx NonProfiledCodeHeapSize                  = 122909434                              {pd product} {ergonomic}
    uintx ProfiledCodeHeapSize                     = 122909434                              {pd product} {ergonomic}
    uintx ReservedCodeCacheSize                    = 251658240                              {pd product} {ergonomic}
     bool SegmentedCodeCache                       = true                                      {product} {ergonomic}
   size_t SoftMaxHeapSize                          = 8527020032                             {manageable} {ergonomic}
     bool UseCompressedClassPointers               = true                           {product lp64_product} {ergonomic}
     bool UseCompressedOops                        = true                           {product lp64_product} {ergonomic}
     bool UseG1GC                                  = true                                      {product} {ergonomic}
     bool UseLargePagesIndividualAllocation        = false                                  {pd product} {ergonomic}

Logging:
Log output configuration:
 #0: stdout all=warning uptime,level,tags foldmultilines=false
 #1: stderr all=off uptime,level,tags foldmultilines=false

Environment Variables:
PATH=C:\Program Files\Common Files\Oracle\Java\javapath;C:\Program Files (x86)\Razer\ChromaBroadcast\bin;C:\Program Files\Razer\ChromaBroadcast\bin;C:\windows\system32;C:\windows;C:\windows\System32\Wbem;C:\windows\System32\WindowsPowerShell\v1.0\;C:\windows\System32\OpenSSH\;C:\Program Files\NVIDIA Corporation\NVIDIA NvDLISR;C:\Users\calum\AppData\Roaming\nvm;C:\Program Files\nodejs;C:\Program Files\Git\cmd;C:\WINDOWS\system32;C:\WINDOWS;C:\WINDOWS\System32\Wbem;C:\WINDOWS\System32\WindowsPowerShell\v1.0\;C:\WINDOWS\System32\OpenSSH\;C:\Program Files\dotnet\;C:\WINDOWS\system32\config\systemprofile\AppData\Local\Microsoft\WindowsApps;C:\Program Files\Neovim\bin;C:\ProgramData\chocolatey\bin;C:\Program Files\Docker\Docker\resources\bin;C:\WINDOWS\system32;C:\WINDOWS;C:\WINDOWS\System32\Wbem;C:\WINDOWS\System32\WindowsPowerShell\v1.0\;C:\WINDOWS\System32\OpenSSH\;C:\Program Files\Go\bin;C:\Program Files\PuTTY\;C:\Program Files (x86)\NVIDIA Corporation\PhysX\Common;C:\Users\calum\AppData\Local\Programs\Python\Python310\Scripts\;C:\Users\calum\AppData\Local\Programs\Python\Python310\;C:\Users\calum\AppData\Local\Microsoft\WindowsApps;C:\Users\calum\AppData\Local\Programs\Microsoft VS Code\bin;C:\Users\calum\AppData\Roaming\nvm;C:\Program Files\nodejs;C:\Program Files\JetBrains\IntelliJ IDEA 2022.2.2\bin;;C:\Program Files\Git\usr\bin;;C:\ghcup\bin;C:\ProgramData\mingw64\mingw64\bin;C:\Users\calum\go\bin
USERNAME=calum
OS=Windows_NT
PROCESSOR_IDENTIFIER=Intel64 Family 6 Model 140 Stepping 2, GenuineIntel
TMP=C:\Users\calum\AppData\Local\Temp
TEMP=C:\Users\calum\AppData\Local\Temp



---------------  S Y S T E M  ---------------

OS:
 Windows 11 , 64 bit Build 26100 (10.0.26100.3323)
OS uptime: 0 days 1:05 hours
Hyper-V role detected

CPU: total 8 (initial active 8) (4 cores per cpu, 2 threads per core) family 6 model 140 stepping 2 microcode 0x36, cx8, cmov, fxsr, ht, mmx, 3dnowpref, sse, sse2, sse3, ssse3, sse4.1, sse4.2, popcnt, lzcnt, tsc, tscinvbit, avx, avx2, aes, erms, clmul, bmi1, bmi2, adx, avx512f, avx512dq, avx512cd, avx512bw, avx512vl, sha, fma, vzeroupper, avx512_vpopcntdq, avx512_vpclmulqdq, avx512_vaes, avx512_vnni, clflush, clflushopt, clwb, avx512_vbmi2, avx512_vbmi, hv, rdtscp, rdpid, fsrm, gfni, avx512_bitalg

Memory: 4k page, system-wide physical 32513M (19915M free)
TotalPageFile size 34561M (AvailPageFile size 19431M)
current process WorkingSet (physical memory assigned to process): 462M, peak: 728M
current process commit charge ("private bytes"): 2297M, peak: 2568M

vm_info: OpenJDK 64-Bit Server VM (19.0.2+7-44) for windows-amd64 JRE (19.0.2+7-44), built on 2022-11-30T18:02:09Z by "mach5one" with MS VC++ 17.1 (VS2022)

END.
